Archive member included to satisfy reference by file (symbol)

/home/sabrina/intelFPGA_lite/18.0/nios2eds/bin/gnu/H-x86_64-pc-linux-gnu/bin/../lib/gcc/nios2-elf/5.3.0/../../../../../H-x86_64-pc-linux-gnu/nios2-elf/lib/mno-hw-mul/libc.a(lib_a-puts.o)
                              obj/default/hello_world.o (puts)
/home/sabrina/intelFPGA_lite/18.0/nios2eds/bin/gnu/H-x86_64-pc-linux-gnu/bin/../lib/gcc/nios2-elf/5.3.0/../../../../../H-x86_64-pc-linux-gnu/nios2-elf/lib/mno-hw-mul/libc.a(lib_a-strlen.o)
                              /home/sabrina/intelFPGA_lite/18.0/nios2eds/bin/gnu/H-x86_64-pc-linux-gnu/bin/../lib/gcc/nios2-elf/5.3.0/../../../../../H-x86_64-pc-linux-gnu/nios2-elf/lib/mno-hw-mul/libc.a(lib_a-puts.o) (strlen)
/home/sabrina/intelFPGA_lite/18.0/nios2eds/bin/gnu/H-x86_64-pc-linux-gnu/bin/../lib/gcc/nios2-elf/5.3.0/../../../../../H-x86_64-pc-linux-gnu/nios2-elf/lib/mno-hw-mul/libc.a(lib_a-findfp.o)
                              /home/sabrina/intelFPGA_lite/18.0/nios2eds/bin/gnu/H-x86_64-pc-linux-gnu/bin/../lib/gcc/nios2-elf/5.3.0/../../../../../H-x86_64-pc-linux-gnu/nios2-elf/lib/mno-hw-mul/libc.a(lib_a-puts.o) (__sinit)
/home/sabrina/intelFPGA_lite/18.0/nios2eds/bin/gnu/H-x86_64-pc-linux-gnu/bin/../lib/gcc/nios2-elf/5.3.0/../../../../../H-x86_64-pc-linux-gnu/nios2-elf/lib/mno-hw-mul/libc.a(lib_a-fvwrite.o)
                              /home/sabrina/intelFPGA_lite/18.0/nios2eds/bin/gnu/H-x86_64-pc-linux-gnu/bin/../lib/gcc/nios2-elf/5.3.0/../../../../../H-x86_64-pc-linux-gnu/nios2-elf/lib/mno-hw-mul/libc.a(lib_a-puts.o) (__sfvwrite_r)
/home/sabrina/intelFPGA_lite/18.0/nios2eds/bin/gnu/H-x86_64-pc-linux-gnu/bin/../lib/gcc/nios2-elf/5.3.0/../../../../../H-x86_64-pc-linux-gnu/nios2-elf/lib/mno-hw-mul/libc.a(lib_a-fwalk.o)
                              /home/sabrina/intelFPGA_lite/18.0/nios2eds/bin/gnu/H-x86_64-pc-linux-gnu/bin/../lib/gcc/nios2-elf/5.3.0/../../../../../H-x86_64-pc-linux-gnu/nios2-elf/lib/mno-hw-mul/libc.a(lib_a-findfp.o) (_fwalk)
/home/sabrina/intelFPGA_lite/18.0/nios2eds/bin/gnu/H-x86_64-pc-linux-gnu/bin/../lib/gcc/nios2-elf/5.3.0/../../../../../H-x86_64-pc-linux-gnu/nios2-elf/lib/mno-hw-mul/libc.a(lib_a-impure.o)
                              /home/sabrina/intelFPGA_lite/18.0/nios2eds/bin/gnu/H-x86_64-pc-linux-gnu/bin/../lib/gcc/nios2-elf/5.3.0/../../../../../H-x86_64-pc-linux-gnu/nios2-elf/lib/mno-hw-mul/libc.a(lib_a-findfp.o) (_global_impure_ptr)
/home/sabrina/intelFPGA_lite/18.0/nios2eds/bin/gnu/H-x86_64-pc-linux-gnu/bin/../lib/gcc/nios2-elf/5.3.0/../../../../../H-x86_64-pc-linux-gnu/nios2-elf/lib/mno-hw-mul/libc.a(lib_a-mallocr.o)
                              /home/sabrina/intelFPGA_lite/18.0/nios2eds/bin/gnu/H-x86_64-pc-linux-gnu/bin/../lib/gcc/nios2-elf/5.3.0/../../../../../H-x86_64-pc-linux-gnu/nios2-elf/lib/mno-hw-mul/libc.a(lib_a-findfp.o) (_malloc_r)
/home/sabrina/intelFPGA_lite/18.0/nios2eds/bin/gnu/H-x86_64-pc-linux-gnu/bin/../lib/gcc/nios2-elf/5.3.0/../../../../../H-x86_64-pc-linux-gnu/nios2-elf/lib/mno-hw-mul/libc.a(lib_a-memchr.o)
                              /home/sabrina/intelFPGA_lite/18.0/nios2eds/bin/gnu/H-x86_64-pc-linux-gnu/bin/../lib/gcc/nios2-elf/5.3.0/../../../../../H-x86_64-pc-linux-gnu/nios2-elf/lib/mno-hw-mul/libc.a(lib_a-fvwrite.o) (memchr)
/home/sabrina/intelFPGA_lite/18.0/nios2eds/bin/gnu/H-x86_64-pc-linux-gnu/bin/../lib/gcc/nios2-elf/5.3.0/../../../../../H-x86_64-pc-linux-gnu/nios2-elf/lib/mno-hw-mul/libc.a(lib_a-memcpy.o)
                              /home/sabrina/intelFPGA_lite/18.0/nios2eds/bin/gnu/H-x86_64-pc-linux-gnu/bin/../lib/gcc/nios2-elf/5.3.0/../../../../../H-x86_64-pc-linux-gnu/nios2-elf/lib/mno-hw-mul/libc.a(lib_a-fvwrite.o) (memcpy)
/home/sabrina/intelFPGA_lite/18.0/nios2eds/bin/gnu/H-x86_64-pc-linux-gnu/bin/../lib/gcc/nios2-elf/5.3.0/../../../../../H-x86_64-pc-linux-gnu/nios2-elf/lib/mno-hw-mul/libc.a(lib_a-memmove.o)
                              /home/sabrina/intelFPGA_lite/18.0/nios2eds/bin/gnu/H-x86_64-pc-linux-gnu/bin/../lib/gcc/nios2-elf/5.3.0/../../../../../H-x86_64-pc-linux-gnu/nios2-elf/lib/mno-hw-mul/libc.a(lib_a-fvwrite.o) (memmove)
/home/sabrina/intelFPGA_lite/18.0/nios2eds/bin/gnu/H-x86_64-pc-linux-gnu/bin/../lib/gcc/nios2-elf/5.3.0/../../../../../H-x86_64-pc-linux-gnu/nios2-elf/lib/mno-hw-mul/libc.a(lib_a-memset.o)
                              /home/sabrina/intelFPGA_lite/18.0/nios2eds/bin/gnu/H-x86_64-pc-linux-gnu/bin/../lib/gcc/nios2-elf/5.3.0/../../../../../H-x86_64-pc-linux-gnu/nios2-elf/lib/mno-hw-mul/libc.a(lib_a-findfp.o) (memset)
/home/sabrina/intelFPGA_lite/18.0/nios2eds/bin/gnu/H-x86_64-pc-linux-gnu/bin/../lib/gcc/nios2-elf/5.3.0/../../../../../H-x86_64-pc-linux-gnu/nios2-elf/lib/mno-hw-mul/libc.a(lib_a-reallocr.o)
                              /home/sabrina/intelFPGA_lite/18.0/nios2eds/bin/gnu/H-x86_64-pc-linux-gnu/bin/../lib/gcc/nios2-elf/5.3.0/../../../../../H-x86_64-pc-linux-gnu/nios2-elf/lib/mno-hw-mul/libc.a(lib_a-fvwrite.o) (_realloc_r)
[...]
Memory Configuration

Name             Origin             Length             Attributes
reset            0x0000000000080000 0x0000000000000020
onchip_memory2_0 0x0000000000080020 0x0000000000027fe0
*default*        0x0000000000000000 0xffffffffffffffff

Linker script and memory map

LOAD ../Hello2_bsp//obj/HAL/src/crt0.o
LOAD obj/default/hello_world.o
LOAD /home/sabrina/intelFPGA_lite/18.0/nios2eds/bin/gnu/H-x86_64-pc-linux-gnu/bin/../lib/gcc/nios2-elf/5.3.0/../../../../../H-x86_64-pc-linux-gnu/nios2-elf/lib/mno-hw-mul/libstdc++.a
LOAD /home/sabrina/intelFPGA_lite/18.0/nios2eds/bin/gnu/H-x86_64-pc-linux-gnu/bin/../lib/gcc/nios2-elf/5.3.0/../../../../../H-x86_64-pc-linux-gnu/nios2-elf/lib/mno-hw-mul/libm.a
LOAD /home/sabrina/intelFPGA_lite/18.0/nios2eds/bin/gnu/H-x86_64-pc-linux-gnu/bin/../lib/gcc/nios2-elf/5.3.0/mno-hw-mul/libgcc.a
START GROUP
LOAD /home/sabrina/intelFPGA_lite/18.0/nios2eds/bin/gnu/H-x86_64-pc-linux-gnu/bin/../lib/gcc/nios2-elf/5.3.0/../../../../../H-x86_64-pc-linux-gnu/nios2-elf/lib/mno-hw-mul/libc.a
LOAD /home/sabrina/intelFPGA_lite/18.0/nios2eds/bin/gnu/H-x86_64-pc-linux-gnu/bin/../lib/gcc/nios2-elf/5.3.0/mno-hw-mul/libgcc.a
LOAD ../Hello2_bsp//libhal_bsp.a
LOAD /home/sabrina/intelFPGA_lite/18.0/nios2eds/bin/gnu/H-x86_64-pc-linux-gnu/bin/../lib/gcc/nios2-elf/5.3.0/../../../../../H-x86_64-pc-linux-gnu/nios2-elf/lib/mno-hw-mul/libm.a
END GROUP
LOAD /home/sabrina/intelFPGA_lite/18.0/nios2eds/bin/gnu/H-x86_64-pc-linux-gnu/bin/../lib/gcc/nios2-elf/5.3.0/mno-hw-mul/libgcc.a
                0x0000000000080000                __alt_mem_onchip_memory2_0 = 0x80000

.entry          0x0000000000080000       0x20
 *(.entry)
 .entry         0x0000000000080000       0x20 ../Hello2_bsp//obj/HAL/src/crt0.o
                0x0000000000080000                __reset

.exceptions     0x0000000000080020      0x210
                0x0000000000080020                PROVIDE (__ram_exceptions_start, ABSOLUTE (.))
                0x0000000000080020                . = ALIGN (0x20)
 *(.irq)
 *(.exceptions.entry.label)
 .exceptions.entry.label
                0x0000000000080020        0x0 ../Hello2_bsp//libhal_bsp.a(alt_irq_entry.o)
                0x0000000000080020                alt_irq_entry
 .exceptions.entry.label
                0x0000000000080020        0x0 ../Hello2_bsp//libhal_bsp.a(alt_exception_entry.o)
                0x0000000000080020                alt_exception
 *(.exceptions.entry.user)
 *(.exceptions.entry.ecc_fatal)
 *(.exceptions.entry)
 .exceptions.entry
                0x0000000000080020       0x54 ../Hello2_bsp//libhal_bsp.a(alt_exception_entry.o)
 *(.exceptions.irqtest.user)
 *(.exceptions.irqtest)
 .exceptions.irqtest
                0x0000000000080074       0x10 ../Hello2_bsp//libhal_bsp.a(alt_irq_entry.o)
 *(.exceptions.irqhandler.user)
 *(.exceptions.irqhandler)
 .exceptions.irqhandler
                0x0000000000080084        0x4 ../Hello2_bsp//libhal_bsp.a(alt_irq_entry.o)
 *(.exceptions.irqreturn.user)
 *(.exceptions.irqreturn)
 .exceptions.irqreturn
                0x0000000000080088        0x4 ../Hello2_bsp//libhal_bsp.a(alt_irq_entry.o)
 *(.exceptions.notirq.label)
 .exceptions.notirq.label
                0x000000000008008c        0x0 ../Hello2_bsp//libhal_bsp.a(alt_irq_entry.o)
 *(.exceptions.notirq.user)
 *(.exceptions.notirq)
 .exceptions.notirq
                0x000000000008008c        0x8 ../Hello2_bsp//libhal_bsp.a(alt_exception_entry.o)
 *(.exceptions.soft.user)
 *(.exceptions.soft)
 *(.exceptions.unknown.user)
 *(.exceptions.unknown)
 .exceptions.unknown
                0x0000000000080094       0x14 ../Hello2_bsp//libhal_bsp.a(alt_exception_entry.o)
 *(.exceptions.exit.label)
 .exceptions.exit.label
                0x00000000000800a8        0x0 ../Hello2_bsp//libhal_bsp.a(alt_irq_entry.o)
 .exceptions.exit.label
                0x00000000000800a8        0x0 ../Hello2_bsp//libhal_bsp.a(alt_exception_entry.o)
 *(.exceptions.exit.user)
 *(.exceptions.exit)
 .exceptions.exit
                0x00000000000800a8       0x54 ../Hello2_bsp//libhal_bsp.a(alt_exception_entry.o)
 *(.exceptions)
 .exceptions    0x00000000000800fc       0xd4 ../Hello2_bsp//libhal_bsp.a(alt_irq_handler.o)
                0x00000000000800fc                alt_irq_handler
 .exceptions    0x00000000000801d0       0x60 ../Hello2_bsp//libhal_bsp.a(alt_instruction_exception_entry.o)
                0x00000000000801d0                alt_instruction_exception_entry
                0x0000000000080230                PROVIDE (__ram_exceptions_end, ABSOLUTE (.))
                0x0000000000080020                PROVIDE (__flash_exceptions_start, LOADADDR (.exceptions))

.text           0x0000000000080230     0x5a28
                [!provide]                        PROVIDE (stext, ABSOLUTE (.))
 *(.interp)
 *(.hash)
 *(.dynsym)
 *(.dynstr)
 *(.gnu.version)
 *(.gnu.version_d)
 *(.gnu.version_r)
 *(.rel.init)
 *(.rela.init)
 *(.rel.text .rel.text.* .rel.gnu.linkonce.t.*)
 *(.rela.text .rela.text.* .rela.gnu.linkonce.t.*)
 *(.rel.fini)
 *(.rela.fini)
 *(.rel.rodata .rel.rodata.* .rel.gnu.linkonce.r.*)
 *(.rela.rodata .rela.rodata.* .rela.gnu.linkonce.r.*)
 *(.rel.data .rel.data.* .rel.gnu.linkonce.d.*)
 *(.rela.data .rela.data.* .rela.gnu.linkonce.d.*)
 *(.rel.tdata .rel.tdata.* .rel.gnu.linkonce.td.*)
 *(.rela.tdata .rela.tdata.* .rela.gnu.linkonce.td.*)
 *(.rel.tbss .rel.tbss.* .rel.gnu.linkonce.tb.*)
 *(.rela.tbss .rela.tbss.* .rela.gnu.linkonce.tb.*)
 *(.rel.ctors)
 *(.rela.ctors)
 *(.rel.dtors)
 *(.rela.dtors)
 *(.rel.got)
 *(.rela.got)
 *(.rel.sdata .rel.sdata.* .rel.gnu.linkonce.s.*)
 *(.rela.sdata .rela.sdata.* .rela.gnu.linkonce.s.*)
 *(.rel.sbss .rel.sbss.* .rel.gnu.linkonce.sb.*)
 *(.rela.sbss .rela.sbss.* .rela.gnu.linkonce.sb.*)
 *(.rel.sdata2 .rel.sdata2.* .rel.gnu.linkonce.s2.*)
 *(.rela.sdata2 .rela.sdata2.* .rela.gnu.linkonce.s2.*)
 *(.rel.sbss2 .rel.sbss2.* .rel.gnu.linkonce.sb2.*)
 *(.rela.sbss2 .rela.sbss2.* .rela.gnu.linkonce.sb2.*)
 *(.rel.bss .rel.bss.* .rel.gnu.linkonce.b.*)
 *(.rela.bss .rela.bss.* .rela.gnu.linkonce.b.*)
 *(.rel.plt)
 *(.rela.plt)
 *(.rel.dyn)
 *(.init)
 *(.plt)
 *(.text .stub .text.* .gnu.linkonce.t.*)
 .text          0x0000000000080230       0x3c ../Hello2_bsp//obj/HAL/src/crt0.o
                0x0000000000080230                _start
 .text          0x000000000008026c      0x244 obj/default/hello_world.o
                0x0000000000080404                main
 .text          0x00000000000804b0        0x0 /home/sabrina/intelFPGA_lite/18.0/nios2eds/bin/gnu/H-x86_64-pc-linux-gnu/bin/../lib/gcc/nios2-elf/5.3.0/../../../../../H-x86_64-pc-linux-gnu/nios2-elf/lib/mno-hw-mul/libc.a(lib_a-puts.o)
 .text._puts_r  0x00000000000804b0       0xc0 /home/sabrina/intelFPGA_lite/18.0/nios2eds/bin/gnu/H-x86_64-pc-linux-gnu/bin/../lib/gcc/nios2-elf/5.3.0/../../../../../H-x86_64-pc-linux-gnu/nios2-elf/lib/mno-hw-mul/libc.a(lib_a-puts.o)
                0x00000000000804b0                _puts_r
 .text.puts     0x0000000000080570       0x14 /home/sabrina/intelFPGA_lite/18.0/nios2eds/bin/gnu/H-x86_64-pc-linux-gnu/bin/../lib/gcc/nios2-elf/5.3.0/../../../../../H-x86_64-pc-linux-gnu/nios2-elf/lib/mno-hw-mul/libc.a(lib_a-puts.o)
                0x0000000000080570                puts
 .text          0x0000000000080584        0x0 /home/sabrina/intelFPGA_lite/18.0/nios2eds/bin/gnu/H-x86_64-pc-linux-gnu/bin/../lib/gcc/nios2-elf/5.3.0/../../../../../H-x86_64-pc-linux-gnu/nios2-elf/lib/mno-hw-mul/libc.a(lib_a-strlen.o)
 .text.strlen   0x0000000000080584       0x98 /home/sabrina/intelFPGA_lite/18.0/nios2eds/bin/gnu/H-x86_64-pc-linux-gnu/bin/../lib/gcc/nios2-elf/5.3.0/../../../../../H-x86_64-pc-linux-gnu/nios2-elf/lib/mno-hw-mul/libc.a(lib_a-strlen.o)
                0x0000000000080584                strlen
 .text          0x000000000008061c        0x0 /home/sabrina/intelFPGA_lite/18.0/nios2eds/bin/gnu/H-x86_64-pc-linux-gnu/bin/../lib/gcc/nios2-elf/5.3.0/../../../../../H-x86_64-pc-linux-gnu/nios2-elf/lib/mno-hw-mul/libc.a(lib_a-findfp.o)
 .text.__fp_unlock
                0x000000000008061c        0x8 /home/sabrina/intelFPGA_lite/18.0/nios2eds/bin/gnu/H-x86_64-pc-linux-gnu/bin/../lib/gcc/nios2-elf/5.3.0/../../../../../H-x86_64-pc-linux-gnu/nios2-elf/lib/mno-hw-mul/libc.a(lib_a-findfp.o)
 .text._cleanup_r
                0x0000000000080624        0xc /home/sabrina/intelFPGA_lite/18.0/nios2eds/bin/gnu/H-x86_64-pc-linux-gnu/bin/../lib/gcc/nios2-elf/5.3.0/../../../../../H-x86_64-pc-linux-gnu/nios2-elf/lib/mno-hw-mul/libc.a(lib_a-findfp.o)
                0x0000000000080624                _cleanup_r
 .text.__sinit.part.1
                0x0000000000080630      0x19c /home/sabrina/intelFPGA_lite/18.0/nios2eds/bin/gnu/H-x86_64-pc-linux-gnu/bin/../lib/gcc/nios2-elf/5.3.0/../../../../../H-x86_64-pc-linux-gnu/nios2-elf/lib/mno-hw-mul/libc.a(lib_a-findfp.o)
 .text.__fp_lock
                0x00000000000807cc        0x8 /home/sabrina/intelFPGA_lite/18.0/nios2eds/bin/gnu/H-x86_64-pc-linux-gnu/bin/../lib/gcc/nios2-elf/5.3.0/../../../../../H-x86_64-pc-linux-gnu/nios2-elf/lib/mno-hw-mul/libc.a(lib_a-findfp.o)
 .text.__sfmoreglue
                0x00000000000807d4       0x78 /home/sabrina/intelFPGA_lite/18.0/nios2eds/bin/gnu/H-x86_64-pc-linux-gnu/bin/../lib/gcc/nios2-elf/5.3.0/../../../../../H-x86_64-pc-linux-gnu/nios2-elf/lib/mno-hw-mul/libc.a(lib_a-findfp.o)
                0x00000000000807d4                __sfmoreglue
 .text.__sfp    0x000000000008084c      0x118 /home/sabrina/intelFPGA_lite/18.0/nios2eds/bin/gnu/H-x86_64-pc-linux-gnu/bin/../lib/gcc/nios2-elf/5.3.0/../../../../../H-x86_64-pc-linux-gnu/nios2-elf/lib/mno-hw-mul/libc.a(lib_a-findfp.o)
                0x000000000008084c                __sfp
 .text._cleanup
                0x0000000000080964       0x18 /home/sabrina/intelFPGA_lite/18.0/nios2eds/bin/gnu/H-x86_64-pc-linux-gnu/bin/../lib/gcc/nios2-elf/5.3.0/../../../../../H-x86_64-pc-linux-gnu/nios2-elf/lib/mno-hw-mul/libc.a(lib_a-findfp.o)
                0x0000000000080964                _cleanup
 .text.__sinit  0x000000000008097c       0x10 /home/sabrina/intelFPGA_lite/18.0/nios2eds/bin/gnu/H-x86_64-pc-linux-gnu/bin/../lib/gcc/nios2-elf/5.3.0/../../../../../H-x86_64-pc-linux-gnu/nios2-elf/lib/mno-hw-mul/libc.a(lib_a-findfp.o)
                0x000000000008097c                __sinit
 .text.__sfp_lock_acquire
                0x000000000008098c        0x4 /home/sabrina/intelFPGA_lite/18.0/nios2eds/bin/gnu/H-x86_64-pc-linux-gnu/bin/../lib/gcc/nios2-elf/5.3.0/../../../../../H-x86_64-pc-linux-gnu/nios2-elf/lib/mno-hw-mul/libc.a(lib_a-findfp.o)
                0x000000000008098c                __sfp_lock_acquire
 .text.__sfp_lock_release
                0x0000000000080990        0x4 /home/sabrina/intelFPGA_lite/18.0/nios2eds/bin/gnu/H-x86_64-pc-linux-gnu/bin/../lib/gcc/nios2-elf/5.3.0/../../../../../H-x86_64-pc-linux-gnu/nios2-elf/lib/mno-hw-mul/libc.a(lib_a-findfp.o)
                0x0000000000080990                __sfp_lock_release
 .text.__sinit_lock_acquire
                0x0000000000080994        0x4 /home/sabrina/intelFPGA_lite/18.0/nios2eds/bin/gnu/H-x86_64-pc-linux-gnu/bin/../lib/gcc/nios2-elf/5.3.0/../../../../../H-x86_64-pc-linux-gnu/nios2-elf/lib/mno-hw-mul/libc.a(lib_a-findfp.o)
                0x0000000000080994                __sinit_lock_acquire
 .text.__sinit_lock_release
                0x0000000000080998        0x4 /home/sabrina/intelFPGA_lite/18.0/nios2eds/bin/gnu/H-x86_64-pc-linux-gnu/bin/../lib/gcc/nios2-elf/5.3.0/../../../../../H-x86_64-pc-linux-gnu/nios2-elf/lib/mno-hw-mul/libc.a(lib_a-findfp.o)
                0x0000000000080998                __sinit_lock_release
 .text.__fp_lock_all
                0x000000000008099c       0x18 /home/sabrina/intelFPGA_lite/18.0/nios2eds/bin/gnu/H-x86_64-pc-linux-gnu/bin/../lib/gcc/nios2-elf/5.3.0/../../../../../H-x86_64-pc-linux-gnu/nios2-elf/lib/mno-hw-mul/libc.a(lib_a-findfp.o)
                0x000000000008099c                __fp_lock_all
 .text.__fp_unlock_all
                0x00000000000809b4       0x18 /home/sabrina/intelFPGA_lite/18.0/nios2eds/bin/gnu/H-x86_64-pc-linux-gnu/bin/../lib/gcc/nios2-elf/5.3.0/../../../../../H-x86_64-pc-linux-gnu/nios2-elf/lib/mno-hw-mul/libc.a(lib_a-findfp.o)
                0x00000000000809b4                __fp_unlock_all
 .text          0x00000000000809cc        0x0 /home/sabrina/intelFPGA_lite/18.0/nios2eds/bin/gnu/H-x86_64-pc-linux-gnu/bin/../lib/gcc/nios2-elf/5.3.0/../../../../../H-x86_64-pc-linux-gnu/nios2-elf/lib/mno-hw-mul/libc.a(lib_a-fvwrite.o)
 .text.__sfvwrite_r
                0x00000000000809cc      0x4c8 /home/sabrina/intelFPGA_lite/18.0/nios2eds/bin/gnu/H-x86_64-pc-linux-gnu/bin/../lib/gcc/nios2-elf/5.3.0/../../../../../H-x86_64-pc-linux-gnu/nios2-elf/lib/mno-hw-mul/libc.a(lib_a-fvwrite.o)
                0x00000000000809cc                __sfvwrite_r
 .text          0x0000000000080e94        0x0 /home/sabrina/intelFPGA_lite/18.0/nios2eds/bin/gnu/H-x86_64-pc-linux-gnu/bin/../lib/gcc/nios2-elf/5.3.0/../../../../../H-x86_64-pc-linux-gnu/nios2-elf/lib/mno-hw-mul/libc.a(lib_a-fwalk.o)
 .text._fwalk   0x0000000000080e94       0xc4 /home/sabrina/intelFPGA_lite/18.0/nios2eds/bin/gnu/H-x86_64-pc-linux-gnu/bin/../lib/gcc/nios2-elf/5.3.0/../../../../../H-x86_64-pc-linux-gnu/nios2-elf/lib/mno-hw-mul/libc.a(lib_a-fwalk.o)
                0x0000000000080e94                _fwalk
 .text._fwalk_reent
                0x0000000000080f58       0xc4 /home/sabrina/intelFPGA_lite/18.0/nios2eds/bin/gnu/H-x86_64-pc-linux-gnu/bin/../lib/gcc/nios2-elf/5.3.0/../../../../../H-x86_64-pc-linux-gnu/nios2-elf/lib/mno-hw-mul/libc.a(lib_a-fwalk.o)
                0x0000000000080f58                _fwalk_reent
 .text          0x000000000008101c        0x0 /home/sabrina/intelFPGA_lite/18.0/nios2eds/bin/gnu/H-x86_64-pc-linux-gnu/bin/../lib/gcc/nios2-elf/5.3.0/../../../../../H-x86_64-pc-linux-gnu/nios2-elf/lib/mno-hw-mul/libc.a(lib_a-impure.o)
 .text          0x000000000008101c        0x0 /home/sabrina/intelFPGA_lite/18.0/nios2eds/bin/gnu/H-x86_64-pc-linux-gnu/bin/../lib/gcc/nios2-elf/5.3.0/../../../../../H-x86_64-pc-linux-gnu/nios2-elf/lib/mno-hw-mul/libc.a(lib_a-mallocr.o)
 .text._malloc_r
                0x000000000008101c      0x80c /home/sabrina/intelFPGA_lite/18.0/nios2eds/bin/gnu/H-x86_64-pc-linux-gnu/bin/../lib/gcc/nios2-elf/5.3.0/../../../../../H-x86_64-pc-linux-gnu/nios2-elf/lib/mno-hw-mul/libc.a(lib_a-mallocr.o)
                0x000000000008101c                _malloc_r
 .text          0x0000000000081828        0x0 /home/sabrina/intelFPGA_lite/18.0/nios2eds/bin/gnu/H-x86_64-pc-linux-gnu/bin/../lib/gcc/nios2-elf/5.3.0/../../../../../H-x86_64-pc-linux-gnu/nios2-elf/lib/mno-hw-mul/libc.a(lib_a-memchr.o)
 .text.memchr   0x0000000000081828       0xe4 /home/sabrina/intelFPGA_lite/18.0/nios2eds/bin/gnu/H-x86_64-pc-linux-gnu/bin/../lib/gcc/nios2-elf/5.3.0/../../../../../H-x86_64-pc-linux-gnu/nios2-elf/lib/mno-hw-mul/libc.a(lib_a-memchr.o)
                0x0000000000081828                memchr
 .text          0x000000000008190c        0x0 /home/sabrina/intelFPGA_lite/18.0/nios2eds/bin/gnu/H-x86_64-pc-linux-gnu/bin/../lib/gcc/nios2-elf/5.3.0/../../../../../H-x86_64-pc-linux-gnu/nios2-elf/lib/mno-hw-mul/libc.a(lib_a-memcpy.o)
 .text.memcpy   0x000000000008190c      0x148 /home/sabrina/intelFPGA_lite/18.0/nios2eds/bin/gnu/H-x86_64-pc-linux-gnu/bin/../lib/gcc/nios2-elf/5.3.0/../../../../../H-x86_64-pc-linux-gnu/nios2-elf/lib/mno-hw-mul/libc.a(lib_a-memcpy.o)
                0x000000000008190c                memcpy
 .text          0x0000000000081a54        0x0 /home/sabrina/intelFPGA_lite/18.0/nios2eds/bin/gnu/H-x86_64-pc-linux-gnu/bin/../lib/gcc/nios2-elf/5.3.0/../../../../../H-x86_64-pc-linux-gnu/nios2-elf/lib/mno-hw-mul/libc.a(lib_a-memmove.o)
 .text.memmove  0x0000000000081a54      0x15c /home/sabrina/intelFPGA_lite/18.0/nios2eds/bin/gnu/H-x86_64-pc-linux-gnu/bin/../lib/gcc/nios2-elf/5.3.0/../../../../../H-x86_64-pc-linux-gnu/nios2-elf/lib/mno-hw-mul/libc.a(lib_a-memmove.o)
                0x0000000000081a54                memmove
 .text          0x0000000000081bb0        0x0 /home/sabrina/intelFPGA_lite/18.0/nios2eds/bin/gnu/H-x86_64-pc-linux-gnu/bin/../lib/gcc/nios2-elf/5.3.0/../../../../../H-x86_64-pc-linux-gnu/nios2-elf/lib/mno-hw-mul/libc.a(lib_a-memset.o)
 .text.memset   0x0000000000081bb0      0x128 /home/sabrina/intelFPGA_lite/18.0/nios2eds/bin/gnu/H-x86_64-pc-linux-gnu/bin/../lib/gcc/nios2-elf/5.3.0/../../../../../H-x86_64-pc-linux-gnu/nios2-elf/lib/mno-hw-mul/libc.a(lib_a-memset.o)
                0x0000000000081bb0                memset
 .text          0x0000000000081cd8        0x0 /home/sabrina/intelFPGA_lite/18.0/nios2eds/bin/gnu/H-x86_64-pc-linux-gnu/bin/../lib/gcc/nios2-elf/5.3.0/../../../../../H-x86_64-pc-linux-gnu/nios2-elf/lib/mno-hw-mul/libc.a(lib_a-reallocr.o)
 .text._realloc_r
                0x0000000000081cd8      0x564 /home/sabrina/intelFPGA_lite/18.0/nios2eds/bin/gnu/H-x86_64-pc-linux-gnu/bin/../lib/gcc/nios2-elf/5.3.0/../../../../../H-x86_64-pc-linux-gnu/nios2-elf/lib/mno-hw-mul/libc.a(lib_a-reallocr.o)
                0x0000000000081cd8                _realloc_r
 .text          0x000000000008223c        0x0 /home/sabrina/intelFPGA_lite/18.0/nios2eds/bin/gnu/H-x86_64-pc-linux-gnu/bin/../lib/gcc/nios2-elf/5.3.0/../../../../../H-x86_64-pc-linux-gnu/nios2-elf/lib/mno-hw-mul/libc.a(lib_a-sbrkr.o)
 .text._sbrk_r  0x000000000008223c       0x54 /home/sabrina/intelFPGA_lite/18.0/nios2eds/bin/gnu/H-x86_64-pc-linux-gnu/bin/../lib/gcc/nios2-elf/5.3.0/../../../../../H-x86_64-pc-linux-gnu/nios2-elf/lib/mno-hw-mul/libc.a(lib_a-sbrkr.o)
                0x000000000008223c                _sbrk_r
 .text          0x0000000000082290        0x0 /home/sabrina/intelFPGA_lite/18.0/nios2eds/bin/gnu/H-x86_64-pc-linux-gnu/bin/../lib/gcc/nios2-elf/5.3.0/../../../../../H-x86_64-pc-linux-gnu/nios2-elf/lib/mno-hw-mul/libc.a(lib_a-stdio.o)
 .text.__sread  0x0000000000082290       0x54 /home/sabrina/intelFPGA_lite/18.0/nios2eds/bin/gnu/H-x86_64-pc-linux-gnu/bin/../lib/gcc/nios2-elf/5.3.0/../../../../../H-x86_64-pc-linux-gnu/nios2-elf/lib/mno-hw-mul/libc.a(lib_a-stdio.o)
                0x0000000000082290                __sread
 .text.__seofread
                0x00000000000822e4        0x8 /home/sabrina/intelFPGA_lite/18.0/nios2eds/bin/gnu/H-x86_64-pc-linux-gnu/bin/../lib/gcc/nios2-elf/5.3.0/../../../../../H-x86_64-pc-linux-gnu/nios2-elf/lib/mno-hw-mul/libc.a(lib_a-stdio.o)
                0x00000000000822e4                __seofread
 .text.__swrite
                0x00000000000822ec       0x7c /home/sabrina/intelFPGA_lite/18.0/nios2eds/bin/gnu/H-x86_64-pc-linux-gnu/bin/../lib/gcc/nios2-elf/5.3.0/../../../../../H-x86_64-pc-linux-gnu/nios2-elf/lib/mno-hw-mul/libc.a(lib_a-stdio.o)
                0x00000000000822ec                __swrite
 .text.__sseek  0x0000000000082368       0x5c /home/sabrina/intelFPGA_lite/18.0/nios2eds/bin/gnu/H-x86_64-pc-linux-gnu/bin/../lib/gcc/nios2-elf/5.3.0/../../../../../H-x86_64-pc-linux-gnu/nios2-elf/lib/mno-hw-mul/libc.a(lib_a-stdio.o)
                0x0000000000082368                __sseek
 .text.__sclose
                0x00000000000823c4        0x8 /home/sabrina/intelFPGA_lite/18.0/nios2eds/bin/gnu/H-x86_64-pc-linux-gnu/bin/../lib/gcc/nios2-elf/5.3.0/../../../../../H-x86_64-pc-linux-gnu/nios2-elf/lib/mno-hw-mul/libc.a(lib_a-stdio.o)
                0x00000000000823c4                __sclose
 .text          0x00000000000823cc        0x0 /home/sabrina/intelFPGA_lite/18.0/nios2eds/bin/gnu/H-x86_64-pc-linux-gnu/bin/../lib/gcc/nios2-elf/5.3.0/../../../../../H-x86_64-pc-linux-gnu/nios2-elf/lib/mno-hw-mul/libc.a(lib_a-writer.o)
 .text._write_r
                0x00000000000823cc       0x60 /home/sabrina/intelFPGA_lite/18.0/nios2eds/bin/gnu/H-x86_64-pc-linux-gnu/bin/../lib/gcc/nios2-elf/5.3.0/../../../../../H-x86_64-pc-linux-gnu/nios2-elf/lib/mno-hw-mul/libc.a(lib_a-writer.o)
                0x00000000000823cc                _write_r
 .text          0x000000000008242c        0x0 /home/sabrina/intelFPGA_lite/18.0/nios2eds/bin/gnu/H-x86_64-pc-linux-gnu/bin/../lib/gcc/nios2-elf/5.3.0/../../../../../H-x86_64-pc-linux-gnu/nios2-elf/lib/mno-hw-mul/libc.a(lib_a-wsetup.o)
 .text.__swsetup_r
                0x000000000008242c      0x154 /home/sabrina/intelFPGA_lite/18.0/nios2eds/bin/gnu/H-x86_64-pc-linux-gnu/bin/../lib/gcc/nios2-elf/5.3.0/../../../../../H-x86_64-pc-linux-gnu/nios2-elf/lib/mno-hw-mul/libc.a(lib_a-wsetup.o)
                0x000000000008242c                __swsetup_r
 .text          0x0000000000082580        0x0 /home/sabrina/intelFPGA_lite/18.0/nios2eds/bin/gnu/H-x86_64-pc-linux-gnu/bin/../lib/gcc/nios2-elf/5.3.0/../../../../../H-x86_64-pc-linux-gnu/nios2-elf/lib/mno-hw-mul/libc.a(closer.o)
 .text._close_r
                0x0000000000082580       0x54 /home/sabrina/intelFPGA_lite/18.0/nios2eds/bin/gnu/H-x86_64-pc-linux-gnu/bin/../lib/gcc/nios2-elf/5.3.0/../../../../../H-x86_64-pc-linux-gnu/nios2-elf/lib/mno-hw-mul/libc.a(closer.o)
                0x0000000000082580                _close_r
 .text          0x00000000000825d4        0x0 /home/sabrina/intelFPGA_lite/18.0/nios2eds/bin/gnu/H-x86_64-pc-linux-gnu/bin/../lib/gcc/nios2-elf/5.3.0/../../../../../H-x86_64-pc-linux-gnu/nios2-elf/lib/mno-hw-mul/libc.a(lib_a-fclose.o)
 .text._fclose_r
                0x00000000000825d4       0xf0 /home/sabrina/intelFPGA_lite/18.0/nios2eds/bin/gnu/H-x86_64-pc-linux-gnu/bin/../lib/gcc/nios2-elf/5.3.0/../../../../../H-x86_64-pc-linux-gnu/nios2-elf/lib/mno-hw-mul/libc.a(lib_a-fclose.o)
                0x00000000000825d4                _fclose_r
 .text.fclose   0x00000000000826c4       0x14 /home/sabrina/intelFPGA_lite/18.0/nios2eds/bin/gnu/H-x86_64-pc-linux-gnu/bin/../lib/gcc/nios2-elf/5.3.0/../../../../../H-x86_64-pc-linux-gnu/nios2-elf/lib/mno-hw-mul/libc.a(lib_a-fclose.o)
                0x00000000000826c4                fclose
 .text          0x00000000000826d8        0x0 /home/sabrina/intelFPGA_lite/18.0/nios2eds/bin/gnu/H-x86_64-pc-linux-gnu/bin/../lib/gcc/nios2-elf/5.3.0/../../../../../H-x86_64-pc-linux-gnu/nios2-elf/lib/mno-hw-mul/libc.a(lib_a-fflush.o)
 .text.__sflush_r
                0x00000000000826d8      0x21c /home/sabrina/intelFPGA_lite/18.0/nios2eds/bin/gnu/H-x86_64-pc-linux-gnu/bin/../lib/gcc/nios2-elf/5.3.0/../../../../../H-x86_64-pc-linux-gnu/nios2-elf/lib/mno-hw-mul/libc.a(lib_a-fflush.o)
                0x00000000000826d8                __sflush_r
 .text._fflush_r
                0x00000000000828f4       0x5c /home/sabrina/intelFPGA_lite/18.0/nios2eds/bin/gnu/H-x86_64-pc-linux-gnu/bin/../lib/gcc/nios2-elf/5.3.0/../../../../../H-x86_64-pc-linux-gnu/nios2-elf/lib/mno-hw-mul/libc.a(lib_a-fflush.o)
                0x00000000000828f4                _fflush_r
 .text.fflush   0x0000000000082950       0x30 /home/sabrina/intelFPGA_lite/18.0/nios2eds/bin/gnu/H-x86_64-pc-linux-gnu/bin/../lib/gcc/nios2-elf/5.3.0/../../../../../H-x86_64-pc-linux-gnu/nios2-elf/lib/mno-hw-mul/libc.a(lib_a-fflush.o)
                0x0000000000082950                fflush
 .text          0x0000000000082980        0x0 /home/sabrina/intelFPGA_lite/18.0/nios2eds/bin/gnu/H-x86_64-pc-linux-gnu/bin/../lib/gcc/nios2-elf/5.3.0/../../../../../H-x86_64-pc-linux-gnu/nios2-elf/lib/mno-hw-mul/libc.a(lib_a-freer.o)
 .text._malloc_trim_r
                0x0000000000082980      0x124 /home/sabrina/intelFPGA_lite/18.0/nios2eds/bin/gnu/H-x86_64-pc-linux-gnu/bin/../lib/gcc/nios2-elf/5.3.0/../../../../../H-x86_64-pc-linux-gnu/nios2-elf/lib/mno-hw-mul/libc.a(lib_a-freer.o)
                0x0000000000082980                _malloc_trim_r
 .text._free_r  0x0000000000082aa4      0x310 /home/sabrina/intelFPGA_lite/18.0/nios2eds/bin/gnu/H-x86_64-pc-linux-gnu/bin/../lib/gcc/nios2-elf/5.3.0/../../../../../H-x86_64-pc-linux-gnu/nios2-elf/lib/mno-hw-mul/libc.a(lib_a-freer.o)
                0x0000000000082aa4                _free_r
 .text          0x0000000000082db4        0x0 /home/sabrina/intelFPGA_lite/18.0/nios2eds/bin/gnu/H-x86_64-pc-linux-gnu/bin/../lib/gcc/nios2-elf/5.3.0/../../../../../H-x86_64-pc-linux-gnu/nios2-elf/lib/mno-hw-mul/libc.a(lib_a-int_errno.o)
 .text          0x0000000000082db4        0x0 /home/sabrina/intelFPGA_lite/18.0/nios2eds/bin/gnu/H-x86_64-pc-linux-gnu/bin/../lib/gcc/nios2-elf/5.3.0/../../../../../H-x86_64-pc-linux-gnu/nios2-elf/lib/mno-hw-mul/libc.a(lib_a-lseekr.o)
 .text._lseek_r
                0x0000000000082db4       0x60 /home/sabrina/intelFPGA_lite/18.0/nios2eds/bin/gnu/H-x86_64-pc-linux-gnu/bin/../lib/gcc/nios2-elf/5.3.0/../../../../../H-x86_64-pc-linux-gnu/nios2-elf/lib/mno-hw-mul/libc.a(lib_a-lseekr.o)
                0x0000000000082db4                _lseek_r
 .text          0x0000000000082e14        0x0 /home/sabrina/intelFPGA_lite/18.0/nios2eds/bin/gnu/H-x86_64-pc-linux-gnu/bin/../lib/gcc/nios2-elf/5.3.0/../../../../../H-x86_64-pc-linux-gnu/nios2-elf/lib/mno-hw-mul/libc.a(lib_a-makebuf.o)
 .text.__smakebuf_r
                0x0000000000082e14      0x1bc /home/sabrina/intelFPGA_lite/18.0/nios2eds/bin/gnu/H-x86_64-pc-linux-gnu/bin/../lib/gcc/nios2-elf/5.3.0/../../../../../H-x86_64-pc-linux-gnu/nios2-elf/lib/mno-hw-mul/libc.a(lib_a-makebuf.o)
                0x0000000000082e14                __smakebuf_r
 .text          0x0000000000082fd0        0x0 /home/sabrina/intelFPGA_lite/18.0/nios2eds/bin/gnu/H-x86_64-pc-linux-gnu/bin/../lib/gcc/nios2-elf/5.3.0/../../../../../H-x86_64-pc-linux-gnu/nios2-elf/lib/mno-hw-mul/libc.a(lib_a-readr.o)
 .text._read_r  0x0000000000082fd0       0x60 /home/sabrina/intelFPGA_lite/18.0/nios2eds/bin/gnu/H-x86_64-pc-linux-gnu/bin/../lib/gcc/nios2-elf/5.3.0/../../../../../H-x86_64-pc-linux-gnu/nios2-elf/lib/mno-hw-mul/libc.a(lib_a-readr.o)
                0x0000000000082fd0                _read_r
 .text          0x0000000000083030        0x0 /home/sabrina/intelFPGA_lite/18.0/nios2eds/bin/gnu/H-x86_64-pc-linux-gnu/bin/../lib/gcc/nios2-elf/5.3.0/../../../../../H-x86_64-pc-linux-gnu/nios2-elf/lib/mno-hw-mul/libc.a(lib_a-fstatr.o)
 .text._fstat_r
                0x0000000000083030       0x5c /home/sabrina/intelFPGA_lite/18.0/nios2eds/bin/gnu/H-x86_64-pc-linux-gnu/bin/../lib/gcc/nios2-elf/5.3.0/../../../../../H-x86_64-pc-linux-gnu/nios2-elf/lib/mno-hw-mul/libc.a(lib_a-fstatr.o)
                0x0000000000083030                _fstat_r
 .text          0x000000000008308c        0x0 /home/sabrina/intelFPGA_lite/18.0/nios2eds/bin/gnu/H-x86_64-pc-linux-gnu/bin/../lib/gcc/nios2-elf/5.3.0/../../../../../H-x86_64-pc-linux-gnu/nios2-elf/lib/mno-hw-mul/libc.a(lib_a-isattyr.o)
 .text._isatty_r
                0x000000000008308c       0x54 /home/sabrina/intelFPGA_lite/18.0/nios2eds/bin/gnu/H-x86_64-pc-linux-gnu/bin/../lib/gcc/nios2-elf/5.3.0/../../../../../H-x86_64-pc-linux-gnu/nios2-elf/lib/mno-hw-mul/libc.a(lib_a-isattyr.o)
                0x000000000008308c                _isatty_r
 .text          0x00000000000830e0      0x1b4 /home/sabrina/intelFPGA_lite/18.0/nios2eds/bin/gnu/H-x86_64-pc-linux-gnu/bin/../lib/gcc/nios2-elf/5.3.0/mno-hw-mul/libgcc.a(lib2-divmod.o)
                0x00000000000830e0                __divsi3
                0x0000000000083164                __modsi3
                0x00000000000831d8                __udivsi3
                0x000000000008323c                __umodsi3
 .text          0x0000000000083294       0x28 /home/sabrina/intelFPGA_lite/18.0/nios2eds/bin/gnu/H-x86_64-pc-linux-gnu/bin/../lib/gcc/nios2-elf/5.3.0/mno-hw-mul/libgcc.a(lib2-mul.o)
                0x0000000000083294                __mulsi3
 .text          0x00000000000832bc      0x114 ../Hello2_bsp//libhal_bsp.a(alt_close.o)
                0x00000000000832f8                close
 .text          0x00000000000833d0       0x2c ../Hello2_bsp//libhal_bsp.a(alt_dev.o)
 .text          0x00000000000833fc        0x0 ../Hello2_bsp//libhal_bsp.a(alt_errno.o)
 .text          0x00000000000833fc       0xf4 ../Hello2_bsp//libhal_bsp.a(alt_fstat.o)
                0x0000000000083438                fstat
 .text          0x00000000000834f0      0x1b0 ../Hello2_bsp//libhal_bsp.a(alt_iic.o)
                0x00000000000834f0                alt_ic_isr_register
                0x0000000000083540                alt_ic_irq_enable
                0x00000000000835c8                alt_ic_irq_disable
                0x0000000000083654                alt_ic_irq_enabled
 .text          0x00000000000836a0       0xf0 ../Hello2_bsp//libhal_bsp.a(alt_iic_isr_register.o)
                0x00000000000836a0                alt_iic_isr_register
 .text          0x0000000000083790        0x0 ../Hello2_bsp//libhal_bsp.a(alt_irq_entry.o)
 .text          0x0000000000083790        0x0 ../Hello2_bsp//libhal_bsp.a(alt_irq_handler.o)
 .text          0x0000000000083790      0x180 ../Hello2_bsp//libhal_bsp.a(alt_irq_register.o)
                0x0000000000083790                alt_irq_register
 .text          0x0000000000083910        0x0 ../Hello2_bsp//libhal_bsp.a(alt_irq_vars.o)
 .text          0x0000000000083910       0xe8 ../Hello2_bsp//libhal_bsp.a(alt_isatty.o)
                0x000000000008394c                isatty
 .text          0x00000000000839f8       0xec ../Hello2_bsp//libhal_bsp.a(alt_load.o)
                0x0000000000083a60                alt_load
 .text          0x0000000000083ae4      0x118 ../Hello2_bsp//libhal_bsp.a(alt_lseek.o)
                0x0000000000083b20                lseek
 .text          0x0000000000083bfc       0x7c ../Hello2_bsp//libhal_bsp.a(alt_main.o)
                0x0000000000083bfc                alt_main
 .text          0x0000000000083c78       0x48 ../Hello2_bsp//libhal_bsp.a(alt_malloc_lock.o)
                0x0000000000083c78                __malloc_lock
                0x0000000000083c9c                __malloc_unlock
 .text          0x0000000000083cc0      0x140 ../Hello2_bsp//libhal_bsp.a(alt_read.o)
                0x0000000000083cfc                read
 .text          0x0000000000083e00       0x84 ../Hello2_bsp//libhal_bsp.a(alt_release_fd.o)
                0x0000000000083e00                alt_release_fd
 .text          0x0000000000083e84       0xb0 ../Hello2_bsp//libhal_bsp.a(alt_sbrk.o)
                0x0000000000083e84                sbrk
 .text          0x0000000000083f34       0x30 ../Hello2_bsp//libhal_bsp.a(alt_usleep.o)
                0x0000000000083f34                usleep
 .text          0x0000000000083f64      0x13c ../Hello2_bsp//libhal_bsp.a(alt_write.o)
                0x0000000000083fa0                write
 .text          0x00000000000840a0       0xb4 ../Hello2_bsp//libhal_bsp.a(alt_sys_init.o)
                0x00000000000840d4                alt_irq_init
                0x000000000008410c                alt_sys_init
 .text          0x0000000000084154      0x164 ../Hello2_bsp//libhal_bsp.a(altera_avalon_jtag_uart_fd.o)
                0x0000000000084154                altera_avalon_jtag_uart_read_fd
                0x00000000000841b4                altera_avalon_jtag_uart_write_fd
                0x0000000000084214                altera_avalon_jtag_uart_close_fd
                0x0000000000084264                altera_avalon_jtag_uart_ioctl_fd
 .text          0x00000000000842b8      0x3d4 ../Hello2_bsp//libhal_bsp.a(altera_avalon_jtag_uart_init.o)
                0x00000000000842b8                altera_avalon_jtag_uart_init
                0x0000000000084624                altera_avalon_jtag_uart_close
 .text          0x000000000008468c       0xf0 ../Hello2_bsp//libhal_bsp.a(altera_avalon_jtag_uart_ioctl.o)
                0x000000000008468c                altera_avalon_jtag_uart_ioctl
 .text          0x000000000008477c      0x21c ../Hello2_bsp//libhal_bsp.a(altera_avalon_jtag_uart_read.o)
                0x000000000008477c                altera_avalon_jtag_uart_read
 .text          0x0000000000084998      0x224 ../Hello2_bsp//libhal_bsp.a(altera_avalon_jtag_uart_write.o)
                0x0000000000084998                altera_avalon_jtag_uart_write
 .text          0x0000000000084bbc      0x12c ../Hello2_bsp//libhal_bsp.a(alt_alarm_start.o)
                0x0000000000084bbc                alt_alarm_start
 .text          0x0000000000084ce8      0x158 ../Hello2_bsp//libhal_bsp.a(alt_busy_sleep.o)
                0x0000000000084ce8                alt_busy_sleep
 .text          0x0000000000084e40       0x20 ../Hello2_bsp//libhal_bsp.a(alt_dcache_flush_all.o)
                0x0000000000084e40                alt_dcache_flush_all
 .text          0x0000000000084e60       0xe0 ../Hello2_bsp//libhal_bsp.a(alt_dev_llist_insert.o)
                0x0000000000084e9c                alt_dev_llist_insert
 .text          0x0000000000084f40       0x60 ../Hello2_bsp//libhal_bsp.a(alt_do_ctors.o)
                0x0000000000084f40                _do_ctors
 .text          0x0000000000084fa0       0x60 ../Hello2_bsp//libhal_bsp.a(alt_do_dtors.o)
                0x0000000000084fa0                _do_dtors
 .text          0x0000000000085000        0x0 ../Hello2_bsp//libhal_bsp.a(alt_exception_entry.o)
 .text          0x0000000000085000       0x20 ../Hello2_bsp//libhal_bsp.a(alt_icache_flush_all.o)
                0x0000000000085000                alt_icache_flush_all
 .text          0x0000000000085020       0x9c ../Hello2_bsp//libhal_bsp.a(alt_instruction_exception_entry.o)
                0x0000000000085020                alt_exception_cause_generated_bad_addr
 .text          0x00000000000850bc      0x160 ../Hello2_bsp//libhal_bsp.a(alt_io_redirect.o)
                0x00000000000851a0                alt_io_redirect
 .text          0x000000000008521c      0x284 ../Hello2_bsp//libhal_bsp.a(alt_open.o)
                0x0000000000085344                open
 .text          0x00000000000854a0      0x1a4 ../Hello2_bsp//libhal_bsp.a(alt_tick.o)
                0x00000000000854a0                alt_alarm_stop
                0x000000000008553c                alt_tick
 .text          0x0000000000085644       0x24 ../Hello2_bsp//libhal_bsp.a(altera_nios2_gen2_irq.o)
                0x0000000000085644                altera_nios2_gen2_irq_init
 .text          0x0000000000085668       0x90 ../Hello2_bsp//libhal_bsp.a(alt_find_dev.o)
                0x0000000000085668                alt_find_dev
 .text          0x00000000000856f8      0x108 ../Hello2_bsp//libhal_bsp.a(alt_find_file.o)
                0x00000000000856f8                alt_find_file
 .text          0x0000000000085800       0xc4 ../Hello2_bsp//libhal_bsp.a(alt_get_fd.o)
                0x0000000000085800                alt_get_fd
 .text          0x00000000000858c4        0x0 /home/sabrina/intelFPGA_lite/18.0/nios2eds/bin/gnu/H-x86_64-pc-linux-gnu/bin/../lib/gcc/nios2-elf/5.3.0/../../../../../H-x86_64-pc-linux-gnu/nios2-elf/lib/mno-hw-mul/libc.a(lib_a-atexit.o)
 .text.atexit   0x00000000000858c4       0x14 /home/sabrina/intelFPGA_lite/18.0/nios2eds/bin/gnu/H-x86_64-pc-linux-gnu/bin/../lib/gcc/nios2-elf/5.3.0/../../../../../H-x86_64-pc-linux-gnu/nios2-elf/lib/mno-hw-mul/libc.a(lib_a-atexit.o)
                0x00000000000858c4                atexit
 .text          0x00000000000858d8        0x0 /home/sabrina/intelFPGA_lite/18.0/nios2eds/bin/gnu/H-x86_64-pc-linux-gnu/bin/../lib/gcc/nios2-elf/5.3.0/../../../../../H-x86_64-pc-linux-gnu/nios2-elf/lib/mno-hw-mul/libc.a(lib_a-exit.o)
 .text.exit     0x00000000000858d8       0x38 /home/sabrina/intelFPGA_lite/18.0/nios2eds/bin/gnu/H-x86_64-pc-linux-gnu/bin/../lib/gcc/nios2-elf/5.3.0/../../../../../H-x86_64-pc-linux-gnu/nios2-elf/lib/mno-hw-mul/libc.a(lib_a-exit.o)
                0x00000000000858d8                exit
 .text          0x0000000000085910        0x0 /home/sabrina/intelFPGA_lite/18.0/nios2eds/bin/gnu/H-x86_64-pc-linux-gnu/bin/../lib/gcc/nios2-elf/5.3.0/../../../../../H-x86_64-pc-linux-gnu/nios2-elf/lib/mno-hw-mul/libc.a(lib_a-memcmp.o)
 .text.memcmp   0x0000000000085910       0x7c /home/sabrina/intelFPGA_lite/18.0/nios2eds/bin/gnu/H-x86_64-pc-linux-gnu/bin/../lib/gcc/nios2-elf/5.3.0/../../../../../H-x86_64-pc-linux-gnu/nios2-elf/lib/mno-hw-mul/libc.a(lib_a-memcmp.o)
                0x0000000000085910                memcmp
 .text          0x000000000008598c        0x0 /home/sabrina/intelFPGA_lite/18.0/nios2eds/bin/gnu/H-x86_64-pc-linux-gnu/bin/../lib/gcc/nios2-elf/5.3.0/../../../../../H-x86_64-pc-linux-gnu/nios2-elf/lib/mno-hw-mul/libc.a(lib_a-__atexit.o)
 .text.__register_exitproc
                0x000000000008598c      0x118 /home/sabrina/intelFPGA_lite/18.0/nios2eds/bin/gnu/H-x86_64-pc-linux-gnu/bin/../lib/gcc/nios2-elf/5.3.0/../../../../../H-x86_64-pc-linux-gnu/nios2-elf/lib/mno-hw-mul/libc.a(lib_a-__atexit.o)
                0x000000000008598c                __register_exitproc
 .text          0x0000000000085aa4        0x0 /home/sabrina/intelFPGA_lite/18.0/nios2eds/bin/gnu/H-x86_64-pc-linux-gnu/bin/../lib/gcc/nios2-elf/5.3.0/../../../../../H-x86_64-pc-linux-gnu/nios2-elf/lib/mno-hw-mul/libc.a(lib_a-__call_atexit.o)
 .text.__call_exitprocs
                0x0000000000085aa4      0x180 /home/sabrina/intelFPGA_lite/18.0/nios2eds/bin/gnu/H-x86_64-pc-linux-gnu/bin/../lib/gcc/nios2-elf/5.3.0/../../../../../H-x86_64-pc-linux-gnu/nios2-elf/lib/mno-hw-mul/libc.a(lib_a-__call_atexit.o)
                0x0000000000085aa4                __call_exitprocs
 .text          0x0000000000085c24       0x34 ../Hello2_bsp//libhal_bsp.a(alt_exit.o)
                0x0000000000085c24                _exit
 *(.gnu.warning.*)
 *(.fini)
                [!provide]                        PROVIDE (__etext, ABSOLUTE (.))
                [!provide]                        PROVIDE (_etext, ABSOLUTE (.))
                [!provide]                        PROVIDE (etext, ABSOLUTE (.))
 *(.eh_frame_hdr)
                0x0000000000085c58                . = ALIGN (0x4)
                [!provide]                        PROVIDE (__preinit_array_start, ABSOLUTE (.))
 *(.preinit_array)
                [!provide]                        PROVIDE (__preinit_array_end, ABSOLUTE (.))
                [!provide]                        PROVIDE (__init_array_start, ABSOLUTE (.))
 *(.init_array)
                [!provide]                        PROVIDE (__init_array_end, ABSOLUTE (.))
                [!provide]                        PROVIDE (__fini_array_start, ABSOLUTE (.))
 *(.fini_array)
                [!provide]                        PROVIDE (__fini_array_end, ABSOLUTE (.))
 *(.eh_frame)
 *(.gcc_except_table .gcc_except_table.*)
 *(.dynamic)
                0x0000000000085c58                PROVIDE (__CTOR_LIST__, ABSOLUTE (.))
 *(.ctors)
 *(SORT(.ctors.*))
                0x0000000000085c58                PROVIDE (__CTOR_END__, ABSOLUTE (.))
                0x0000000000085c58                PROVIDE (__DTOR_LIST__, ABSOLUTE (.))
 *(.dtors)
 *(SORT(.dtors.*))
                0x0000000000085c58                PROVIDE (__DTOR_END__, ABSOLUTE (.))
 *(.jcr)
                0x0000000000085c58                . = ALIGN (0x4)

.rodata         0x0000000000085c58       0x84
                0x0000000000085c58                PROVIDE (__ram_rodata_start, ABSOLUTE (.))
                0x0000000000085c58                . = ALIGN (0x4)
 *(.rodata .rodata.* .gnu.linkonce.r.*)
 .rodata        0x0000000000085c58       0x46 obj/default/hello_world.o
 *fill*         0x0000000000085c9e        0x2 
 .rodata.str1.4
                0x0000000000085ca0        0x2 /home/sabrina/intelFPGA_lite/18.0/nios2eds/bin/gnu/H-x86_64-pc-linux-gnu/bin/../lib/gcc/nios2-elf/5.3.0/../../../../../H-x86_64-pc-linux-gnu/nios2-elf/lib/mno-hw-mul/libc.a(lib_a-puts.o)
 *fill*         0x0000000000085ca2        0x2 
 .rodata.str1.4
                0x0000000000085ca4        0x4 /home/sabrina/intelFPGA_lite/18.0/nios2eds/bin/gnu/H-x86_64-pc-linux-gnu/bin/../lib/gcc/nios2-elf/5.3.0/../../../../../H-x86_64-pc-linux-gnu/nios2-elf/lib/mno-hw-mul/libc.a(lib_a-impure.o)
                                          0x2 (size before relaxing)
 .rodata        0x0000000000085ca8        0xa ../Hello2_bsp//libhal_bsp.a(alt_dev.o)
 *fill*         0x0000000000085cb2        0x2 
 .rodata        0x0000000000085cb4       0x11 ../Hello2_bsp//libhal_bsp.a(alt_main.o)
 *fill*         0x0000000000085cc5        0x3 
 .rodata        0x0000000000085cc8       0x11 ../Hello2_bsp//libhal_bsp.a(alt_sys_init.o)
 *(.rodata1)
                0x0000000000085cdc                . = ALIGN (0x4)
 *fill*         0x0000000000085cd9        0x3 
                0x0000000000085cdc                PROVIDE (__ram_rodata_end, ABSOLUTE (.))
                0x0000000000085c58                PROVIDE (__flash_rodata_start, LOADADDR (.rodata))

.rwdata         0x0000000000085cdc     0x1a70 load address 0x000000000008774c
                0x0000000000085cdc                PROVIDE (__ram_rwdata_start, ABSOLUTE (.))
                0x0000000000085cdc                . = ALIGN (0x4)
 *(.got.plt)
 *(.got)
 *(.data1)
 *(.data .data.* .gnu.linkonce.d.*)
 .data          0x0000000000085cdc        0x0 ../Hello2_bsp//obj/HAL/src/crt0.o
 .data          0x0000000000085cdc        0x0 obj/default/hello_world.o
 .data          0x0000000000085cdc        0x0 /home/sabrina/intelFPGA_lite/18.0/nios2eds/bin/gnu/H-x86_64-pc-linux-gnu/bin/../lib/gcc/nios2-elf/5.3.0/../../../../../H-x86_64-pc-linux-gnu/nios2-elf/lib/mno-hw-mul/libc.a(lib_a-puts.o)
 .data          0x0000000000085cdc        0x0 /home/sabrina/intelFPGA_lite/18.0/nios2eds/bin/gnu/H-x86_64-pc-linux-gnu/bin/../lib/gcc/nios2-elf/5.3.0/../../../../../H-x86_64-pc-linux-gnu/nios2-elf/lib/mno-hw-mul/libc.a(lib_a-strlen.o)
 .data          0x0000000000085cdc        0x0 /home/sabrina/intelFPGA_lite/18.0/nios2eds/bin/gnu/H-x86_64-pc-linux-gnu/bin/../lib/gcc/nios2-elf/5.3.0/../../../../../H-x86_64-pc-linux-gnu/nios2-elf/lib/mno-hw-mul/libc.a(lib_a-findfp.o)
 .data          0x0000000000085cdc        0x0 /home/sabrina/intelFPGA_lite/18.0/nios2eds/bin/gnu/H-x86_64-pc-linux-gnu/bin/../lib/gcc/nios2-elf/5.3.0/../../../../../H-x86_64-pc-linux-gnu/nios2-elf/lib/mno-hw-mul/libc.a(lib_a-fvwrite.o)
 .data          0x0000000000085cdc        0x0 /home/sabrina/intelFPGA_lite/18.0/nios2eds/bin/gnu/H-x86_64-pc-linux-gnu/bin/../lib/gcc/nios2-elf/5.3.0/../../../../../H-x86_64-pc-linux-gnu/nios2-elf/lib/mno-hw-mul/libc.a(lib_a-fwalk.o)
 .data          0x0000000000085cdc        0x0 /home/sabrina/intelFPGA_lite/18.0/nios2eds/bin/gnu/H-x86_64-pc-linux-gnu/bin/../lib/gcc/nios2-elf/5.3.0/../../../../../H-x86_64-pc-linux-gnu/nios2-elf/lib/mno-hw-mul/libc.a(lib_a-impure.o)
 .data.impure_data
                0x0000000000085cdc      0x424 /home/sabrina/intelFPGA_lite/18.0/nios2eds/bin/gnu/H-x86_64-pc-linux-gnu/bin/../lib/gcc/nios2-elf/5.3.0/../../../../../H-x86_64-pc-linux-gnu/nios2-elf/lib/mno-hw-mul/libc.a(lib_a-impure.o)
 .data          0x0000000000086100        0x0 /home/sabrina/intelFPGA_lite/18.0/nios2eds/bin/gnu/H-x86_64-pc-linux-gnu/bin/../lib/gcc/nios2-elf/5.3.0/../../../../../H-x86_64-pc-linux-gnu/nios2-elf/lib/mno-hw-mul/libc.a(lib_a-mallocr.o)
 .data.__malloc_av_
                0x0000000000086100      0x408 /home/sabrina/intelFPGA_lite/18.0/nios2eds/bin/gnu/H-x86_64-pc-linux-gnu/bin/../lib/gcc/nios2-elf/5.3.0/../../../../../H-x86_64-pc-linux-gnu/nios2-elf/lib/mno-hw-mul/libc.a(lib_a-mallocr.o)
                0x0000000000086100                __malloc_av_
 .data          0x0000000000086508        0x0 /home/sabrina/intelFPGA_lite/18.0/nios2eds/bin/gnu/H-x86_64-pc-linux-gnu/bin/../lib/gcc/nios2-elf/5.3.0/../../../../../H-x86_64-pc-linux-gnu/nios2-elf/lib/mno-hw-mul/libc.a(lib_a-memchr.o)
 .data          0x0000000000086508        0x0 /home/sabrina/intelFPGA_lite/18.0/nios2eds/bin/gnu/H-x86_64-pc-linux-gnu/bin/../lib/gcc/nios2-elf/5.3.0/../../../../../H-x86_64-pc-linux-gnu/nios2-elf/lib/mno-hw-mul/libc.a(lib_a-memcpy.o)
 .data          0x0000000000086508        0x0 /home/sabrina/intelFPGA_lite/18.0/nios2eds/bin/gnu/H-x86_64-pc-linux-gnu/bin/../lib/gcc/nios2-elf/5.3.0/../../../../../H-x86_64-pc-linux-gnu/nios2-elf/lib/mno-hw-mul/libc.a(lib_a-memmove.o)
 .data          0x0000000000086508        0x0 /home/sabrina/intelFPGA_lite/18.0/nios2eds/bin/gnu/H-x86_64-pc-linux-gnu/bin/../lib/gcc/nios2-elf/5.3.0/../../../../../H-x86_64-pc-linux-gnu/nios2-elf/lib/mno-hw-mul/libc.a(lib_a-memset.o)
 .data          0x0000000000086508        0x0 /home/sabrina/intelFPGA_lite/18.0/nios2eds/bin/gnu/H-x86_64-pc-linux-gnu/bin/../lib/gcc/nios2-elf/5.3.0/../../../../../H-x86_64-pc-linux-gnu/nios2-elf/lib/mno-hw-mul/libc.a(lib_a-reallocr.o)
 .data          0x0000000000086508        0x0 /home/sabrina/intelFPGA_lite/18.0/nios2eds/bin/gnu/H-x86_64-pc-linux-gnu/bin/../lib/gcc/nios2-elf/5.3.0/../../../../../H-x86_64-pc-linux-gnu/nios2-elf/lib/mno-hw-mul/libc.a(lib_a-sbrkr.o)
 .data          0x0000000000086508        0x0 /home/sabrina/intelFPGA_lite/18.0/nios2eds/bin/gnu/H-x86_64-pc-linux-gnu/bin/../lib/gcc/nios2-elf/5.3.0/../../../../../H-x86_64-pc-linux-gnu/nios2-elf/lib/mno-hw-mul/libc.a(lib_a-stdio.o)
 .data          0x0000000000086508        0x0 /home/sabrina/intelFPGA_lite/18.0/nios2eds/bin/gnu/H-x86_64-pc-linux-gnu/bin/../lib/gcc/nios2-elf/5.3.0/../../../../../H-x86_64-pc-linux-gnu/nios2-elf/lib/mno-hw-mul/libc.a(lib_a-writer.o)
 .data          0x0000000000086508        0x0 /home/sabrina/intelFPGA_lite/18.0/nios2eds/bin/gnu/H-x86_64-pc-linux-gnu/bin/../lib/gcc/nios2-elf/5.3.0/../../../../../H-x86_64-pc-linux-gnu/nios2-elf/lib/mno-hw-mul/libc.a(lib_a-wsetup.o)
 .data          0x0000000000086508        0x0 /home/sabrina/intelFPGA_lite/18.0/nios2eds/bin/gnu/H-x86_64-pc-linux-gnu/bin/../lib/gcc/nios2-elf/5.3.0/../../../../../H-x86_64-pc-linux-gnu/nios2-elf/lib/mno-hw-mul/libc.a(closer.o)
 .data          0x0000000000086508        0x0 /home/sabrina/intelFPGA_lite/18.0/nios2eds/bin/gnu/H-x86_64-pc-linux-gnu/bin/../lib/gcc/nios2-elf/5.3.0/../../../../../H-x86_64-pc-linux-gnu/nios2-elf/lib/mno-hw-mul/libc.a(lib_a-fclose.o)
 .data          0x0000000000086508        0x0 /home/sabrina/intelFPGA_lite/18.0/nios2eds/bin/gnu/H-x86_64-pc-linux-gnu/bin/../lib/gcc/nios2-elf/5.3.0/../../../../../H-x86_64-pc-linux-gnu/nios2-elf/lib/mno-hw-mul/libc.a(lib_a-fflush.o)
 .data          0x0000000000086508        0x0 /home/sabrina/intelFPGA_lite/18.0/nios2eds/bin/gnu/H-x86_64-pc-linux-gnu/bin/../lib/gcc/nios2-elf/5.3.0/../../../../../H-x86_64-pc-linux-gnu/nios2-elf/lib/mno-hw-mul/libc.a(lib_a-freer.o)
 .data          0x0000000000086508        0x0 /home/sabrina/intelFPGA_lite/18.0/nios2eds/bin/gnu/H-x86_64-pc-linux-gnu/bin/../lib/gcc/nios2-elf/5.3.0/../../../../../H-x86_64-pc-linux-gnu/nios2-elf/lib/mno-hw-mul/libc.a(lib_a-int_errno.o)
 .data          0x0000000000086508        0x0 /home/sabrina/intelFPGA_lite/18.0/nios2eds/bin/gnu/H-x86_64-pc-linux-gnu/bin/../lib/gcc/nios2-elf/5.3.0/../../../../../H-x86_64-pc-linux-gnu/nios2-elf/lib/mno-hw-mul/libc.a(lib_a-lseekr.o)
 .data          0x0000000000086508        0x0 /home/sabrina/intelFPGA_lite/18.0/nios2eds/bin/gnu/H-x86_64-pc-linux-gnu/bin/../lib/gcc/nios2-elf/5.3.0/../../../../../H-x86_64-pc-linux-gnu/nios2-elf/lib/mno-hw-mul/libc.a(lib_a-makebuf.o)
 .data          0x0000000000086508        0x0 /home/sabrina/intelFPGA_lite/18.0/nios2eds/bin/gnu/H-x86_64-pc-linux-gnu/bin/../lib/gcc/nios2-elf/5.3.0/../../../../../H-x86_64-pc-linux-gnu/nios2-elf/lib/mno-hw-mul/libc.a(lib_a-readr.o)
 .data          0x0000000000086508        0x0 /home/sabrina/intelFPGA_lite/18.0/nios2eds/bin/gnu/H-x86_64-pc-linux-gnu/bin/../lib/gcc/nios2-elf/5.3.0/../../../../../H-x86_64-pc-linux-gnu/nios2-elf/lib/mno-hw-mul/libc.a(lib_a-fstatr.o)
 .data          0x0000000000086508        0x0 /home/sabrina/intelFPGA_lite/18.0/nios2eds/bin/gnu/H-x86_64-pc-linux-gnu/bin/../lib/gcc/nios2-elf/5.3.0/../../../../../H-x86_64-pc-linux-gnu/nios2-elf/lib/mno-hw-mul/libc.a(lib_a-isattyr.o)
 .data          0x0000000000086508        0x0 /home/sabrina/intelFPGA_lite/18.0/nios2eds/bin/gnu/H-x86_64-pc-linux-gnu/bin/../lib/gcc/nios2-elf/5.3.0/mno-hw-mul/libgcc.a(lib2-divmod.o)
 .data          0x0000000000086508        0x0 /home/sabrina/intelFPGA_lite/18.0/nios2eds/bin/gnu/H-x86_64-pc-linux-gnu/bin/../lib/gcc/nios2-elf/5.3.0/mno-hw-mul/libgcc.a(lib2-mul.o)
 .data          0x0000000000086508        0x0 ../Hello2_bsp//libhal_bsp.a(alt_close.o)
 .data          0x0000000000086508      0x1a8 ../Hello2_bsp//libhal_bsp.a(alt_dev.o)
                0x0000000000086508                alt_dev_null
                0x0000000000086530                alt_fd_list
 .data          0x00000000000866b0        0x0 ../Hello2_bsp//libhal_bsp.a(alt_errno.o)
 .data          0x00000000000866b0        0x0 ../Hello2_bsp//libhal_bsp.a(alt_fstat.o)
 .data          0x00000000000866b0        0x0 ../Hello2_bsp//libhal_bsp.a(alt_iic.o)
 .data          0x00000000000866b0        0x0 ../Hello2_bsp//libhal_bsp.a(alt_iic_isr_register.o)
 .data          0x00000000000866b0        0x0 ../Hello2_bsp//libhal_bsp.a(alt_irq_entry.o)
 .data          0x00000000000866b0        0x0 ../Hello2_bsp//libhal_bsp.a(alt_irq_handler.o)
 .data          0x00000000000866b0        0x0 ../Hello2_bsp//libhal_bsp.a(alt_irq_register.o)
 .data          0x00000000000866b0        0x0 ../Hello2_bsp//libhal_bsp.a(alt_irq_vars.o)
 .data          0x00000000000866b0        0x0 ../Hello2_bsp//libhal_bsp.a(alt_isatty.o)
 .data          0x00000000000866b0        0x0 ../Hello2_bsp//libhal_bsp.a(alt_load.o)
 .data          0x00000000000866b0        0x0 ../Hello2_bsp//libhal_bsp.a(alt_lseek.o)
 .data          0x00000000000866b0        0x0 ../Hello2_bsp//libhal_bsp.a(alt_main.o)
 .data          0x00000000000866b0        0x0 ../Hello2_bsp//libhal_bsp.a(alt_malloc_lock.o)
 .data          0x00000000000866b0        0x0 ../Hello2_bsp//libhal_bsp.a(alt_read.o)
 .data          0x00000000000866b0        0x0 ../Hello2_bsp//libhal_bsp.a(alt_release_fd.o)
 .data          0x00000000000866b0        0x0 ../Hello2_bsp//libhal_bsp.a(alt_sbrk.o)
 .data          0x00000000000866b0        0x0 ../Hello2_bsp//libhal_bsp.a(alt_usleep.o)
 .data          0x00000000000866b0        0x0 ../Hello2_bsp//libhal_bsp.a(alt_write.o)
 .data          0x00000000000866b0     0x1060 ../Hello2_bsp//libhal_bsp.a(alt_sys_init.o)
 .data          0x0000000000087710        0x0 ../Hello2_bsp//libhal_bsp.a(altera_avalon_jtag_uart_fd.o)
 .data          0x0000000000087710        0x0 ../Hello2_bsp//libhal_bsp.a(altera_avalon_jtag_uart_init.o)
 .data          0x0000000000087710        0x0 ../Hello2_bsp//libhal_bsp.a(altera_avalon_jtag_uart_ioctl.o)
 .data          0x0000000000087710        0x0 ../Hello2_bsp//libhal_bsp.a(altera_avalon_jtag_uart_read.o)
 .data          0x0000000000087710        0x0 ../Hello2_bsp//libhal_bsp.a(altera_avalon_jtag_uart_write.o)
 .data          0x0000000000087710        0x0 ../Hello2_bsp//libhal_bsp.a(alt_alarm_start.o)
 .data          0x0000000000087710        0x0 ../Hello2_bsp//libhal_bsp.a(alt_busy_sleep.o)
 .data          0x0000000000087710        0x0 ../Hello2_bsp//libhal_bsp.a(alt_dcache_flush_all.o)
 .data          0x0000000000087710        0x0 ../Hello2_bsp//libhal_bsp.a(alt_dev_llist_insert.o)
 .data          0x0000000000087710        0x0 ../Hello2_bsp//libhal_bsp.a(alt_do_ctors.o)
 .data          0x0000000000087710        0x0 ../Hello2_bsp//libhal_bsp.a(alt_do_dtors.o)
 .data          0x0000000000087710        0x0 ../Hello2_bsp//libhal_bsp.a(alt_exception_entry.o)
 .data          0x0000000000087710        0x0 ../Hello2_bsp//libhal_bsp.a(alt_icache_flush_all.o)
 .data          0x0000000000087710        0x0 ../Hello2_bsp//libhal_bsp.a(alt_instruction_exception_entry.o)
 .data          0x0000000000087710        0x0 ../Hello2_bsp//libhal_bsp.a(alt_io_redirect.o)
 .data          0x0000000000087710        0x0 ../Hello2_bsp//libhal_bsp.a(alt_open.o)
 .data          0x0000000000087710        0x0 ../Hello2_bsp//libhal_bsp.a(alt_tick.o)
 .data          0x0000000000087710        0x0 ../Hello2_bsp//libhal_bsp.a(altera_nios2_gen2_irq.o)
 .data          0x0000000000087710        0x0 ../Hello2_bsp//libhal_bsp.a(alt_find_dev.o)
 .data          0x0000000000087710        0x0 ../Hello2_bsp//libhal_bsp.a(alt_find_file.o)
 .data          0x0000000000087710        0x0 ../Hello2_bsp//libhal_bsp.a(alt_get_fd.o)
 .data          0x0000000000087710        0x0 /home/sabrina/intelFPGA_lite/18.0/nios2eds/bin/gnu/H-x86_64-pc-linux-gnu/bin/../lib/gcc/nios2-elf/5.3.0/../../../../../H-x86_64-pc-linux-gnu/nios2-elf/lib/mno-hw-mul/libc.a(lib_a-atexit.o)
 .data          0x0000000000087710        0x0 /home/sabrina/intelFPGA_lite/18.0/nios2eds/bin/gnu/H-x86_64-pc-linux-gnu/bin/../lib/gcc/nios2-elf/5.3.0/../../../../../H-x86_64-pc-linux-gnu/nios2-elf/lib/mno-hw-mul/libc.a(lib_a-exit.o)
 .data          0x0000000000087710        0x0 /home/sabrina/intelFPGA_lite/18.0/nios2eds/bin/gnu/H-x86_64-pc-linux-gnu/bin/../lib/gcc/nios2-elf/5.3.0/../../../../../H-x86_64-pc-linux-gnu/nios2-elf/lib/mno-hw-mul/libc.a(lib_a-memcmp.o)
 .data          0x0000000000087710        0x0 /home/sabrina/intelFPGA_lite/18.0/nios2eds/bin/gnu/H-x86_64-pc-linux-gnu/bin/../lib/gcc/nios2-elf/5.3.0/../../../../../H-x86_64-pc-linux-gnu/nios2-elf/lib/mno-hw-mul/libc.a(lib_a-__atexit.o)
 .data          0x0000000000087710        0x0 /home/sabrina/intelFPGA_lite/18.0/nios2eds/bin/gnu/H-x86_64-pc-linux-gnu/bin/../lib/gcc/nios2-elf/5.3.0/../../../../../H-x86_64-pc-linux-gnu/nios2-elf/lib/mno-hw-mul/libc.a(lib_a-__call_atexit.o)
 .data          0x0000000000087710        0x0 ../Hello2_bsp//libhal_bsp.a(alt_exit.o)
                0x000000000008f710                _gp = ABSOLUTE ((. + 0x8000))
                [!provide]                        PROVIDE (gp, _gp)
 *(.rwdata .rwdata.*)
 *(.sdata .sdata.* .gnu.linkonce.s.*)
 .sdata         0x0000000000087710        0x4 obj/default/hello_world.o
                0x0000000000087710                flag
 .sdata._global_impure_ptr
                0x0000000000087714        0x4 /home/sabrina/intelFPGA_lite/18.0/nios2eds/bin/gnu/H-x86_64-pc-linux-gnu/bin/../lib/gcc/nios2-elf/5.3.0/../../../../../H-x86_64-pc-linux-gnu/nios2-elf/lib/mno-hw-mul/libc.a(lib_a-impure.o)
                0x0000000000087714                _global_impure_ptr
 .sdata._impure_ptr
                0x0000000000087718        0x4 /home/sabrina/intelFPGA_lite/18.0/nios2eds/bin/gnu/H-x86_64-pc-linux-gnu/bin/../lib/gcc/nios2-elf/5.3.0/../../../../../H-x86_64-pc-linux-gnu/nios2-elf/lib/mno-hw-mul/libc.a(lib_a-impure.o)
                0x0000000000087718                _impure_ptr
 .sdata.__malloc_sbrk_base
                0x000000000008771c        0x4 /home/sabrina/intelFPGA_lite/18.0/nios2eds/bin/gnu/H-x86_64-pc-linux-gnu/bin/../lib/gcc/nios2-elf/5.3.0/../../../../../H-x86_64-pc-linux-gnu/nios2-elf/lib/mno-hw-mul/libc.a(lib_a-mallocr.o)
                0x000000000008771c                __malloc_sbrk_base
 .sdata.__malloc_trim_threshold
                0x0000000000087720        0x4 /home/sabrina/intelFPGA_lite/18.0/nios2eds/bin/gnu/H-x86_64-pc-linux-gnu/bin/../lib/gcc/nios2-elf/5.3.0/../../../../../H-x86_64-pc-linux-gnu/nios2-elf/lib/mno-hw-mul/libc.a(lib_a-mallocr.o)
                0x0000000000087720                __malloc_trim_threshold
 .sdata         0x0000000000087724       0x14 ../Hello2_bsp//libhal_bsp.a(alt_dev.o)
                0x0000000000087724                alt_fs_list
                0x000000000008772c                alt_dev_list
                0x0000000000087734                alt_max_fd
 .sdata         0x0000000000087738        0x4 ../Hello2_bsp//libhal_bsp.a(alt_errno.o)
                0x0000000000087738                alt_errno
 .sdata         0x000000000008773c        0x4 ../Hello2_bsp//libhal_bsp.a(alt_irq_vars.o)
                0x000000000008773c                alt_priority_mask
 .sdata         0x0000000000087740        0x4 ../Hello2_bsp//libhal_bsp.a(alt_sbrk.o)
 .sdata         0x0000000000087744        0x8 ../Hello2_bsp//libhal_bsp.a(alt_tick.o)
                0x0000000000087744                alt_alarm_list
 *(.sdata2 .sdata2.* .gnu.linkonce.s2.*)
                0x000000000008774c                . = ALIGN (0x4)
                0x000000000008774c                _edata = ABSOLUTE (.)
                [!provide]                        PROVIDE (edata, ABSOLUTE (.))
                0x000000000008774c                PROVIDE (__ram_rwdata_end, ABSOLUTE (.))
                0x000000000008774c                PROVIDE (__flash_rwdata_start, LOADADDR (.rwdata))

.bss            0x00000000000891bc      0x158
                0x00000000000891bc                __bss_start = ABSOLUTE (.)
                [!provide]                        PROVIDE (__sbss_start, ABSOLUTE (.))
                [!provide]                        PROVIDE (___sbss_start, ABSOLUTE (.))
 *(.dynsbss)
 *(.sbss .sbss.* .gnu.linkonce.sb.*)
 .sbss          0x00000000000891bc        0x4 obj/default/hello_world.o
                0x00000000000891bc                edge_capture
 .sbss.__malloc_max_total_mem
                0x00000000000891c0        0x4 /home/sabrina/intelFPGA_lite/18.0/nios2eds/bin/gnu/H-x86_64-pc-linux-gnu/bin/../lib/gcc/nios2-elf/5.3.0/../../../../../H-x86_64-pc-linux-gnu/nios2-elf/lib/mno-hw-mul/libc.a(lib_a-mallocr.o)
                0x00000000000891c0                __malloc_max_total_mem
 .sbss.__malloc_max_sbrked_mem
                0x00000000000891c4        0x4 /home/sabrina/intelFPGA_lite/18.0/nios2eds/bin/gnu/H-x86_64-pc-linux-gnu/bin/../lib/gcc/nios2-elf/5.3.0/../../../../../H-x86_64-pc-linux-gnu/nios2-elf/lib/mno-hw-mul/libc.a(lib_a-mallocr.o)
                0x00000000000891c4                __malloc_max_sbrked_mem
 .sbss.__malloc_top_pad
                0x00000000000891c8        0x4 /home/sabrina/intelFPGA_lite/18.0/nios2eds/bin/gnu/H-x86_64-pc-linux-gnu/bin/../lib/gcc/nios2-elf/5.3.0/../../../../../H-x86_64-pc-linux-gnu/nios2-elf/lib/mno-hw-mul/libc.a(lib_a-mallocr.o)
                0x00000000000891c8                __malloc_top_pad
 .sbss          0x00000000000891cc        0x4 /home/sabrina/intelFPGA_lite/18.0/nios2eds/bin/gnu/H-x86_64-pc-linux-gnu/bin/../lib/gcc/nios2-elf/5.3.0/../../../../../H-x86_64-pc-linux-gnu/nios2-elf/lib/mno-hw-mul/libc.a(lib_a-int_errno.o)
                0x00000000000891cc                errno
 .sbss          0x00000000000891d0        0x4 ../Hello2_bsp//libhal_bsp.a(alt_irq_vars.o)
                0x00000000000891d0                alt_irq_active
 .sbss          0x00000000000891d4        0xc ../Hello2_bsp//libhal_bsp.a(alt_main.o)
                0x00000000000891d4                alt_argc
                0x00000000000891d8                alt_argv
                0x00000000000891dc                alt_envp
 .sbss          0x00000000000891e0        0x4 ../Hello2_bsp//libhal_bsp.a(alt_instruction_exception_entry.o)
                0x00000000000891e0                alt_instruction_exception_handler
 .sbss          0x00000000000891e4        0x8 ../Hello2_bsp//libhal_bsp.a(alt_tick.o)
                0x00000000000891e4                _alt_tick_rate
                0x00000000000891e8                _alt_nticks
 *(.sbss2 .sbss2.* .gnu.linkonce.sb2.*)
 *(.scommon)
                [!provide]                        PROVIDE (__sbss_end, ABSOLUTE (.))
                [!provide]                        PROVIDE (___sbss_end, ABSOLUTE (.))
 *(.dynbss)
 *(.bss .bss.* .gnu.linkonce.b.*)
 .bss           0x00000000000891ec        0x0 ../Hello2_bsp//obj/HAL/src/crt0.o
 .bss           0x00000000000891ec        0x0 obj/default/hello_world.o
 .bss           0x00000000000891ec        0x0 /home/sabrina/intelFPGA_lite/18.0/nios2eds/bin/gnu/H-x86_64-pc-linux-gnu/bin/../lib/gcc/nios2-elf/5.3.0/../../../../../H-x86_64-pc-linux-gnu/nios2-elf/lib/mno-hw-mul/libc.a(lib_a-puts.o)
 .bss           0x00000000000891ec        0x0 /home/sabrina/intelFPGA_lite/18.0/nios2eds/bin/gnu/H-x86_64-pc-linux-gnu/bin/../lib/gcc/nios2-elf/5.3.0/../../../../../H-x86_64-pc-linux-gnu/nios2-elf/lib/mno-hw-mul/libc.a(lib_a-strlen.o)
 .bss           0x00000000000891ec        0x0 /home/sabrina/intelFPGA_lite/18.0/nios2eds/bin/gnu/H-x86_64-pc-linux-gnu/bin/../lib/gcc/nios2-elf/5.3.0/../../../../../H-x86_64-pc-linux-gnu/nios2-elf/lib/mno-hw-mul/libc.a(lib_a-findfp.o)
 .bss           0x00000000000891ec        0x0 /home/sabrina/intelFPGA_lite/18.0/nios2eds/bin/gnu/H-x86_64-pc-linux-gnu/bin/../lib/gcc/nios2-elf/5.3.0/../../../../../H-x86_64-pc-linux-gnu/nios2-elf/lib/mno-hw-mul/libc.a(lib_a-fvwrite.o)
 .bss           0x00000000000891ec        0x0 /home/sabrina/intelFPGA_lite/18.0/nios2eds/bin/gnu/H-x86_64-pc-linux-gnu/bin/../lib/gcc/nios2-elf/5.3.0/../../../../../H-x86_64-pc-linux-gnu/nios2-elf/lib/mno-hw-mul/libc.a(lib_a-fwalk.o)
 .bss           0x00000000000891ec        0x0 /home/sabrina/intelFPGA_lite/18.0/nios2eds/bin/gnu/H-x86_64-pc-linux-gnu/bin/../lib/gcc/nios2-elf/5.3.0/../../../../../H-x86_64-pc-linux-gnu/nios2-elf/lib/mno-hw-mul/libc.a(lib_a-impure.o)
 .bss           0x00000000000891ec        0x0 /home/sabrina/intelFPGA_lite/18.0/nios2eds/bin/gnu/H-x86_64-pc-linux-gnu/bin/../lib/gcc/nios2-elf/5.3.0/../../../../../H-x86_64-pc-linux-gnu/nios2-elf/lib/mno-hw-mul/libc.a(lib_a-mallocr.o)
 .bss.__malloc_current_mallinfo
                0x00000000000891ec       0x28 /home/sabrina/intelFPGA_lite/18.0/nios2eds/bin/gnu/H-x86_64-pc-linux-gnu/bin/../lib/gcc/nios2-elf/5.3.0/../../../../../H-x86_64-pc-linux-gnu/nios2-elf/lib/mno-hw-mul/libc.a(lib_a-mallocr.o)
                0x00000000000891ec                __malloc_current_mallinfo
 .bss           0x0000000000089214        0x0 /home/sabrina/intelFPGA_lite/18.0/nios2eds/bin/gnu/H-x86_64-pc-linux-gnu/bin/../lib/gcc/nios2-elf/5.3.0/../../../../../H-x86_64-pc-linux-gnu/nios2-elf/lib/mno-hw-mul/libc.a(lib_a-memchr.o)
 .bss           0x0000000000089214        0x0 /home/sabrina/intelFPGA_lite/18.0/nios2eds/bin/gnu/H-x86_64-pc-linux-gnu/bin/../lib/gcc/nios2-elf/5.3.0/../../../../../H-x86_64-pc-linux-gnu/nios2-elf/lib/mno-hw-mul/libc.a(lib_a-memcpy.o)
 .bss           0x0000000000089214        0x0 /home/sabrina/intelFPGA_lite/18.0/nios2eds/bin/gnu/H-x86_64-pc-linux-gnu/bin/../lib/gcc/nios2-elf/5.3.0/../../../../../H-x86_64-pc-linux-gnu/nios2-elf/lib/mno-hw-mul/libc.a(lib_a-memmove.o)
 .bss           0x0000000000089214        0x0 /home/sabrina/intelFPGA_lite/18.0/nios2eds/bin/gnu/H-x86_64-pc-linux-gnu/bin/../lib/gcc/nios2-elf/5.3.0/../../../../../H-x86_64-pc-linux-gnu/nios2-elf/lib/mno-hw-mul/libc.a(lib_a-memset.o)
 .bss           0x0000000000089214        0x0 /home/sabrina/intelFPGA_lite/18.0/nios2eds/bin/gnu/H-x86_64-pc-linux-gnu/bin/../lib/gcc/nios2-elf/5.3.0/../../../../../H-x86_64-pc-linux-gnu/nios2-elf/lib/mno-hw-mul/libc.a(lib_a-reallocr.o)
 .bss           0x0000000000089214        0x0 /home/sabrina/intelFPGA_lite/18.0/nios2eds/bin/gnu/H-x86_64-pc-linux-gnu/bin/../lib/gcc/nios2-elf/5.3.0/../../../../../H-x86_64-pc-linux-gnu/nios2-elf/lib/mno-hw-mul/libc.a(lib_a-sbrkr.o)
 .bss           0x0000000000089214        0x0 /home/sabrina/intelFPGA_lite/18.0/nios2eds/bin/gnu/H-x86_64-pc-linux-gnu/bin/../lib/gcc/nios2-elf/5.3.0/../../../../../H-x86_64-pc-linux-gnu/nios2-elf/lib/mno-hw-mul/libc.a(lib_a-stdio.o)
 .bss           0x0000000000089214        0x0 /home/sabrina/intelFPGA_lite/18.0/nios2eds/bin/gnu/H-x86_64-pc-linux-gnu/bin/../lib/gcc/nios2-elf/5.3.0/../../../../../H-x86_64-pc-linux-gnu/nios2-elf/lib/mno-hw-mul/libc.a(lib_a-writer.o)
 .bss           0x0000000000089214        0x0 /home/sabrina/intelFPGA_lite/18.0/nios2eds/bin/gnu/H-x86_64-pc-linux-gnu/bin/../lib/gcc/nios2-elf/5.3.0/../../../../../H-x86_64-pc-linux-gnu/nios2-elf/lib/mno-hw-mul/libc.a(lib_a-wsetup.o)
 .bss           0x0000000000089214        0x0 /home/sabrina/intelFPGA_lite/18.0/nios2eds/bin/gnu/H-x86_64-pc-linux-gnu/bin/../lib/gcc/nios2-elf/5.3.0/../../../../../H-x86_64-pc-linux-gnu/nios2-elf/lib/mno-hw-mul/libc.a(closer.o)
 .bss           0x0000000000089214        0x0 /home/sabrina/intelFPGA_lite/18.0/nios2eds/bin/gnu/H-x86_64-pc-linux-gnu/bin/../lib/gcc/nios2-elf/5.3.0/../../../../../H-x86_64-pc-linux-gnu/nios2-elf/lib/mno-hw-mul/libc.a(lib_a-fclose.o)
 .bss           0x0000000000089214        0x0 /home/sabrina/intelFPGA_lite/18.0/nios2eds/bin/gnu/H-x86_64-pc-linux-gnu/bin/../lib/gcc/nios2-elf/5.3.0/../../../../../H-x86_64-pc-linux-gnu/nios2-elf/lib/mno-hw-mul/libc.a(lib_a-fflush.o)
 .bss           0x0000000000089214        0x0 /home/sabrina/intelFPGA_lite/18.0/nios2eds/bin/gnu/H-x86_64-pc-linux-gnu/bin/../lib/gcc/nios2-elf/5.3.0/../../../../../H-x86_64-pc-linux-gnu/nios2-elf/lib/mno-hw-mul/libc.a(lib_a-freer.o)
 .bss           0x0000000000089214        0x0 /home/sabrina/intelFPGA_lite/18.0/nios2eds/bin/gnu/H-x86_64-pc-linux-gnu/bin/../lib/gcc/nios2-elf/5.3.0/../../../../../H-x86_64-pc-linux-gnu/nios2-elf/lib/mno-hw-mul/libc.a(lib_a-int_errno.o)
 .bss           0x0000000000089214        0x0 /home/sabrina/intelFPGA_lite/18.0/nios2eds/bin/gnu/H-x86_64-pc-linux-gnu/bin/../lib/gcc/nios2-elf/5.3.0/../../../../../H-x86_64-pc-linux-gnu/nios2-elf/lib/mno-hw-mul/libc.a(lib_a-lseekr.o)
 .bss           0x0000000000089214        0x0 /home/sabrina/intelFPGA_lite/18.0/nios2eds/bin/gnu/H-x86_64-pc-linux-gnu/bin/../lib/gcc/nios2-elf/5.3.0/../../../../../H-x86_64-pc-linux-gnu/nios2-elf/lib/mno-hw-mul/libc.a(lib_a-makebuf.o)
 .bss           0x0000000000089214        0x0 /home/sabrina/intelFPGA_lite/18.0/nios2eds/bin/gnu/H-x86_64-pc-linux-gnu/bin/../lib/gcc/nios2-elf/5.3.0/../../../../../H-x86_64-pc-linux-gnu/nios2-elf/lib/mno-hw-mul/libc.a(lib_a-readr.o)
 .bss           0x0000000000089214        0x0 /home/sabrina/intelFPGA_lite/18.0/nios2eds/bin/gnu/H-x86_64-pc-linux-gnu/bin/../lib/gcc/nios2-elf/5.3.0/../../../../../H-x86_64-pc-linux-gnu/nios2-elf/lib/mno-hw-mul/libc.a(lib_a-fstatr.o)
 .bss           0x0000000000089214        0x0 /home/sabrina/intelFPGA_lite/18.0/nios2eds/bin/gnu/H-x86_64-pc-linux-gnu/bin/../lib/gcc/nios2-elf/5.3.0/../../../../../H-x86_64-pc-linux-gnu/nios2-elf/lib/mno-hw-mul/libc.a(lib_a-isattyr.o)
 .bss           0x0000000000089214        0x0 /home/sabrina/intelFPGA_lite/18.0/nios2eds/bin/gnu/H-x86_64-pc-linux-gnu/bin/../lib/gcc/nios2-elf/5.3.0/mno-hw-mul/libgcc.a(lib2-divmod.o)
 .bss           0x0000000000089214        0x0 /home/sabrina/intelFPGA_lite/18.0/nios2eds/bin/gnu/H-x86_64-pc-linux-gnu/bin/../lib/gcc/nios2-elf/5.3.0/mno-hw-mul/libgcc.a(lib2-mul.o)
 .bss           0x0000000000089214        0x0 ../Hello2_bsp//libhal_bsp.a(alt_close.o)
 .bss           0x0000000000089214        0x0 ../Hello2_bsp//libhal_bsp.a(alt_dev.o)
 .bss           0x0000000000089214        0x0 ../Hello2_bsp//libhal_bsp.a(alt_errno.o)
 .bss           0x0000000000089214        0x0 ../Hello2_bsp//libhal_bsp.a(alt_fstat.o)
 .bss           0x0000000000089214        0x0 ../Hello2_bsp//libhal_bsp.a(alt_iic.o)
 .bss           0x0000000000089214        0x0 ../Hello2_bsp//libhal_bsp.a(alt_iic_isr_register.o)
 .bss           0x0000000000089214        0x0 ../Hello2_bsp//libhal_bsp.a(alt_irq_entry.o)
 .bss           0x0000000000089214        0x0 ../Hello2_bsp//libhal_bsp.a(alt_irq_handler.o)
 .bss           0x0000000000089214        0x0 ../Hello2_bsp//libhal_bsp.a(alt_irq_register.o)
 .bss           0x0000000000089214        0x0 ../Hello2_bsp//libhal_bsp.a(alt_irq_vars.o)
 .bss           0x0000000000089214        0x0 ../Hello2_bsp//libhal_bsp.a(alt_isatty.o)
 .bss           0x0000000000089214        0x0 ../Hello2_bsp//libhal_bsp.a(alt_load.o)
 .bss           0x0000000000089214        0x0 ../Hello2_bsp//libhal_bsp.a(alt_lseek.o)
 .bss           0x0000000000089214        0x0 ../Hello2_bsp//libhal_bsp.a(alt_main.o)
 .bss           0x0000000000089214        0x0 ../Hello2_bsp//libhal_bsp.a(alt_malloc_lock.o)
 .bss           0x0000000000089214        0x0 ../Hello2_bsp//libhal_bsp.a(alt_read.o)
 .bss           0x0000000000089214        0x0 ../Hello2_bsp//libhal_bsp.a(alt_release_fd.o)
 .bss           0x0000000000089214        0x0 ../Hello2_bsp//libhal_bsp.a(alt_sbrk.o)
 .bss           0x0000000000089214        0x0 ../Hello2_bsp//libhal_bsp.a(alt_usleep.o)
 .bss           0x0000000000089214        0x0 ../Hello2_bsp//libhal_bsp.a(alt_write.o)
 .bss           0x0000000000089214        0x0 ../Hello2_bsp//libhal_bsp.a(alt_sys_init.o)
 .bss           0x0000000000089214        0x0 ../Hello2_bsp//libhal_bsp.a(altera_avalon_jtag_uart_fd.o)
 .bss           0x0000000000089214        0x0 ../Hello2_bsp//libhal_bsp.a(altera_avalon_jtag_uart_init.o)
 .bss           0x0000000000089214        0x0 ../Hello2_bsp//libhal_bsp.a(altera_avalon_jtag_uart_ioctl.o)
 .bss           0x0000000000089214        0x0 ../Hello2_bsp//libhal_bsp.a(altera_avalon_jtag_uart_read.o)
 .bss           0x0000000000089214        0x0 ../Hello2_bsp//libhal_bsp.a(altera_avalon_jtag_uart_write.o)
 .bss           0x0000000000089214        0x0 ../Hello2_bsp//libhal_bsp.a(alt_alarm_start.o)
 .bss           0x0000000000089214        0x0 ../Hello2_bsp//libhal_bsp.a(alt_busy_sleep.o)
 .bss           0x0000000000089214        0x0 ../Hello2_bsp//libhal_bsp.a(alt_dcache_flush_all.o)
 .bss           0x0000000000089214        0x0 ../Hello2_bsp//libhal_bsp.a(alt_dev_llist_insert.o)
 .bss           0x0000000000089214        0x0 ../Hello2_bsp//libhal_bsp.a(alt_do_ctors.o)
 .bss           0x0000000000089214        0x0 ../Hello2_bsp//libhal_bsp.a(alt_do_dtors.o)
 .bss           0x0000000000089214        0x0 ../Hello2_bsp//libhal_bsp.a(alt_exception_entry.o)
 .bss           0x0000000000089214        0x0 ../Hello2_bsp//libhal_bsp.a(alt_icache_flush_all.o)
 .bss           0x0000000000089214        0x0 ../Hello2_bsp//libhal_bsp.a(alt_instruction_exception_entry.o)
 .bss           0x0000000000089214        0x0 ../Hello2_bsp//libhal_bsp.a(alt_io_redirect.o)
 .bss           0x0000000000089214        0x0 ../Hello2_bsp//libhal_bsp.a(alt_open.o)
 .bss           0x0000000000089214        0x0 ../Hello2_bsp//libhal_bsp.a(alt_tick.o)
 .bss           0x0000000000089214        0x0 ../Hello2_bsp//libhal_bsp.a(altera_nios2_gen2_irq.o)
 .bss           0x0000000000089214        0x0 ../Hello2_bsp//libhal_bsp.a(alt_find_dev.o)
 .bss           0x0000000000089214        0x0 ../Hello2_bsp//libhal_bsp.a(alt_find_file.o)
 .bss           0x0000000000089214        0x0 ../Hello2_bsp//libhal_bsp.a(alt_get_fd.o)
 .bss           0x0000000000089214        0x0 /home/sabrina/intelFPGA_lite/18.0/nios2eds/bin/gnu/H-x86_64-pc-linux-gnu/bin/../lib/gcc/nios2-elf/5.3.0/../../../../../H-x86_64-pc-linux-gnu/nios2-elf/lib/mno-hw-mul/libc.a(lib_a-atexit.o)
 .bss           0x0000000000089214        0x0 /home/sabrina/intelFPGA_lite/18.0/nios2eds/bin/gnu/H-x86_64-pc-linux-gnu/bin/../lib/gcc/nios2-elf/5.3.0/../../../../../H-x86_64-pc-linux-gnu/nios2-elf/lib/mno-hw-mul/libc.a(lib_a-exit.o)
 .bss           0x0000000000089214        0x0 /home/sabrina/intelFPGA_lite/18.0/nios2eds/bin/gnu/H-x86_64-pc-linux-gnu/bin/../lib/gcc/nios2-elf/5.3.0/../../../../../H-x86_64-pc-linux-gnu/nios2-elf/lib/mno-hw-mul/libc.a(lib_a-memcmp.o)
 .bss           0x0000000000089214        0x0 /home/sabrina/intelFPGA_lite/18.0/nios2eds/bin/gnu/H-x86_64-pc-linux-gnu/bin/../lib/gcc/nios2-elf/5.3.0/../../../../../H-x86_64-pc-linux-gnu/nios2-elf/lib/mno-hw-mul/libc.a(lib_a-__atexit.o)
 .bss           0x0000000000089214        0x0 /home/sabrina/intelFPGA_lite/18.0/nios2eds/bin/gnu/H-x86_64-pc-linux-gnu/bin/../lib/gcc/nios2-elf/5.3.0/../../../../../H-x86_64-pc-linux-gnu/nios2-elf/lib/mno-hw-mul/libc.a(lib_a-__call_atexit.o)
 .bss           0x0000000000089214        0x0 ../Hello2_bsp//libhal_bsp.a(alt_exit.o)
 *(COMMON)
 COMMON         0x0000000000089214      0x100 ../Hello2_bsp//libhal_bsp.a(alt_irq_handler.o)
                0x0000000000089214                alt_irq
                0x0000000000089314                . = ALIGN (0x4)
                0x0000000000089314                __bss_end = ABSOLUTE (.)

.onchip_memory2_0
                0x0000000000089314        0x0
                [!provide]                        PROVIDE (_alt_partition_onchip_memory2_0_start, ABSOLUTE (.))
 *(.onchip_memory2_0 .onchip_memory2_0. onchip_memory2_0.*)
                0x0000000000089314                . = ALIGN (0x4)
                [!provide]                        PROVIDE (_alt_partition_onchip_memory2_0_end, ABSOLUTE (.))
                0x0000000000089314                _end = ABSOLUTE (.)
                0x0000000000089314                end = ABSOLUTE (.)
                0x0000000000089314                __alt_stack_base = ABSOLUTE (.)
                [!provide]                        PROVIDE (_alt_partition_onchip_memory2_0_load_addr, LOADADDR (.onchip_memory2_0))

.stab
 *(.stab)

.stabstr
 *(.stabstr)

.stab.excl
 *(.stab.excl)

.stab.exclstr
 *(.stab.exclstr)

.stab.index
 *(.stab.index)

.stab.indexstr
 *(.stab.indexstr)

.comment        0x0000000000000000       0x23
 *(.comment)
 .comment       0x0000000000000000       0x23 obj/default/hello_world.o
                                         0x24 (size before relaxing)
 .comment       0x0000000000000023       0x24 /home/sabrina/intelFPGA_lite/18.0/nios2eds/bin/gnu/H-x86_64-pc-linux-gnu/bin/../lib/gcc/nios2-elf/5.3.0/../../../../../H-x86_64-pc-linux-gnu/nios2-elf/lib/mno-hw-mul/libc.a(lib_a-puts.o)
 .comment       0x0000000000000023       0x24 /home/sabrina/intelFPGA_lite/18.0/nios2eds/bin/gnu/H-x86_64-pc-linux-gnu/bin/../lib/gcc/nios2-elf/5.3.0/../../../../../H-x86_64-pc-linux-gnu/nios2-elf/lib/mno-hw-mul/libc.a(lib_a-strlen.o)
 .comment       0x0000000000000023       0x24 /home/sabrina/intelFPGA_lite/18.0/nios2eds/bin/gnu/H-x86_64-pc-linux-gnu/bin/../lib/gcc/nios2-elf/5.3.0/../../../../../H-x86_64-pc-linux-gnu/nios2-elf/lib/mno-hw-mul/libc.a(lib_a-findfp.o)
 .comment       0x0000000000000023       0x24 /home/sabrina/intelFPGA_lite/18.0/nios2eds/bin/gnu/H-x86_64-pc-linux-gnu/bin/../lib/gcc/nios2-elf/5.3.0/../../../../../H-x86_64-pc-linux-gnu/nios2-elf/lib/mno-hw-mul/libc.a(lib_a-fvwrite.o)
 .comment       0x0000000000000023       0x24 /home/sabrina/intelFPGA_lite/18.0/nios2eds/bin/gnu/H-x86_64-pc-linux-gnu/bin/../lib/gcc/nios2-elf/5.3.0/../../../../../H-x86_64-pc-linux-gnu/nios2-elf/lib/mno-hw-mul/libc.a(lib_a-fwalk.o)
 .comment       0x0000000000000023       0x24 /home/sabrina/intelFPGA_lite/18.0/nios2eds/bin/gnu/H-x86_64-pc-linux-gnu/bin/../lib/gcc/nios2-elf/5.3.0/../../../../../H-x86_64-pc-linux-gnu/nios2-elf/lib/mno-hw-mul/libc.a(lib_a-impure.o)
 .comment       0x0000000000000023       0x24 /home/sabrina/intelFPGA_lite/18.0/nios2eds/bin/gnu/H-x86_64-pc-linux-gnu/bin/../lib/gcc/nios2-elf/5.3.0/../../../../../H-x86_64-pc-linux-gnu/nios2-elf/lib/mno-hw-mul/libc.a(lib_a-mallocr.o)
 .comment       0x0000000000000023       0x24 /home/sabrina/intelFPGA_lite/18.0/nios2eds/bin/gnu/H-x86_64-pc-linux-gnu/bin/../lib/gcc/nios2-elf/5.3.0/../../../../../H-x86_64-pc-linux-gnu/nios2-elf/lib/mno-hw-mul/libc.a(lib_a-memchr.o)
 .comment       0x0000000000000023       0x24 /home/sabrina/intelFPGA_lite/18.0/nios2eds/bin/gnu/H-x86_64-pc-linux-gnu/bin/../lib/gcc/nios2-elf/5.3.0/../../../../../H-x86_64-pc-linux-gnu/nios2-elf/lib/mno-hw-mul/libc.a(lib_a-memcpy.o)
 .comment       0x0000000000000023       0x24 /home/sabrina/intelFPGA_lite/18.0/nios2eds/bin/gnu/H-x86_64-pc-linux-gnu/bin/../lib/gcc/nios2-elf/5.3.0/../../../../../H-x86_64-pc-linux-gnu/nios2-elf/lib/mno-hw-mul/libc.a(lib_a-memmove.o)
 .comment       0x0000000000000023       0x24 /home/sabrina/intelFPGA_lite/18.0/nios2eds/bin/gnu/H-x86_64-pc-linux-gnu/bin/../lib/gcc/nios2-elf/5.3.0/../../../../../H-x86_64-pc-linux-gnu/nios2-elf/lib/mno-hw-mul/libc.a(lib_a-memset.o)
 .comment       0x0000000000000023       0x24 /home/sabrina/intelFPGA_lite/18.0/nios2eds/bin/gnu/H-x86_64-pc-linux-gnu/bin/../lib/gcc/nios2-elf/5.3.0/../../../../../H-x86_64-pc-linux-gnu/nios2-elf/lib/mno-hw-mul/libc.a(lib_a-reallocr.o)
 .comment       0x0000000000000023       0x24 /home/sabrina/intelFPGA_lite/18.0/nios2eds/bin/gnu/H-x86_64-pc-linux-gnu/bin/../lib/gcc/nios2-elf/5.3.0/../../../../../H-x86_64-pc-linux-gnu/nios2-elf/lib/mno-hw-mul/libc.a(lib_a-sbrkr.o)
 .comment       0x0000000000000023       0x24 /home/sabrina/intelFPGA_lite/18.0/nios2eds/bin/gnu/H-x86_64-pc-linux-gnu/bin/../lib/gcc/nios2-elf/5.3.0/../../../../../H-x86_64-pc-linux-gnu/nios2-elf/lib/mno-hw-mul/libc.a(lib_a-stdio.o)
 .comment       0x0000000000000023       0x24 /home/sabrina/intelFPGA_lite/18.0/nios2eds/bin/gnu/H-x86_64-pc-linux-gnu/bin/../lib/gcc/nios2-elf/5.3.0/../../../../../H-x86_64-pc-linux-gnu/nios2-elf/lib/mno-hw-mul/libc.a(lib_a-writer.o)
 .comment       0x0000000000000023       0x24 /home/sabrina/intelFPGA_lite/18.0/nios2eds/bin/gnu/H-x86_64-pc-linux-gnu/bin/../lib/gcc/nios2-elf/5.3.0/../../../../../H-x86_64-pc-linux-gnu/nios2-elf/lib/mno-hw-mul/libc.a(lib_a-wsetup.o)
 .comment       0x0000000000000023       0x24 /home/sabrina/intelFPGA_lite/18.0/nios2eds/bin/gnu/H-x86_64-pc-linux-gnu/bin/../lib/gcc/nios2-elf/5.3.0/../../../../../H-x86_64-pc-linux-gnu/nios2-elf/lib/mno-hw-mul/libc.a(closer.o)
 .comment       0x0000000000000023       0x24 /home/sabrina/intelFPGA_lite/18.0/nios2eds/bin/gnu/H-x86_64-pc-linux-gnu/bin/../lib/gcc/nios2-elf/5.3.0/../../../../../H-x86_64-pc-linux-gnu/nios2-elf/lib/mno-hw-mul/libc.a(lib_a-fclose.o)
 .comment       0x0000000000000023       0x24 /home/sabrina/intelFPGA_lite/18.0/nios2eds/bin/gnu/H-x86_64-pc-linux-gnu/bin/../lib/gcc/nios2-elf/5.3.0/../../../../../H-x86_64-pc-linux-gnu/nios2-elf/lib/mno-hw-mul/libc.a(lib_a-fflush.o)
 .comment       0x0000000000000023       0x24 /home/sabrina/intelFPGA_lite/18.0/nios2eds/bin/gnu/H-x86_64-pc-linux-gnu/bin/../lib/gcc/nios2-elf/5.3.0/../../../../../H-x86_64-pc-linux-gnu/nios2-elf/lib/mno-hw-mul/libc.a(lib_a-freer.o)
 .comment       0x0000000000000023       0x24 /home/sabrina/intelFPGA_lite/18.0/nios2eds/bin/gnu/H-x86_64-pc-linux-gnu/bin/../lib/gcc/nios2-elf/5.3.0/../../../../../H-x86_64-pc-linux-gnu/nios2-elf/lib/mno-hw-mul/libc.a(lib_a-int_errno.o)
 .comment       0x0000000000000023       0x24 /home/sabrina/intelFPGA_lite/18.0/nios2eds/bin/gnu/H-x86_64-pc-linux-gnu/bin/../lib/gcc/nios2-elf/5.3.0/../../../../../H-x86_64-pc-linux-gnu/nios2-elf/lib/mno-hw-mul/libc.a(lib_a-lseekr.o)
 .comment       0x0000000000000023       0x24 /home/sabrina/intelFPGA_lite/18.0/nios2eds/bin/gnu/H-x86_64-pc-linux-gnu/bin/../lib/gcc/nios2-elf/5.3.0/../../../../../H-x86_64-pc-linux-gnu/nios2-elf/lib/mno-hw-mul/libc.a(lib_a-makebuf.o)
 .comment       0x0000000000000023       0x24 /home/sabrina/intelFPGA_lite/18.0/nios2eds/bin/gnu/H-x86_64-pc-linux-gnu/bin/../lib/gcc/nios2-elf/5.3.0/../../../../../H-x86_64-pc-linux-gnu/nios2-elf/lib/mno-hw-mul/libc.a(lib_a-readr.o)
 .comment       0x0000000000000023       0x24 /home/sabrina/intelFPGA_lite/18.0/nios2eds/bin/gnu/H-x86_64-pc-linux-gnu/bin/../lib/gcc/nios2-elf/5.3.0/../../../../../H-x86_64-pc-linux-gnu/nios2-elf/lib/mno-hw-mul/libc.a(lib_a-fstatr.o)
 .comment       0x0000000000000023       0x24 /home/sabrina/intelFPGA_lite/18.0/nios2eds/bin/gnu/H-x86_64-pc-linux-gnu/bin/../lib/gcc/nios2-elf/5.3.0/../../../../../H-x86_64-pc-linux-gnu/nios2-elf/lib/mno-hw-mul/libc.a(lib_a-isattyr.o)
 .comment       0x0000000000000023       0x24 /home/sabrina/intelFPGA_lite/18.0/nios2eds/bin/gnu/H-x86_64-pc-linux-gnu/bin/../lib/gcc/nios2-elf/5.3.0/mno-hw-mul/libgcc.a(lib2-divmod.o)
 .comment       0x0000000000000023       0x24 /home/sabrina/intelFPGA_lite/18.0/nios2eds/bin/gnu/H-x86_64-pc-linux-gnu/bin/../lib/gcc/nios2-elf/5.3.0/mno-hw-mul/libgcc.a(lib2-mul.o)
 .comment       0x0000000000000023       0x24 ../Hello2_bsp//libhal_bsp.a(alt_close.o)
 .comment       0x0000000000000023       0x24 ../Hello2_bsp//libhal_bsp.a(alt_dev.o)
 .comment       0x0000000000000023       0x24 ../Hello2_bsp//libhal_bsp.a(alt_errno.o)
 .comment       0x0000000000000023       0x24 ../Hello2_bsp//libhal_bsp.a(alt_fstat.o)
 .comment       0x0000000000000023       0x24 ../Hello2_bsp//libhal_bsp.a(alt_iic.o)
 .comment       0x0000000000000023       0x24 ../Hello2_bsp//libhal_bsp.a(alt_iic_isr_register.o)
 .comment       0x0000000000000023       0x24 ../Hello2_bsp//libhal_bsp.a(alt_irq_handler.o)
 .comment       0x0000000000000023       0x24 ../Hello2_bsp//libhal_bsp.a(alt_irq_register.o)
 .comment       0x0000000000000023       0x24 ../Hello2_bsp//libhal_bsp.a(alt_irq_vars.o)
 .comment       0x0000000000000023       0x24 ../Hello2_bsp//libhal_bsp.a(alt_isatty.o)
 .comment       0x0000000000000023       0x24 ../Hello2_bsp//libhal_bsp.a(alt_load.o)
 .comment       0x0000000000000023       0x24 ../Hello2_bsp//libhal_bsp.a(alt_lseek.o)
 .comment       0x0000000000000023       0x24 ../Hello2_bsp//libhal_bsp.a(alt_main.o)
 .comment       0x0000000000000023       0x24 ../Hello2_bsp//libhal_bsp.a(alt_malloc_lock.o)
 .comment       0x0000000000000023       0x24 ../Hello2_bsp//libhal_bsp.a(alt_read.o)
 .comment       0x0000000000000023       0x24 ../Hello2_bsp//libhal_bsp.a(alt_release_fd.o)
 .comment       0x0000000000000023       0x24 ../Hello2_bsp//libhal_bsp.a(alt_sbrk.o)
 .comment       0x0000000000000023       0x24 ../Hello2_bsp//libhal_bsp.a(alt_usleep.o)
 .comment       0x0000000000000023       0x24 ../Hello2_bsp//libhal_bsp.a(alt_write.o)
 .comment       0x0000000000000023       0x24 ../Hello2_bsp//libhal_bsp.a(alt_sys_init.o)
 .comment       0x0000000000000023       0x24 ../Hello2_bsp//libhal_bsp.a(altera_avalon_jtag_uart_fd.o)
 .comment       0x0000000000000023       0x24 ../Hello2_bsp//libhal_bsp.a(altera_avalon_jtag_uart_init.o)
 .comment       0x0000000000000023       0x24 ../Hello2_bsp//libhal_bsp.a(altera_avalon_jtag_uart_ioctl.o)
 .comment       0x0000000000000023       0x24 ../Hello2_bsp//libhal_bsp.a(altera_avalon_jtag_uart_read.o)
 .comment       0x0000000000000023       0x24 ../Hello2_bsp//libhal_bsp.a(altera_avalon_jtag_uart_write.o)
 .comment       0x0000000000000023       0x24 ../Hello2_bsp//libhal_bsp.a(alt_alarm_start.o)
 .comment       0x0000000000000023       0x24 ../Hello2_bsp//libhal_bsp.a(alt_busy_sleep.o)
 .comment       0x0000000000000023       0x24 ../Hello2_bsp//libhal_bsp.a(alt_dcache_flush_all.o)
 .comment       0x0000000000000023       0x24 ../Hello2_bsp//libhal_bsp.a(alt_dev_llist_insert.o)
 .comment       0x0000000000000023       0x24 ../Hello2_bsp//libhal_bsp.a(alt_do_ctors.o)
 .comment       0x0000000000000023       0x24 ../Hello2_bsp//libhal_bsp.a(alt_do_dtors.o)
 .comment       0x0000000000000023       0x24 ../Hello2_bsp//libhal_bsp.a(alt_icache_flush_all.o)
 .comment       0x0000000000000023       0x24 ../Hello2_bsp//libhal_bsp.a(alt_instruction_exception_entry.o)
 .comment       0x0000000000000023       0x24 ../Hello2_bsp//libhal_bsp.a(alt_io_redirect.o)
 .comment       0x0000000000000023       0x24 ../Hello2_bsp//libhal_bsp.a(alt_open.o)
 .comment       0x0000000000000023       0x24 ../Hello2_bsp//libhal_bsp.a(alt_tick.o)
 .comment       0x0000000000000023       0x24 ../Hello2_bsp//libhal_bsp.a(altera_nios2_gen2_irq.o)
 .comment       0x0000000000000023       0x24 ../Hello2_bsp//libhal_bsp.a(alt_find_dev.o)
 .comment       0x0000000000000023       0x24 ../Hello2_bsp//libhal_bsp.a(alt_find_file.o)
 .comment       0x0000000000000023       0x24 ../Hello2_bsp//libhal_bsp.a(alt_get_fd.o)
 .comment       0x0000000000000023       0x24 /home/sabrina/intelFPGA_lite/18.0/nios2eds/bin/gnu/H-x86_64-pc-linux-gnu/bin/../lib/gcc/nios2-elf/5.3.0/../../../../../H-x86_64-pc-linux-gnu/nios2-elf/lib/mno-hw-mul/libc.a(lib_a-atexit.o)
 .comment       0x0000000000000023       0x24 /home/sabrina/intelFPGA_lite/18.0/nios2eds/bin/gnu/H-x86_64-pc-linux-gnu/bin/../lib/gcc/nios2-elf/5.3.0/../../../../../H-x86_64-pc-linux-gnu/nios2-elf/lib/mno-hw-mul/libc.a(lib_a-exit.o)
 .comment       0x0000000000000023       0x24 /home/sabrina/intelFPGA_lite/18.0/nios2eds/bin/gnu/H-x86_64-pc-linux-gnu/bin/../lib/gcc/nios2-elf/5.3.0/../../../../../H-x86_64-pc-linux-gnu/nios2-elf/lib/mno-hw-mul/libc.a(lib_a-memcmp.o)
 .comment       0x0000000000000023       0x24 /home/sabrina/intelFPGA_lite/18.0/nios2eds/bin/gnu/H-x86_64-pc-linux-gnu/bin/../lib/gcc/nios2-elf/5.3.0/../../../../../H-x86_64-pc-linux-gnu/nios2-elf/lib/mno-hw-mul/libc.a(lib_a-__atexit.o)
 .comment       0x0000000000000023       0x24 /home/sabrina/intelFPGA_lite/18.0/nios2eds/bin/gnu/H-x86_64-pc-linux-gnu/bin/../lib/gcc/nios2-elf/5.3.0/../../../../../H-x86_64-pc-linux-gnu/nios2-elf/lib/mno-hw-mul/libc.a(lib_a-__call_atexit.o)
 .comment       0x0000000000000023       0x24 ../Hello2_bsp//libhal_bsp.a(alt_exit.o)

.debug
 *(.debug)

.line
 *(.line)

.debug_srcinfo
 *(.debug_srcinfo)

.debug_sfnames
 *(.debug_sfnames)

.debug_aranges  0x0000000000000000      0xa70
 *(.debug_aranges)
 .debug_aranges
                0x0000000000000000       0x28 ../Hello2_bsp//obj/HAL/src/crt0.o
 .debug_aranges
                0x0000000000000028       0x20 obj/default/hello_world.o
 .debug_aranges
                0x0000000000000048       0x28 /home/sabrina/intelFPGA_lite/18.0/nios2eds/bin/gnu/H-x86_64-pc-linux-gnu/bin/../lib/gcc/nios2-elf/5.3.0/../../../../../H-x86_64-pc-linux-gnu/nios2-elf/lib/mno-hw-mul/libc.a(lib_a-puts.o)
 .debug_aranges
                0x0000000000000070       0x20 /home/sabrina/intelFPGA_lite/18.0/nios2eds/bin/gnu/H-x86_64-pc-linux-gnu/bin/../lib/gcc/nios2-elf/5.3.0/../../../../../H-x86_64-pc-linux-gnu/nios2-elf/lib/mno-hw-mul/libc.a(lib_a-strlen.o)
 .debug_aranges
                0x0000000000000090       0x68 /home/sabrina/intelFPGA_lite/18.0/nios2eds/bin/gnu/H-x86_64-pc-linux-gnu/bin/../lib/gcc/nios2-elf/5.3.0/../../../../../H-x86_64-pc-linux-gnu/nios2-elf/lib/mno-hw-mul/libc.a(lib_a-findfp.o)
 .debug_aranges
                0x00000000000000f8       0x20 /home/sabrina/intelFPGA_lite/18.0/nios2eds/bin/gnu/H-x86_64-pc-linux-gnu/bin/../lib/gcc/nios2-elf/5.3.0/../../../../../H-x86_64-pc-linux-gnu/nios2-elf/lib/mno-hw-mul/libc.a(lib_a-fvwrite.o)
 .debug_aranges
                0x0000000000000118       0x28 /home/sabrina/intelFPGA_lite/18.0/nios2eds/bin/gnu/H-x86_64-pc-linux-gnu/bin/../lib/gcc/nios2-elf/5.3.0/../../../../../H-x86_64-pc-linux-gnu/nios2-elf/lib/mno-hw-mul/libc.a(lib_a-fwalk.o)
 .debug_aranges
                0x0000000000000140       0x18 /home/sabrina/intelFPGA_lite/18.0/nios2eds/bin/gnu/H-x86_64-pc-linux-gnu/bin/../lib/gcc/nios2-elf/5.3.0/../../../../../H-x86_64-pc-linux-gnu/nios2-elf/lib/mno-hw-mul/libc.a(lib_a-impure.o)
 .debug_aranges
                0x0000000000000158       0x20 /home/sabrina/intelFPGA_lite/18.0/nios2eds/bin/gnu/H-x86_64-pc-linux-gnu/bin/../lib/gcc/nios2-elf/5.3.0/../../../../../H-x86_64-pc-linux-gnu/nios2-elf/lib/mno-hw-mul/libc.a(lib_a-mallocr.o)
 .debug_aranges
                0x0000000000000178       0x20 /home/sabrina/intelFPGA_lite/18.0/nios2eds/bin/gnu/H-x86_64-pc-linux-gnu/bin/../lib/gcc/nios2-elf/5.3.0/../../../../../H-x86_64-pc-linux-gnu/nios2-elf/lib/mno-hw-mul/libc.a(lib_a-memchr.o)
 .debug_aranges
                0x0000000000000198       0x20 /home/sabrina/intelFPGA_lite/18.0/nios2eds/bin/gnu/H-x86_64-pc-linux-gnu/bin/../lib/gcc/nios2-elf/5.3.0/../../../../../H-x86_64-pc-linux-gnu/nios2-elf/lib/mno-hw-mul/libc.a(lib_a-memcpy.o)
 .debug_aranges
                0x00000000000001b8       0x20 /home/sabrina/intelFPGA_lite/18.0/nios2eds/bin/gnu/H-x86_64-pc-linux-gnu/bin/../lib/gcc/nios2-elf/5.3.0/../../../../../H-x86_64-pc-linux-gnu/nios2-elf/lib/mno-hw-mul/libc.a(lib_a-memmove.o)
 .debug_aranges
                0x00000000000001d8       0x20 /home/sabrina/intelFPGA_lite/18.0/nios2eds/bin/gnu/H-x86_64-pc-linux-gnu/bin/../lib/gcc/nios2-elf/5.3.0/../../../../../H-x86_64-pc-linux-gnu/nios2-elf/lib/mno-hw-mul/libc.a(lib_a-memset.o)
 .debug_aranges
                0x00000000000001f8       0x20 /home/sabrina/intelFPGA_lite/18.0/nios2eds/bin/gnu/H-x86_64-pc-linux-gnu/bin/../lib/gcc/nios2-elf/5.3.0/../../../../../H-x86_64-pc-linux-gnu/nios2-elf/lib/mno-hw-mul/libc.a(lib_a-reallocr.o)
 .debug_aranges
                0x0000000000000218       0x20 /home/sabrina/intelFPGA_lite/18.0/nios2eds/bin/gnu/H-x86_64-pc-linux-gnu/bin/../lib/gcc/nios2-elf/5.3.0/../../../../../H-x86_64-pc-linux-gnu/nios2-elf/lib/mno-hw-mul/libc.a(lib_a-sbrkr.o)
 .debug_aranges
                0x0000000000000238       0x40 /home/sabrina/intelFPGA_lite/18.0/nios2eds/bin/gnu/H-x86_64-pc-linux-gnu/bin/../lib/gcc/nios2-elf/5.3.0/../../../../../H-x86_64-pc-linux-gnu/nios2-elf/lib/mno-hw-mul/libc.a(lib_a-stdio.o)
 .debug_aranges
                0x0000000000000278       0x20 /home/sabrina/intelFPGA_lite/18.0/nios2eds/bin/gnu/H-x86_64-pc-linux-gnu/bin/../lib/gcc/nios2-elf/5.3.0/../../../../../H-x86_64-pc-linux-gnu/nios2-elf/lib/mno-hw-mul/libc.a(lib_a-writer.o)
 .debug_aranges
                0x0000000000000298       0x20 /home/sabrina/intelFPGA_lite/18.0/nios2eds/bin/gnu/H-x86_64-pc-linux-gnu/bin/../lib/gcc/nios2-elf/5.3.0/../../../../../H-x86_64-pc-linux-gnu/nios2-elf/lib/mno-hw-mul/libc.a(lib_a-wsetup.o)
 .debug_aranges
                0x00000000000002b8       0x20 /home/sabrina/intelFPGA_lite/18.0/nios2eds/bin/gnu/H-x86_64-pc-linux-gnu/bin/../lib/gcc/nios2-elf/5.3.0/../../../../../H-x86_64-pc-linux-gnu/nios2-elf/lib/mno-hw-mul/libc.a(closer.o)
 .debug_aranges
                0x00000000000002d8       0x28 /home/sabrina/intelFPGA_lite/18.0/nios2eds/bin/gnu/H-x86_64-pc-linux-gnu/bin/../lib/gcc/nios2-elf/5.3.0/../../../../../H-x86_64-pc-linux-gnu/nios2-elf/lib/mno-hw-mul/libc.a(lib_a-fclose.o)
 .debug_aranges
                0x0000000000000300       0x30 /home/sabrina/intelFPGA_lite/18.0/nios2eds/bin/gnu/H-x86_64-pc-linux-gnu/bin/../lib/gcc/nios2-elf/5.3.0/../../../../../H-x86_64-pc-linux-gnu/nios2-elf/lib/mno-hw-mul/libc.a(lib_a-fflush.o)
 .debug_aranges
                0x0000000000000330       0x28 /home/sabrina/intelFPGA_lite/18.0/nios2eds/bin/gnu/H-x86_64-pc-linux-gnu/bin/../lib/gcc/nios2-elf/5.3.0/../../../../../H-x86_64-pc-linux-gnu/nios2-elf/lib/mno-hw-mul/libc.a(lib_a-freer.o)
 .debug_aranges
                0x0000000000000358       0x18 /home/sabrina/intelFPGA_lite/18.0/nios2eds/bin/gnu/H-x86_64-pc-linux-gnu/bin/../lib/gcc/nios2-elf/5.3.0/../../../../../H-x86_64-pc-linux-gnu/nios2-elf/lib/mno-hw-mul/libc.a(lib_a-int_errno.o)
 .debug_aranges
                0x0000000000000370       0x20 /home/sabrina/intelFPGA_lite/18.0/nios2eds/bin/gnu/H-x86_64-pc-linux-gnu/bin/../lib/gcc/nios2-elf/5.3.0/../../../../../H-x86_64-pc-linux-gnu/nios2-elf/lib/mno-hw-mul/libc.a(lib_a-lseekr.o)
 .debug_aranges
                0x0000000000000390       0x20 /home/sabrina/intelFPGA_lite/18.0/nios2eds/bin/gnu/H-x86_64-pc-linux-gnu/bin/../lib/gcc/nios2-elf/5.3.0/../../../../../H-x86_64-pc-linux-gnu/nios2-elf/lib/mno-hw-mul/libc.a(lib_a-makebuf.o)
 .debug_aranges
                0x00000000000003b0       0x20 /home/sabrina/intelFPGA_lite/18.0/nios2eds/bin/gnu/H-x86_64-pc-linux-gnu/bin/../lib/gcc/nios2-elf/5.3.0/../../../../../H-x86_64-pc-linux-gnu/nios2-elf/lib/mno-hw-mul/libc.a(lib_a-readr.o)
 .debug_aranges
                0x00000000000003d0       0x20 /home/sabrina/intelFPGA_lite/18.0/nios2eds/bin/gnu/H-x86_64-pc-linux-gnu/bin/../lib/gcc/nios2-elf/5.3.0/../../../../../H-x86_64-pc-linux-gnu/nios2-elf/lib/mno-hw-mul/libc.a(lib_a-fstatr.o)
 .debug_aranges
                0x00000000000003f0       0x20 /home/sabrina/intelFPGA_lite/18.0/nios2eds/bin/gnu/H-x86_64-pc-linux-gnu/bin/../lib/gcc/nios2-elf/5.3.0/../../../../../H-x86_64-pc-linux-gnu/nios2-elf/lib/mno-hw-mul/libc.a(lib_a-isattyr.o)
 .debug_aranges
                0x0000000000000410       0x20 /home/sabrina/intelFPGA_lite/18.0/nios2eds/bin/gnu/H-x86_64-pc-linux-gnu/bin/../lib/gcc/nios2-elf/5.3.0/mno-hw-mul/libgcc.a(lib2-divmod.o)
 .debug_aranges
                0x0000000000000430       0x20 /home/sabrina/intelFPGA_lite/18.0/nios2eds/bin/gnu/H-x86_64-pc-linux-gnu/bin/../lib/gcc/nios2-elf/5.3.0/mno-hw-mul/libgcc.a(lib2-mul.o)
 .debug_aranges
                0x0000000000000450       0x20 ../Hello2_bsp//libhal_bsp.a(alt_close.o)
 .debug_aranges
                0x0000000000000470       0x20 ../Hello2_bsp//libhal_bsp.a(alt_dev.o)
 .debug_aranges
                0x0000000000000490       0x18 ../Hello2_bsp//libhal_bsp.a(alt_errno.o)
 .debug_aranges
                0x00000000000004a8       0x20 ../Hello2_bsp//libhal_bsp.a(alt_fstat.o)
 .debug_aranges
                0x00000000000004c8       0x20 ../Hello2_bsp//libhal_bsp.a(alt_iic.o)
 .debug_aranges
                0x00000000000004e8       0x20 ../Hello2_bsp//libhal_bsp.a(alt_iic_isr_register.o)
 .debug_aranges
                0x0000000000000508       0x30 ../Hello2_bsp//libhal_bsp.a(alt_irq_entry.o)
 .debug_aranges
                0x0000000000000538       0x20 ../Hello2_bsp//libhal_bsp.a(alt_irq_handler.o)
 .debug_aranges
                0x0000000000000558       0x20 ../Hello2_bsp//libhal_bsp.a(alt_irq_register.o)
 .debug_aranges
                0x0000000000000578       0x18 ../Hello2_bsp//libhal_bsp.a(alt_irq_vars.o)
 .debug_aranges
                0x0000000000000590       0x20 ../Hello2_bsp//libhal_bsp.a(alt_isatty.o)
 .debug_aranges
                0x00000000000005b0       0x20 ../Hello2_bsp//libhal_bsp.a(alt_load.o)
 .debug_aranges
                0x00000000000005d0       0x20 ../Hello2_bsp//libhal_bsp.a(alt_lseek.o)
 .debug_aranges
                0x00000000000005f0       0x20 ../Hello2_bsp//libhal_bsp.a(alt_main.o)
 .debug_aranges
                0x0000000000000610       0x20 ../Hello2_bsp//libhal_bsp.a(alt_malloc_lock.o)
 .debug_aranges
                0x0000000000000630       0x20 ../Hello2_bsp//libhal_bsp.a(alt_read.o)
 .debug_aranges
                0x0000000000000650       0x20 ../Hello2_bsp//libhal_bsp.a(alt_release_fd.o)
 .debug_aranges
                0x0000000000000670       0x20 ../Hello2_bsp//libhal_bsp.a(alt_sbrk.o)
 .debug_aranges
                0x0000000000000690       0x20 ../Hello2_bsp//libhal_bsp.a(alt_usleep.o)
 .debug_aranges
                0x00000000000006b0       0x20 ../Hello2_bsp//libhal_bsp.a(alt_write.o)
 .debug_aranges
                0x00000000000006d0       0x20 ../Hello2_bsp//libhal_bsp.a(alt_sys_init.o)
 .debug_aranges
                0x00000000000006f0       0x20 ../Hello2_bsp//libhal_bsp.a(altera_avalon_jtag_uart_fd.o)
 .debug_aranges
                0x0000000000000710       0x20 ../Hello2_bsp//libhal_bsp.a(altera_avalon_jtag_uart_init.o)
 .debug_aranges
                0x0000000000000730       0x20 ../Hello2_bsp//libhal_bsp.a(altera_avalon_jtag_uart_ioctl.o)
 .debug_aranges
                0x0000000000000750       0x20 ../Hello2_bsp//libhal_bsp.a(altera_avalon_jtag_uart_read.o)
 .debug_aranges
                0x0000000000000770       0x20 ../Hello2_bsp//libhal_bsp.a(altera_avalon_jtag_uart_write.o)
 .debug_aranges
                0x0000000000000790       0x20 ../Hello2_bsp//libhal_bsp.a(alt_alarm_start.o)
 .debug_aranges
                0x00000000000007b0       0x20 ../Hello2_bsp//libhal_bsp.a(alt_busy_sleep.o)
 .debug_aranges
                0x00000000000007d0       0x20 ../Hello2_bsp//libhal_bsp.a(alt_dcache_flush_all.o)
 .debug_aranges
                0x00000000000007f0       0x20 ../Hello2_bsp//libhal_bsp.a(alt_dev_llist_insert.o)
 .debug_aranges
                0x0000000000000810       0x20 ../Hello2_bsp//libhal_bsp.a(alt_do_ctors.o)
 .debug_aranges
                0x0000000000000830       0x20 ../Hello2_bsp//libhal_bsp.a(alt_do_dtors.o)
 .debug_aranges
                0x0000000000000850       0x38 ../Hello2_bsp//libhal_bsp.a(alt_exception_entry.o)
 .debug_aranges