Archive member included to satisfy reference by file (symbol)

/home/sabrina/intelFPGA_lite/18.0/nios2eds/bin/gnu/H-x86_64-pc-linux-gnu/bin/../lib/gcc/nios2-elf/5.3.0/../../../../../H-x86_64-pc-linux-gnu/nios2-elf/lib/mno-hw-mul/libc.a(lib_a-printf.o)
                              obj/default/hello_world.o (printf)
/home/sabrina/intelFPGA_lite/18.0/nios2eds/bin/gnu/H-x86_64-pc-linux-gnu/bin/../lib/gcc/nios2-elf/5.3.0/../../../../../H-x86_64-pc-linux-gnu/nios2-elf/lib/mno-hw-mul/libc.a(lib_a-puts.o)
                              obj/default/hello_world.o (puts)
/home/sabrina/intelFPGA_lite/18.0/nios2eds/bin/gnu/H-x86_64-pc-linux-gnu/bin/../lib/gcc/nios2-elf/5.3.0/../../../../../H-x86_64-pc-linux-gnu/nios2-elf/lib/mno-hw-mul/libc.a(lib_a-strlen.o)
                              /home/sabrina/intelFPGA_lite/18.0/nios2eds/bin/gnu/H-x86_64-pc-linux-gnu/bin/../lib/gcc/nios2-elf/5.3.0/../../../../../H-x86_64-pc-linux-gnu/nios2-elf/lib/mno-hw-mul/libc.a(lib_a-puts.o) (strlen)
/home/sabrina/intelFPGA_lite/18.0/nios2eds/bin/gnu/H-x86_64-pc-linux-gnu/bin/../lib/gcc/nios2-elf/5.3.0/../../../../../H-x86_64-pc-linux-gnu/nios2-elf/lib/mno-hw-mul/libc.a(lib_a-vfprintf.o)
                              /home/sabrina/intelFPGA_lite/18.0/nios2eds/bin/gnu/H-x86_64-pc-linux-gnu/bin/../lib/gcc/nios2-elf/5.3.0/../../../../../H-x86_64-pc-linux-gnu/nios2-elf/lib/mno-hw-mul/libc.a(lib_a-printf.o) (___vfprintf_internal_r)
/home/sabrina/intelFPGA_lite/18.0/nios2eds/bin/gnu/H-x86_64-pc-linux-gnu/bin/../lib/gcc/nios2-elf/5.3.0/../../../../../H-x86_64-pc-linux-gnu/nios2-elf/lib/mno-hw-mul/libc.a(lib_a-wsetup.o)
                              /home/sabrina/intelFPGA_lite/18.0/nios2eds/bin/gnu/H-x86_64-pc-linux-gnu/bin/../lib/gcc/nios2-elf/5.3.0/../../../../../H-x86_64-pc-linux-gnu/nios2-elf/lib/mno-hw-mul/libc.a(lib_a-vfprintf.o) (__swsetup_r)
/home/sabrina/intelFPGA_lite/18.0/nios2eds/bin/gnu/H-x86_64-pc-linux-gnu/bin/../lib/gcc/nios2-elf/5.3.0/../../../../../H-x86_64-pc-linux-gnu/nios2-elf/lib/mno-hw-mul/libc.a(lib_a-dtoa.o)
                              /home/sabrina/intelFPGA_lite/18.0/nios2eds/bin/gnu/H-x86_64-pc-linux-gnu/bin/../lib/gcc/nios2-elf/5.3.0/../../../../../H-x86_64-pc-linux-gnu/nios2-elf/lib/mno-hw-mul/libc.a(lib_a-vfprintf.o) (_dtoa_r)
/home/sabrina/intelFPGA_lite/18.0/nios2eds/bin/gnu/H-x86_64-pc-linux-gnu/bin/../lib/gcc/nios2-elf/5.3.0/../../../../../H-x86_64-pc-linux-gnu/nios2-elf/lib/mno-hw-mul/libc.a(lib_a-fflush.o)
                              /home/sabrina/intelFPGA_lite/18.0/nios2eds/bin/gnu/H-x86_64-pc-linux-gnu/bin/../lib/gcc/nios2-elf/5.3.0/../../../../../H-x86_64-pc-linux-gnu/nios2-elf/lib/mno-hw-mul/libc.a(lib_a-vfprintf.o) (_fflush_r)
/home/sabrina/intelFPGA_lite/18.0/nios2eds/bin/gnu/H-x86_64-pc-linux-gnu/bin/../lib/gcc/nios2-elf/5.3.0/../../../../../H-x86_64-pc-linux-gnu/nios2-elf/lib/mno-hw-mul/libc.a(lib_a-findfp.o)
                              /home/sabrina/intelFPGA_lite/18.0/nios2eds/bin/gnu/H-x86_64-pc-linux-gnu/bin/../lib/gcc/nios2-elf/5.3.0/../../../../../H-x86_64-pc-linux-gnu/nios2-elf/lib/mno-hw-mul/libc.a(lib_a-puts.o) (__sinit)
/home/sabrina/intelFPGA_lite/18.0/nios2eds/bin/gnu/H-x86_64-pc-linux-gnu/bin/../lib/gcc/nios2-elf/5.3.0/../../../../../H-x86_64-pc-linux-gnu/nios2-elf/lib/mno-hw-mul/libc.a(lib_a-freer.o)
                              /home/sabrina/intelFPGA_lite/18.0/nios2eds/bin/gnu/H-x86_64-pc-linux-gnu/bin/../lib/gcc/nios2-elf/5.3.0/../../../../../H-x86_64-pc-linux-gnu/nios2-elf/lib/mno-hw-mul/libc.a(lib_a-wsetup.o) (_free_r)
/home/sabrina/intelFPGA_lite/18.0/nios2eds/bin/gnu/H-x86_64-pc-linux-gnu/bin/../lib/gcc/nios2-elf/5.3.0/../../../../../H-x86_64-pc-linux-gnu/nios2-elf/lib/mno-hw-mul/libc.a(lib_a-fvwrite.o)
                              /home/sabrina/intelFPGA_lite/18.0/nios2eds/bin/gnu/H-x86_64-pc-linux-gnu/bin/../lib/gcc/nios2-elf/5.3.0/../../../../../H-x86_64-pc-linux-gnu/nios2-elf/lib/mno-hw-mul/libc.a(lib_a-puts.o) (__sfvwrite_r)
/home/sabrina/intelFPGA_lite/18.0/nios2eds/bin/gnu/H-x86_64-pc-linux-gnu/bin/../lib/gcc/nios2-elf/5.3.0/../../../../../H-x86_64-pc-linux-gnu/nios2-elf/lib/mno-hw-mul/libc.a(lib_a-fwalk.o)
                              /home/sabrina/intelFPGA_lite/18.0/nios2eds/bin/gnu/H-x86_64-pc-linux-gnu/bin/../lib/gcc/nios2-elf/5.3.0/../../../../../H-x86_64-pc-linux-gnu/nios2-elf/lib/mno-hw-mul/libc.a(lib_a-findfp.o) (_fwalk)
/home/sabrina/intelFPGA_lite/18.0/nios2eds/bin/gnu/H-x86_64-pc-linux-gnu/bin/../lib/gcc/nios2-elf/5.3.0/../../../../../H-x86_64-pc-linux-gnu/nios2-elf/lib/mno-hw-mul/libc.a(lib_a-impure.o)
                              /home/sabrina/intelFPGA_lite/18.0/nios2eds/bin/gnu/H-x86_64-pc-linux-gnu/bin/../lib/gcc/nios2-elf/5.3.0/../../../../../H-x86_64-pc-linux-gnu/nios2-elf/lib/mno-hw-mul/libc.a(lib_a-fflush.o) (_global_impure_ptr)
/home/sabrina/intelFPGA_lite/18.0/nios2eds/bin/gnu/H-x86_64-pc-linux-gnu/bin/../lib/gcc/nios2-elf/5.3.0/../../../../../H-x86_64-pc-linux-gnu/nios2-elf/lib/mno-hw-mul/libc.a(lib_a-locale.o)
[...]
Memory Configuration

Name             Origin             Length             Attributes
reset            0x0000000000080000 0x0000000000000020
onchip_memory2_0 0x0000000000080020 0x000000000004ffe0
*default*        0x0000000000000000 0xffffffffffffffff

Linker script and memory map

LOAD ../Hello2_bsp//obj/HAL/src/crt0.o
LOAD obj/default/hello_world.o
LOAD /home/sabrina/intelFPGA_lite/18.0/nios2eds/bin/gnu/H-x86_64-pc-linux-gnu/bin/../lib/gcc/nios2-elf/5.3.0/../../../../../H-x86_64-pc-linux-gnu/nios2-elf/lib/mno-hw-mul/libstdc++.a
LOAD /home/sabrina/intelFPGA_lite/18.0/nios2eds/bin/gnu/H-x86_64-pc-linux-gnu/bin/../lib/gcc/nios2-elf/5.3.0/../../../../../H-x86_64-pc-linux-gnu/nios2-elf/lib/mno-hw-mul/libm.a
LOAD /home/sabrina/intelFPGA_lite/18.0/nios2eds/bin/gnu/H-x86_64-pc-linux-gnu/bin/../lib/gcc/nios2-elf/5.3.0/mno-hw-mul/libgcc.a
START GROUP
LOAD /home/sabrina/intelFPGA_lite/18.0/nios2eds/bin/gnu/H-x86_64-pc-linux-gnu/bin/../lib/gcc/nios2-elf/5.3.0/../../../../../H-x86_64-pc-linux-gnu/nios2-elf/lib/mno-hw-mul/libc.a
LOAD /home/sabrina/intelFPGA_lite/18.0/nios2eds/bin/gnu/H-x86_64-pc-linux-gnu/bin/../lib/gcc/nios2-elf/5.3.0/mno-hw-mul/libgcc.a
LOAD ../Hello2_bsp//libhal_bsp.a
LOAD /home/sabrina/intelFPGA_lite/18.0/nios2eds/bin/gnu/H-x86_64-pc-linux-gnu/bin/../lib/gcc/nios2-elf/5.3.0/../../../../../H-x86_64-pc-linux-gnu/nios2-elf/lib/mno-hw-mul/libm.a
END GROUP
LOAD /home/sabrina/intelFPGA_lite/18.0/nios2eds/bin/gnu/H-x86_64-pc-linux-gnu/bin/../lib/gcc/nios2-elf/5.3.0/mno-hw-mul/libgcc.a
                0x0000000000080000                __alt_mem_onchip_memory2_0 = 0x80000

.entry          0x0000000000080000       0x20
 *(.entry)
 .entry         0x0000000000080000       0x20 ../Hello2_bsp//obj/HAL/src/crt0.o
                0x0000000000080000                __reset

.exceptions     0x0000000000080020      0x210
                0x0000000000080020                PROVIDE (__ram_exceptions_start, ABSOLUTE (.))
                0x0000000000080020                . = ALIGN (0x20)
 *(.irq)
 *(.exceptions.entry.label)
 .exceptions.entry.label
                0x0000000000080020        0x0 ../Hello2_bsp//libhal_bsp.a(alt_irq_entry.o)
                0x0000000000080020                alt_irq_entry
 .exceptions.entry.label
                0x0000000000080020        0x0 ../Hello2_bsp//libhal_bsp.a(alt_exception_entry.o)
                0x0000000000080020                alt_exception
 *(.exceptions.entry.user)
 *(.exceptions.entry.ecc_fatal)
 *(.exceptions.entry)
 .exceptions.entry
                0x0000000000080020       0x54 ../Hello2_bsp//libhal_bsp.a(alt_exception_entry.o)
 *(.exceptions.irqtest.user)
 *(.exceptions.irqtest)
 .exceptions.irqtest
                0x0000000000080074       0x10 ../Hello2_bsp//libhal_bsp.a(alt_irq_entry.o)
 *(.exceptions.irqhandler.user)
 *(.exceptions.irqhandler)
 .exceptions.irqhandler
                0x0000000000080084        0x4 ../Hello2_bsp//libhal_bsp.a(alt_irq_entry.o)
 *(.exceptions.irqreturn.user)
 *(.exceptions.irqreturn)
 .exceptions.irqreturn
                0x0000000000080088        0x4 ../Hello2_bsp//libhal_bsp.a(alt_irq_entry.o)
 *(.exceptions.notirq.label)
 .exceptions.notirq.label
                0x000000000008008c        0x0 ../Hello2_bsp//libhal_bsp.a(alt_irq_entry.o)
 *(.exceptions.notirq.user)
 *(.exceptions.notirq)
 .exceptions.notirq
                0x000000000008008c        0x8 ../Hello2_bsp//libhal_bsp.a(alt_exception_entry.o)
 *(.exceptions.soft.user)
 *(.exceptions.soft)
 *(.exceptions.unknown.user)
 *(.exceptions.unknown)
 .exceptions.unknown
                0x0000000000080094       0x14 ../Hello2_bsp//libhal_bsp.a(alt_exception_entry.o)
 *(.exceptions.exit.label)
 .exceptions.exit.label
                0x00000000000800a8        0x0 ../Hello2_bsp//libhal_bsp.a(alt_irq_entry.o)
 .exceptions.exit.label
                0x00000000000800a8        0x0 ../Hello2_bsp//libhal_bsp.a(alt_exception_entry.o)
 *(.exceptions.exit.user)
 *(.exceptions.exit)
 .exceptions.exit
                0x00000000000800a8       0x54 ../Hello2_bsp//libhal_bsp.a(alt_exception_entry.o)
 *(.exceptions)
 .exceptions    0x00000000000800fc       0xd4 ../Hello2_bsp//libhal_bsp.a(alt_irq_handler.o)
                0x00000000000800fc                alt_irq_handler
 .exceptions    0x00000000000801d0       0x60 ../Hello2_bsp//libhal_bsp.a(alt_instruction_exception_entry.o)
                0x00000000000801d0                alt_instruction_exception_entry
                0x0000000000080230                PROVIDE (__ram_exceptions_end, ABSOLUTE (.))
                0x0000000000080020                PROVIDE (__flash_exceptions_start, LOADADDR (.exceptions))

.text           0x0000000000080230     0xfa80
                [!provide]                        PROVIDE (stext, ABSOLUTE (.))
 *(.interp)
 *(.hash)
 *(.dynsym)
 *(.dynstr)
 *(.gnu.version)
 *(.gnu.version_d)
 *(.gnu.version_r)
 *(.rel.init)
 *(.rela.init)
 *(.rel.text .rel.text.* .rel.gnu.linkonce.t.*)
 *(.rela.text .rela.text.* .rela.gnu.linkonce.t.*)
 *(.rel.fini)
 *(.rela.fini)
 *(.rel.rodata .rel.rodata.* .rel.gnu.linkonce.r.*)
 *(.rela.rodata .rela.rodata.* .rela.gnu.linkonce.r.*)
 *(.rel.data .rel.data.* .rel.gnu.linkonce.d.*)
 *(.rela.data .rela.data.* .rela.gnu.linkonce.d.*)
 *(.rel.tdata .rel.tdata.* .rel.gnu.linkonce.td.*)
 *(.rela.tdata .rela.tdata.* .rela.gnu.linkonce.td.*)
 *(.rel.tbss .rel.tbss.* .rel.gnu.linkonce.tb.*)
 *(.rela.tbss .rela.tbss.* .rela.gnu.linkonce.tb.*)
 *(.rel.ctors)
 *(.rela.ctors)
 *(.rel.dtors)
 *(.rela.dtors)
 *(.rel.got)
 *(.rela.got)
 *(.rel.sdata .rel.sdata.* .rel.gnu.linkonce.s.*)
 *(.rela.sdata .rela.sdata.* .rela.gnu.linkonce.s.*)
 *(.rel.sbss .rel.sbss.* .rel.gnu.linkonce.sb.*)
 *(.rela.sbss .rela.sbss.* .rela.gnu.linkonce.sb.*)
 *(.rel.sdata2 .rel.sdata2.* .rel.gnu.linkonce.s2.*)
 *(.rela.sdata2 .rela.sdata2.* .rela.gnu.linkonce.s2.*)
 *(.rel.sbss2 .rel.sbss2.* .rel.gnu.linkonce.sb2.*)
 *(.rela.sbss2 .rela.sbss2.* .rela.gnu.linkonce.sb2.*)
 *(.rel.bss .rel.bss.* .rel.gnu.linkonce.b.*)
 *(.rela.bss .rela.bss.* .rela.gnu.linkonce.b.*)
 *(.rel.plt)
 *(.rela.plt)
 *(.rel.dyn)
 *(.init)
 *(.plt)
 *(.text .stub .text.* .gnu.linkonce.t.*)
 .text          0x0000000000080230       0x3c ../Hello2_bsp//obj/HAL/src/crt0.o
                0x0000000000080230                _start
 .text          0x000000000008026c      0x168 obj/default/hello_world.o
                0x0000000000080330                main
 .text          0x00000000000803d4        0x0 /home/sabrina/intelFPGA_lite/18.0/nios2eds/bin/gnu/H-x86_64-pc-linux-gnu/bin/../lib/gcc/nios2-elf/5.3.0/../../../../../H-x86_64-pc-linux-gnu/nios2-elf/lib/mno-hw-mul/libc.a(lib_a-printf.o)
 .text._printf_r
                0x00000000000803d4       0x30 /home/sabrina/intelFPGA_lite/18.0/nios2eds/bin/gnu/H-x86_64-pc-linux-gnu/bin/../lib/gcc/nios2-elf/5.3.0/../../../../../H-x86_64-pc-linux-gnu/nios2-elf/lib/mno-hw-mul/libc.a(lib_a-printf.o)
                0x00000000000803d4                _printf_r
 .text.printf   0x0000000000080404       0x3c /home/sabrina/intelFPGA_lite/18.0/nios2eds/bin/gnu/H-x86_64-pc-linux-gnu/bin/../lib/gcc/nios2-elf/5.3.0/../../../../../H-x86_64-pc-linux-gnu/nios2-elf/lib/mno-hw-mul/libc.a(lib_a-printf.o)
                0x0000000000080404                printf
 .text          0x0000000000080440        0x0 /home/sabrina/intelFPGA_lite/18.0/nios2eds/bin/gnu/H-x86_64-pc-linux-gnu/bin/../lib/gcc/nios2-elf/5.3.0/../../../../../H-x86_64-pc-linux-gnu/nios2-elf/lib/mno-hw-mul/libc.a(lib_a-puts.o)
 .text._puts_r  0x0000000000080440       0xc0 /home/sabrina/intelFPGA_lite/18.0/nios2eds/bin/gnu/H-x86_64-pc-linux-gnu/bin/../lib/gcc/nios2-elf/5.3.0/../../../../../H-x86_64-pc-linux-gnu/nios2-elf/lib/mno-hw-mul/libc.a(lib_a-puts.o)
                0x0000000000080440                _puts_r
 .text.puts     0x0000000000080500       0x14 /home/sabrina/intelFPGA_lite/18.0/nios2eds/bin/gnu/H-x86_64-pc-linux-gnu/bin/../lib/gcc/nios2-elf/5.3.0/../../../../../H-x86_64-pc-linux-gnu/nios2-elf/lib/mno-hw-mul/libc.a(lib_a-puts.o)
                0x0000000000080500                puts
 .text          0x0000000000080514        0x0 /home/sabrina/intelFPGA_lite/18.0/nios2eds/bin/gnu/H-x86_64-pc-linux-gnu/bin/../lib/gcc/nios2-elf/5.3.0/../../../../../H-x86_64-pc-linux-gnu/nios2-elf/lib/mno-hw-mul/libc.a(lib_a-strlen.o)
 .text.strlen   0x0000000000080514       0x98 /home/sabrina/intelFPGA_lite/18.0/nios2eds/bin/gnu/H-x86_64-pc-linux-gnu/bin/../lib/gcc/nios2-elf/5.3.0/../../../../../H-x86_64-pc-linux-gnu/nios2-elf/lib/mno-hw-mul/libc.a(lib_a-strlen.o)
                0x0000000000080514                strlen
 .text          0x00000000000805ac        0x0 /home/sabrina/intelFPGA_lite/18.0/nios2eds/bin/gnu/H-x86_64-pc-linux-gnu/bin/../lib/gcc/nios2-elf/5.3.0/../../../../../H-x86_64-pc-linux-gnu/nios2-elf/lib/mno-hw-mul/libc.a(lib_a-vfprintf.o)
 .text.___vfprintf_internal_r
                0x00000000000805ac     0x22dc /home/sabrina/intelFPGA_lite/18.0/nios2eds/bin/gnu/H-x86_64-pc-linux-gnu/bin/../lib/gcc/nios2-elf/5.3.0/../../../../../H-x86_64-pc-linux-gnu/nios2-elf/lib/mno-hw-mul/libc.a(lib_a-vfprintf.o)
                0x00000000000805ac                ___vfprintf_internal_r
 .text.__vfprintf_internal
                0x0000000000082888       0x1c /home/sabrina/intelFPGA_lite/18.0/nios2eds/bin/gnu/H-x86_64-pc-linux-gnu/bin/../lib/gcc/nios2-elf/5.3.0/../../../../../H-x86_64-pc-linux-gnu/nios2-elf/lib/mno-hw-mul/libc.a(lib_a-vfprintf.o)
                0x0000000000082888                __vfprintf_internal
 .text.__sbprintf
                0x00000000000828a4       0xbc /home/sabrina/intelFPGA_lite/18.0/nios2eds/bin/gnu/H-x86_64-pc-linux-gnu/bin/../lib/gcc/nios2-elf/5.3.0/../../../../../H-x86_64-pc-linux-gnu/nios2-elf/lib/mno-hw-mul/libc.a(lib_a-vfprintf.o)
 .text          0x0000000000082960        0x0 /home/sabrina/intelFPGA_lite/18.0/nios2eds/bin/gnu/H-x86_64-pc-linux-gnu/bin/../lib/gcc/nios2-elf/5.3.0/../../../../../H-x86_64-pc-linux-gnu/nios2-elf/lib/mno-hw-mul/libc.a(lib_a-wsetup.o)
 .text.__swsetup_r
                0x0000000000082960      0x154 /home/sabrina/intelFPGA_lite/18.0/nios2eds/bin/gnu/H-x86_64-pc-linux-gnu/bin/../lib/gcc/nios2-elf/5.3.0/../../../../../H-x86_64-pc-linux-gnu/nios2-elf/lib/mno-hw-mul/libc.a(lib_a-wsetup.o)
                0x0000000000082960                __swsetup_r
 .text          0x0000000000082ab4        0x0 /home/sabrina/intelFPGA_lite/18.0/nios2eds/bin/gnu/H-x86_64-pc-linux-gnu/bin/../lib/gcc/nios2-elf/5.3.0/../../../../../H-x86_64-pc-linux-gnu/nios2-elf/lib/mno-hw-mul/libc.a(lib_a-dtoa.o)
 .text.quorem   0x0000000000082ab4      0x228 /home/sabrina/intelFPGA_lite/18.0/nios2eds/bin/gnu/H-x86_64-pc-linux-gnu/bin/../lib/gcc/nios2-elf/5.3.0/../../../../../H-x86_64-pc-linux-gnu/nios2-elf/lib/mno-hw-mul/libc.a(lib_a-dtoa.o)
 .text._dtoa_r  0x0000000000082cdc     0x1688 /home/sabrina/intelFPGA_lite/18.0/nios2eds/bin/gnu/H-x86_64-pc-linux-gnu/bin/../lib/gcc/nios2-elf/5.3.0/../../../../../H-x86_64-pc-linux-gnu/nios2-elf/lib/mno-hw-mul/libc.a(lib_a-dtoa.o)
                0x0000000000082cdc                _dtoa_r
 .text          0x0000000000084364        0x0 /home/sabrina/intelFPGA_lite/18.0/nios2eds/bin/gnu/H-x86_64-pc-linux-gnu/bin/../lib/gcc/nios2-elf/5.3.0/../../../../../H-x86_64-pc-linux-gnu/nios2-elf/lib/mno-hw-mul/libc.a(lib_a-fflush.o)
 .text.__sflush_r
                0x0000000000084364      0x21c /home/sabrina/intelFPGA_lite/18.0/nios2eds/bin/gnu/H-x86_64-pc-linux-gnu/bin/../lib/gcc/nios2-elf/5.3.0/../../../../../H-x86_64-pc-linux-gnu/nios2-elf/lib/mno-hw-mul/libc.a(lib_a-fflush.o)
                0x0000000000084364                __sflush_r
 .text._fflush_r
                0x0000000000084580       0x5c /home/sabrina/intelFPGA_lite/18.0/nios2eds/bin/gnu/H-x86_64-pc-linux-gnu/bin/../lib/gcc/nios2-elf/5.3.0/../../../../../H-x86_64-pc-linux-gnu/nios2-elf/lib/mno-hw-mul/libc.a(lib_a-fflush.o)
                0x0000000000084580                _fflush_r
 .text.fflush   0x00000000000845dc       0x30 /home/sabrina/intelFPGA_lite/18.0/nios2eds/bin/gnu/H-x86_64-pc-linux-gnu/bin/../lib/gcc/nios2-elf/5.3.0/../../../../../H-x86_64-pc-linux-gnu/nios2-elf/lib/mno-hw-mul/libc.a(lib_a-fflush.o)
                0x00000000000845dc                fflush
 .text          0x000000000008460c        0x0 /home/sabrina/intelFPGA_lite/18.0/nios2eds/bin/gnu/H-x86_64-pc-linux-gnu/bin/../lib/gcc/nios2-elf/5.3.0/../../../../../H-x86_64-pc-linux-gnu/nios2-elf/lib/mno-hw-mul/libc.a(lib_a-findfp.o)
 .text.__fp_unlock
                0x000000000008460c        0x8 /home/sabrina/intelFPGA_lite/18.0/nios2eds/bin/gnu/H-x86_64-pc-linux-gnu/bin/../lib/gcc/nios2-elf/5.3.0/../../../../../H-x86_64-pc-linux-gnu/nios2-elf/lib/mno-hw-mul/libc.a(lib_a-findfp.o)
 .text._cleanup_r
                0x0000000000084614        0xc /home/sabrina/intelFPGA_lite/18.0/nios2eds/bin/gnu/H-x86_64-pc-linux-gnu/bin/../lib/gcc/nios2-elf/5.3.0/../../../../../H-x86_64-pc-linux-gnu/nios2-elf/lib/mno-hw-mul/libc.a(lib_a-findfp.o)
                0x0000000000084614                _cleanup_r
 .text.__sinit.part.1
                0x0000000000084620      0x19c /home/sabrina/intelFPGA_lite/18.0/nios2eds/bin/gnu/H-x86_64-pc-linux-gnu/bin/../lib/gcc/nios2-elf/5.3.0/../../../../../H-x86_64-pc-linux-gnu/nios2-elf/lib/mno-hw-mul/libc.a(lib_a-findfp.o)
 .text.__fp_lock
                0x00000000000847bc        0x8 /home/sabrina/intelFPGA_lite/18.0/nios2eds/bin/gnu/H-x86_64-pc-linux-gnu/bin/../lib/gcc/nios2-elf/5.3.0/../../../../../H-x86_64-pc-linux-gnu/nios2-elf/lib/mno-hw-mul/libc.a(lib_a-findfp.o)
 .text.__sfmoreglue
                0x00000000000847c4       0x78 /home/sabrina/intelFPGA_lite/18.0/nios2eds/bin/gnu/H-x86_64-pc-linux-gnu/bin/../lib/gcc/nios2-elf/5.3.0/../../../../../H-x86_64-pc-linux-gnu/nios2-elf/lib/mno-hw-mul/libc.a(lib_a-findfp.o)
                0x00000000000847c4                __sfmoreglue
 .text.__sfp    0x000000000008483c      0x118 /home/sabrina/intelFPGA_lite/18.0/nios2eds/bin/gnu/H-x86_64-pc-linux-gnu/bin/../lib/gcc/nios2-elf/5.3.0/../../../../../H-x86_64-pc-linux-gnu/nios2-elf/lib/mno-hw-mul/libc.a(lib_a-findfp.o)
                0x000000000008483c                __sfp
 .text._cleanup
                0x0000000000084954       0x18 /home/sabrina/intelFPGA_lite/18.0/nios2eds/bin/gnu/H-x86_64-pc-linux-gnu/bin/../lib/gcc/nios2-elf/5.3.0/../../../../../H-x86_64-pc-linux-gnu/nios2-elf/lib/mno-hw-mul/libc.a(lib_a-findfp.o)
                0x0000000000084954                _cleanup
 .text.__sinit  0x000000000008496c       0x10 /home/sabrina/intelFPGA_lite/18.0/nios2eds/bin/gnu/H-x86_64-pc-linux-gnu/bin/../lib/gcc/nios2-elf/5.3.0/../../../../../H-x86_64-pc-linux-gnu/nios2-elf/lib/mno-hw-mul/libc.a(lib_a-findfp.o)
                0x000000000008496c                __sinit
 .text.__sfp_lock_acquire
                0x000000000008497c        0x4 /home/sabrina/intelFPGA_lite/18.0/nios2eds/bin/gnu/H-x86_64-pc-linux-gnu/bin/../lib/gcc/nios2-elf/5.3.0/../../../../../H-x86_64-pc-linux-gnu/nios2-elf/lib/mno-hw-mul/libc.a(lib_a-findfp.o)
                0x000000000008497c                __sfp_lock_acquire
 .text.__sfp_lock_release
                0x0000000000084980        0x4 /home/sabrina/intelFPGA_lite/18.0/nios2eds/bin/gnu/H-x86_64-pc-linux-gnu/bin/../lib/gcc/nios2-elf/5.3.0/../../../../../H-x86_64-pc-linux-gnu/nios2-elf/lib/mno-hw-mul/libc.a(lib_a-findfp.o)
                0x0000000000084980                __sfp_lock_release
 .text.__sinit_lock_acquire
                0x0000000000084984        0x4 /home/sabrina/intelFPGA_lite/18.0/nios2eds/bin/gnu/H-x86_64-pc-linux-gnu/bin/../lib/gcc/nios2-elf/5.3.0/../../../../../H-x86_64-pc-linux-gnu/nios2-elf/lib/mno-hw-mul/libc.a(lib_a-findfp.o)
                0x0000000000084984                __sinit_lock_acquire
 .text.__sinit_lock_release
                0x0000000000084988        0x4 /home/sabrina/intelFPGA_lite/18.0/nios2eds/bin/gnu/H-x86_64-pc-linux-gnu/bin/../lib/gcc/nios2-elf/5.3.0/../../../../../H-x86_64-pc-linux-gnu/nios2-elf/lib/mno-hw-mul/libc.a(lib_a-findfp.o)
                0x0000000000084988                __sinit_lock_release
 .text.__fp_lock_all
                0x000000000008498c       0x18 /home/sabrina/intelFPGA_lite/18.0/nios2eds/bin/gnu/H-x86_64-pc-linux-gnu/bin/../lib/gcc/nios2-elf/5.3.0/../../../../../H-x86_64-pc-linux-gnu/nios2-elf/lib/mno-hw-mul/libc.a(lib_a-findfp.o)
                0x000000000008498c                __fp_lock_all
 .text.__fp_unlock_all
                0x00000000000849a4       0x18 /home/sabrina/intelFPGA_lite/18.0/nios2eds/bin/gnu/H-x86_64-pc-linux-gnu/bin/../lib/gcc/nios2-elf/5.3.0/../../../../../H-x86_64-pc-linux-gnu/nios2-elf/lib/mno-hw-mul/libc.a(lib_a-findfp.o)
                0x00000000000849a4                __fp_unlock_all
 .text          0x00000000000849bc        0x0 /home/sabrina/intelFPGA_lite/18.0/nios2eds/bin/gnu/H-x86_64-pc-linux-gnu/bin/../lib/gcc/nios2-elf/5.3.0/../../../../../H-x86_64-pc-linux-gnu/nios2-elf/lib/mno-hw-mul/libc.a(lib_a-freer.o)
 .text._malloc_trim_r
                0x00000000000849bc      0x124 /home/sabrina/intelFPGA_lite/18.0/nios2eds/bin/gnu/H-x86_64-pc-linux-gnu/bin/../lib/gcc/nios2-elf/5.3.0/../../../../../H-x86_64-pc-linux-gnu/nios2-elf/lib/mno-hw-mul/libc.a(lib_a-freer.o)
                0x00000000000849bc                _malloc_trim_r
 .text._free_r  0x0000000000084ae0      0x310 /home/sabrina/intelFPGA_lite/18.0/nios2eds/bin/gnu/H-x86_64-pc-linux-gnu/bin/../lib/gcc/nios2-elf/5.3.0/../../../../../H-x86_64-pc-linux-gnu/nios2-elf/lib/mno-hw-mul/libc.a(lib_a-freer.o)
                0x0000000000084ae0                _free_r
 .text          0x0000000000084df0        0x0 /home/sabrina/intelFPGA_lite/18.0/nios2eds/bin/gnu/H-x86_64-pc-linux-gnu/bin/../lib/gcc/nios2-elf/5.3.0/../../../../../H-x86_64-pc-linux-gnu/nios2-elf/lib/mno-hw-mul/libc.a(lib_a-fvwrite.o)
 .text.__sfvwrite_r
                0x0000000000084df0      0x4c8 /home/sabrina/intelFPGA_lite/18.0/nios2eds/bin/gnu/H-x86_64-pc-linux-gnu/bin/../lib/gcc/nios2-elf/5.3.0/../../../../../H-x86_64-pc-linux-gnu/nios2-elf/lib/mno-hw-mul/libc.a(lib_a-fvwrite.o)
                0x0000000000084df0                __sfvwrite_r
 .text          0x00000000000852b8        0x0 /home/sabrina/intelFPGA_lite/18.0/nios2eds/bin/gnu/H-x86_64-pc-linux-gnu/bin/../lib/gcc/nios2-elf/5.3.0/../../../../../H-x86_64-pc-linux-gnu/nios2-elf/lib/mno-hw-mul/libc.a(lib_a-fwalk.o)
 .text._fwalk   0x00000000000852b8       0xc4 /home/sabrina/intelFPGA_lite/18.0/nios2eds/bin/gnu/H-x86_64-pc-linux-gnu/bin/../lib/gcc/nios2-elf/5.3.0/../../../../../H-x86_64-pc-linux-gnu/nios2-elf/lib/mno-hw-mul/libc.a(lib_a-fwalk.o)
                0x00000000000852b8                _fwalk
 .text._fwalk_reent
                0x000000000008537c       0xc4 /home/sabrina/intelFPGA_lite/18.0/nios2eds/bin/gnu/H-x86_64-pc-linux-gnu/bin/../lib/gcc/nios2-elf/5.3.0/../../../../../H-x86_64-pc-linux-gnu/nios2-elf/lib/mno-hw-mul/libc.a(lib_a-fwalk.o)
                0x000000000008537c                _fwalk_reent
 .text          0x0000000000085440        0x0 /home/sabrina/intelFPGA_lite/18.0/nios2eds/bin/gnu/H-x86_64-pc-linux-gnu/bin/../lib/gcc/nios2-elf/5.3.0/../../../../../H-x86_64-pc-linux-gnu/nios2-elf/lib/mno-hw-mul/libc.a(lib_a-impure.o)
 .text          0x0000000000085440        0x0 /home/sabrina/intelFPGA_lite/18.0/nios2eds/bin/gnu/H-x86_64-pc-linux-gnu/bin/../lib/gcc/nios2-elf/5.3.0/../../../../../H-x86_64-pc-linux-gnu/nios2-elf/lib/mno-hw-mul/libc.a(lib_a-locale.o)
 .text._setlocale_r
                0x0000000000085440       0x7c /home/sabrina/intelFPGA_lite/18.0/nios2eds/bin/gnu/H-x86_64-pc-linux-gnu/bin/../lib/gcc/nios2-elf/5.3.0/../../../../../H-x86_64-pc-linux-gnu/nios2-elf/lib/mno-hw-mul/libc.a(lib_a-locale.o)
                0x0000000000085440                _setlocale_r
 .text.__locale_charset
                0x00000000000854bc        0xc /home/sabrina/intelFPGA_lite/18.0/nios2eds/bin/gnu/H-x86_64-pc-linux-gnu/bin/../lib/gcc/nios2-elf/5.3.0/../../../../../H-x86_64-pc-linux-gnu/nios2-elf/lib/mno-hw-mul/libc.a(lib_a-locale.o)
                0x00000000000854bc                __locale_charset
 .text.__locale_mb_cur_max
                0x00000000000854c8       0x10 /home/sabrina/intelFPGA_lite/18.0/nios2eds/bin/gnu/H-x86_64-pc-linux-gnu/bin/../lib/gcc/nios2-elf/5.3.0/../../../../../H-x86_64-pc-linux-gnu/nios2-elf/lib/mno-hw-mul/libc.a(lib_a-locale.o)
                0x00000000000854c8                __locale_mb_cur_max
 .text.__locale_msgcharset
                0x00000000000854d8        0xc /home/sabrina/intelFPGA_lite/18.0/nios2eds/bin/gnu/H-x86_64-pc-linux-gnu/bin/../lib/gcc/nios2-elf/5.3.0/../../../../../H-x86_64-pc-linux-gnu/nios2-elf/lib/mno-hw-mul/libc.a(lib_a-locale.o)
                0x00000000000854d8                __locale_msgcharset
 .text.__locale_cjk_lang
                0x00000000000854e4        0x8 /home/sabrina/intelFPGA_lite/18.0/nios2eds/bin/gnu/H-x86_64-pc-linux-gnu/bin/../lib/gcc/nios2-elf/5.3.0/../../../../../H-x86_64-pc-linux-gnu/nios2-elf/lib/mno-hw-mul/libc.a(lib_a-locale.o)
                0x00000000000854e4                __locale_cjk_lang
 .text._localeconv_r
                0x00000000000854ec        0xc /home/sabrina/intelFPGA_lite/18.0/nios2eds/bin/gnu/H-x86_64-pc-linux-gnu/bin/../lib/gcc/nios2-elf/5.3.0/../../../../../H-x86_64-pc-linux-gnu/nios2-elf/lib/mno-hw-mul/libc.a(lib_a-locale.o)
                0x00000000000854ec                _localeconv_r
 .text.setlocale
                0x00000000000854f8       0x18 /home/sabrina/intelFPGA_lite/18.0/nios2eds/bin/gnu/H-x86_64-pc-linux-gnu/bin/../lib/gcc/nios2-elf/5.3.0/../../../../../H-x86_64-pc-linux-gnu/nios2-elf/lib/mno-hw-mul/libc.a(lib_a-locale.o)
                0x00000000000854f8                setlocale
 .text.localeconv
                0x0000000000085510        0xc /home/sabrina/intelFPGA_lite/18.0/nios2eds/bin/gnu/H-x86_64-pc-linux-gnu/bin/../lib/gcc/nios2-elf/5.3.0/../../../../../H-x86_64-pc-linux-gnu/nios2-elf/lib/mno-hw-mul/libc.a(lib_a-locale.o)
                0x0000000000085510                localeconv
 .text          0x000000000008551c        0x0 /home/sabrina/intelFPGA_lite/18.0/nios2eds/bin/gnu/H-x86_64-pc-linux-gnu/bin/../lib/gcc/nios2-elf/5.3.0/../../../../../H-x86_64-pc-linux-gnu/nios2-elf/lib/mno-hw-mul/libc.a(lib_a-makebuf.o)
 .text.__smakebuf_r
                0x000000000008551c      0x1bc /home/sabrina/intelFPGA_lite/18.0/nios2eds/bin/gnu/H-x86_64-pc-linux-gnu/bin/../lib/gcc/nios2-elf/5.3.0/../../../../../H-x86_64-pc-linux-gnu/nios2-elf/lib/mno-hw-mul/libc.a(lib_a-makebuf.o)
                0x000000000008551c                __smakebuf_r
 .text          0x00000000000856d8        0x0 /home/sabrina/intelFPGA_lite/18.0/nios2eds/bin/gnu/H-x86_64-pc-linux-gnu/bin/../lib/gcc/nios2-elf/5.3.0/../../../../../H-x86_64-pc-linux-gnu/nios2-elf/lib/mno-hw-mul/libc.a(lib_a-mallocr.o)
 .text._malloc_r
                0x00000000000856d8      0x80c /home/sabrina/intelFPGA_lite/18.0/nios2eds/bin/gnu/H-x86_64-pc-linux-gnu/bin/../lib/gcc/nios2-elf/5.3.0/../../../../../H-x86_64-pc-linux-gnu/nios2-elf/lib/mno-hw-mul/libc.a(lib_a-mallocr.o)
                0x00000000000856d8                _malloc_r
 .text          0x0000000000085ee4        0x0 /home/sabrina/intelFPGA_lite/18.0/nios2eds/bin/gnu/H-x86_64-pc-linux-gnu/bin/../lib/gcc/nios2-elf/5.3.0/../../../../../H-x86_64-pc-linux-gnu/nios2-elf/lib/mno-hw-mul/libc.a(lib_a-memchr.o)
 .text.memchr   0x0000000000085ee4       0xe4 /home/sabrina/intelFPGA_lite/18.0/nios2eds/bin/gnu/H-x86_64-pc-linux-gnu/bin/../lib/gcc/nios2-elf/5.3.0/../../../../../H-x86_64-pc-linux-gnu/nios2-elf/lib/mno-hw-mul/libc.a(lib_a-memchr.o)
                0x0000000000085ee4                memchr
 .text          0x0000000000085fc8        0x0 /home/sabrina/intelFPGA_lite/18.0/nios2eds/bin/gnu/H-x86_64-pc-linux-gnu/bin/../lib/gcc/nios2-elf/5.3.0/../../../../../H-x86_64-pc-linux-gnu/nios2-elf/lib/mno-hw-mul/libc.a(lib_a-memcpy.o)
 .text.memcpy   0x0000000000085fc8      0x148 /home/sabrina/intelFPGA_lite/18.0/nios2eds/bin/gnu/H-x86_64-pc-linux-gnu/bin/../lib/gcc/nios2-elf/5.3.0/../../../../../H-x86_64-pc-linux-gnu/nios2-elf/lib/mno-hw-mul/libc.a(lib_a-memcpy.o)
                0x0000000000085fc8                memcpy
 .text          0x0000000000086110        0x0 /home/sabrina/intelFPGA_lite/18.0/nios2eds/bin/gnu/H-x86_64-pc-linux-gnu/bin/../lib/gcc/nios2-elf/5.3.0/../../../../../H-x86_64-pc-linux-gnu/nios2-elf/lib/mno-hw-mul/libc.a(lib_a-memmove.o)
 .text.memmove  0x0000000000086110      0x15c /home/sabrina/intelFPGA_lite/18.0/nios2eds/bin/gnu/H-x86_64-pc-linux-gnu/bin/../lib/gcc/nios2-elf/5.3.0/../../../../../H-x86_64-pc-linux-gnu/nios2-elf/lib/mno-hw-mul/libc.a(lib_a-memmove.o)
                0x0000000000086110                memmove
 .text          0x000000000008626c        0x0 /home/sabrina/intelFPGA_lite/18.0/nios2eds/bin/gnu/H-x86_64-pc-linux-gnu/bin/../lib/gcc/nios2-elf/5.3.0/../../../../../H-x86_64-pc-linux-gnu/nios2-elf/lib/mno-hw-mul/libc.a(lib_a-memset.o)
 .text.memset   0x000000000008626c      0x128 /home/sabrina/intelFPGA_lite/18.0/nios2eds/bin/gnu/H-x86_64-pc-linux-gnu/bin/../lib/gcc/nios2-elf/5.3.0/../../../../../H-x86_64-pc-linux-gnu/nios2-elf/lib/mno-hw-mul/libc.a(lib_a-memset.o)
                0x000000000008626c                memset
 .text          0x0000000000086394        0x0 /home/sabrina/intelFPGA_lite/18.0/nios2eds/bin/gnu/H-x86_64-pc-linux-gnu/bin/../lib/gcc/nios2-elf/5.3.0/../../../../../H-x86_64-pc-linux-gnu/nios2-elf/lib/mno-hw-mul/libc.a(lib_a-mprec.o)
 .text._Balloc  0x0000000000086394       0xa8 /home/sabrina/intelFPGA_lite/18.0/nios2eds/bin/gnu/H-x86_64-pc-linux-gnu/bin/../lib/gcc/nios2-elf/5.3.0/../../../../../H-x86_64-pc-linux-gnu/nios2-elf/lib/mno-hw-mul/libc.a(lib_a-mprec.o)
                0x0000000000086394                _Balloc
 .text._Bfree   0x000000000008643c       0x28 /home/sabrina/intelFPGA_lite/18.0/nios2eds/bin/gnu/H-x86_64-pc-linux-gnu/bin/../lib/gcc/nios2-elf/5.3.0/../../../../../H-x86_64-pc-linux-gnu/nios2-elf/lib/mno-hw-mul/libc.a(lib_a-mprec.o)
                0x000000000008643c                _Bfree
 .text.__multadd
                0x0000000000086464      0x148 /home/sabrina/intelFPGA_lite/18.0/nios2eds/bin/gnu/H-x86_64-pc-linux-gnu/bin/../lib/gcc/nios2-elf/5.3.0/../../../../../H-x86_64-pc-linux-gnu/nios2-elf/lib/mno-hw-mul/libc.a(lib_a-mprec.o)
                0x0000000000086464                __multadd
 .text.__s2b    0x00000000000865ac      0x104 /home/sabrina/intelFPGA_lite/18.0/nios2eds/bin/gnu/H-x86_64-pc-linux-gnu/bin/../lib/gcc/nios2-elf/5.3.0/../../../../../H-x86_64-pc-linux-gnu/nios2-elf/lib/mno-hw-mul/libc.a(lib_a-mprec.o)
                0x00000000000865ac                __s2b
 .text.__hi0bits
                0x00000000000866b0       0x68 /home/sabrina/intelFPGA_lite/18.0/nios2eds/bin/gnu/H-x86_64-pc-linux-gnu/bin/../lib/gcc/nios2-elf/5.3.0/../../../../../H-x86_64-pc-linux-gnu/nios2-elf/lib/mno-hw-mul/libc.a(lib_a-mprec.o)
                0x00000000000866b0                __hi0bits
 .text.__lo0bits
                0x0000000000086718       0xb0 /home/sabrina/intelFPGA_lite/18.0/nios2eds/bin/gnu/H-x86_64-pc-linux-gnu/bin/../lib/gcc/nios2-elf/5.3.0/../../../../../H-x86_64-pc-linux-gnu/nios2-elf/lib/mno-hw-mul/libc.a(lib_a-mprec.o)
                0x0000000000086718                __lo0bits
 .text.__i2b    0x00000000000867c8       0x3c /home/sabrina/intelFPGA_lite/18.0/nios2eds/bin/gnu/H-x86_64-pc-linux-gnu/bin/../lib/gcc/nios2-elf/5.3.0/../../../../../H-x86_64-pc-linux-gnu/nios2-elf/lib/mno-hw-mul/libc.a(lib_a-mprec.o)
                0x00000000000867c8                __i2b
 .text.__multiply
                0x0000000000086804      0x28c /home/sabrina/intelFPGA_lite/18.0/nios2eds/bin/gnu/H-x86_64-pc-linux-gnu/bin/../lib/gcc/nios2-elf/5.3.0/../../../../../H-x86_64-pc-linux-gnu/nios2-elf/lib/mno-hw-mul/libc.a(lib_a-mprec.o)
                0x0000000000086804                __multiply
 .text.__pow5mult
                0x0000000000086a90      0x140 /home/sabrina/intelFPGA_lite/18.0/nios2eds/bin/gnu/H-x86_64-pc-linux-gnu/bin/../lib/gcc/nios2-elf/5.3.0/../../../../../H-x86_64-pc-linux-gnu/nios2-elf/lib/mno-hw-mul/libc.a(lib_a-mprec.o)
                0x0000000000086a90                __pow5mult
 .text.__lshift
                0x0000000000086bd0      0x148 /home/sabrina/intelFPGA_lite/18.0/nios2eds/bin/gnu/H-x86_64-pc-linux-gnu/bin/../lib/gcc/nios2-elf/5.3.0/../../../../../H-x86_64-pc-linux-gnu/nios2-elf/lib/mno-hw-mul/libc.a(lib_a-mprec.o)
                0x0000000000086bd0                __lshift
 .text.__mcmp   0x0000000000086d18       0x60 /home/sabrina/intelFPGA_lite/18.0/nios2eds/bin/gnu/H-x86_64-pc-linux-gnu/bin/../lib/gcc/nios2-elf/5.3.0/../../../../../H-x86_64-pc-linux-gnu/nios2-elf/lib/mno-hw-mul/libc.a(lib_a-mprec.o)
                0x0000000000086d18                __mcmp
 .text.__mdiff  0x0000000000086d78      0x1fc /home/sabrina/intelFPGA_lite/18.0/nios2eds/bin/gnu/H-x86_64-pc-linux-gnu/bin/../lib/gcc/nios2-elf/5.3.0/../../../../../H-x86_64-pc-linux-gnu/nios2-elf/lib/mno-hw-mul/libc.a(lib_a-mprec.o)
                0x0000000000086d78                __mdiff
 .text.__ulp    0x0000000000086f74       0x64 /home/sabrina/intelFPGA_lite/18.0/nios2eds/bin/gnu/H-x86_64-pc-linux-gnu/bin/../lib/gcc/nios2-elf/5.3.0/../../../../../H-x86_64-pc-linux-gnu/nios2-elf/lib/mno-hw-mul/libc.a(lib_a-mprec.o)
                0x0000000000086f74                __ulp
 .text.__b2d    0x0000000000086fd8      0x10c /home/sabrina/intelFPGA_lite/18.0/nios2eds/bin/gnu/H-x86_64-pc-linux-gnu/bin/../lib/gcc/nios2-elf/5.3.0/../../../../../H-x86_64-pc-linux-gnu/nios2-elf/lib/mno-hw-mul/libc.a(lib_a-mprec.o)
                0x0000000000086fd8                __b2d
 .text.__d2b    0x00000000000870e4      0x14c /home/sabrina/intelFPGA_lite/18.0/nios2eds/bin/gnu/H-x86_64-pc-linux-gnu/bin/../lib/gcc/nios2-elf/5.3.0/../../../../../H-x86_64-pc-linux-gnu/nios2-elf/lib/mno-hw-mul/libc.a(lib_a-mprec.o)
                0x00000000000870e4                __d2b
 .text.__ratio  0x0000000000087230       0xa4 /home/sabrina/intelFPGA_lite/18.0/nios2eds/bin/gnu/H-x86_64-pc-linux-gnu/bin/../lib/gcc/nios2-elf/5.3.0/../../../../../H-x86_64-pc-linux-gnu/nios2-elf/lib/mno-hw-mul/libc.a(lib_a-mprec.o)
                0x0000000000087230                __ratio
 .text._mprec_log10
                0x00000000000872d4       0x74 /home/sabrina/intelFPGA_lite/18.0/nios2eds/bin/gnu/H-x86_64-pc-linux-gnu/bin/../lib/gcc/nios2-elf/5.3.0/../../../../../H-x86_64-pc-linux-gnu/nios2-elf/lib/mno-hw-mul/libc.a(lib_a-mprec.o)
                0x00000000000872d4                _mprec_log10
 .text.__copybits
                0x0000000000087348       0x78 /home/sabrina/intelFPGA_lite/18.0/nios2eds/bin/gnu/H-x86_64-pc-linux-gnu/bin/../lib/gcc/nios2-elf/5.3.0/../../../../../H-x86_64-pc-linux-gnu/nios2-elf/lib/mno-hw-mul/libc.a(lib_a-mprec.o)
                0x0000000000087348                __copybits
 .text.__any_on
                0x00000000000873c0       0x8c /home/sabrina/intelFPGA_lite/18.0/nios2eds/bin/gnu/H-x86_64-pc-linux-gnu/bin/../lib/gcc/nios2-elf/5.3.0/../../../../../H-x86_64-pc-linux-gnu/nios2-elf/lib/mno-hw-mul/libc.a(lib_a-mprec.o)
                0x00000000000873c0                __any_on
 .text          0x000000000008744c        0x0 /home/sabrina/intelFPGA_lite/18.0/nios2eds/bin/gnu/H-x86_64-pc-linux-gnu/bin/../lib/gcc/nios2-elf/5.3.0/../../../../../H-x86_64-pc-linux-gnu/nios2-elf/lib/mno-hw-mul/libc.a(lib_a-reallocr.o)
 .text._realloc_r
                0x000000000008744c      0x564 /home/sabrina/intelFPGA_lite/18.0/nios2eds/bin/gnu/H-x86_64-pc-linux-gnu/bin/../lib/gcc/nios2-elf/5.3.0/../../../../../H-x86_64-pc-linux-gnu/nios2-elf/lib/mno-hw-mul/libc.a(lib_a-reallocr.o)
                0x000000000008744c                _realloc_r
 .text          0x00000000000879b0        0x0 /home/sabrina/intelFPGA_lite/18.0/nios2eds/bin/gnu/H-x86_64-pc-linux-gnu/bin/../lib/gcc/nios2-elf/5.3.0/../../../../../H-x86_64-pc-linux-gnu/nios2-elf/lib/mno-hw-mul/libc.a(lib_a-s_fpclassify.o)
 .text.__fpclassifyd
                0x00000000000879b0       0x74 /home/sabrina/intelFPGA_lite/18.0/nios2eds/bin/gnu/H-x86_64-pc-linux-gnu/bin/../lib/gcc/nios2-elf/5.3.0/../../../../../H-x86_64-pc-linux-gnu/nios2-elf/lib/mno-hw-mul/libc.a(lib_a-s_fpclassify.o)
                0x00000000000879b0                __fpclassifyd
 .text          0x0000000000087a24        0x0 /home/sabrina/intelFPGA_lite/18.0/nios2eds/bin/gnu/H-x86_64-pc-linux-gnu/bin/../lib/gcc/nios2-elf/5.3.0/../../../../../H-x86_64-pc-linux-gnu/nios2-elf/lib/mno-hw-mul/libc.a(lib_a-sbrkr.o)
 .text._sbrk_r  0x0000000000087a24       0x54 /home/sabrina/intelFPGA_lite/18.0/nios2eds/bin/gnu/H-x86_64-pc-linux-gnu/bin/../lib/gcc/nios2-elf/5.3.0/../../../../../H-x86_64-pc-linux-gnu/nios2-elf/lib/mno-hw-mul/libc.a(lib_a-sbrkr.o)
                0x0000000000087a24                _sbrk_r
 .text          0x0000000000087a78        0x0 /home/sabrina/intelFPGA_lite/18.0/nios2eds/bin/gnu/H-x86_64-pc-linux-gnu/bin/../lib/gcc/nios2-elf/5.3.0/../../../../../H-x86_64-pc-linux-gnu/nios2-elf/lib/mno-hw-mul/libc.a(lib_a-stdio.o)
 .text.__sread  0x0000000000087a78       0x54 /home/sabrina/intelFPGA_lite/18.0/nios2eds/bin/gnu/H-x86_64-pc-linux-gnu/bin/../lib/gcc/nios2-elf/5.3.0/../../../../../H-x86_64-pc-linux-gnu/nios2-elf/lib/mno-hw-mul/libc.a(lib_a-stdio.o)
                0x0000000000087a78                __sread
 .text.__seofread
                0x0000000000087acc        0x8 /home/sabrina/intelFPGA_lite/18.0/nios2eds/bin/gnu/H-x86_64-pc-linux-gnu/bin/../lib/gcc/nios2-elf/5.3.0/../../../../../H-x86_64-pc-linux-gnu/nios2-elf/lib/mno-hw-mul/libc.a(lib_a-stdio.o)
                0x0000000000087acc                __seofread
 .text.__swrite
                0x0000000000087ad4       0x7c /home/sabrina/intelFPGA_lite/18.0/nios2eds/bin/gnu/H-x86_64-pc-linux-gnu/bin/../lib/gcc/nios2-elf/5.3.0/../../../../../H-x86_64-pc-linux-gnu/nios2-elf/lib/mno-hw-mul/libc.a(lib_a-stdio.o)
                0x0000000000087ad4                __swrite
 .text.__sseek  0x0000000000087b50       0x5c /home/sabrina/intelFPGA_lite/18.0/nios2eds/bin/gnu/H-x86_64-pc-linux-gnu/bin/../lib/gcc/nios2-elf/5.3.0/../../../../../H-x86_64-pc-linux-gnu/nios2-elf/lib/mno-hw-mul/libc.a(lib_a-stdio.o)
                0x0000000000087b50                __sseek
 .text.__sclose
                0x0000000000087bac        0x8 /home/sabrina/intelFPGA_lite/18.0/nios2eds/bin/gnu/H-x86_64-pc-linux-gnu/bin/../lib/gcc/nios2-elf/5.3.0/../../../../../H-x86_64-pc-linux-gnu/nios2-elf/lib/mno-hw-mul/libc.a(lib_a-stdio.o)
                0x0000000000087bac                __sclose
 .text          0x0000000000087bb4        0x0 /home/sabrina/intelFPGA_lite/18.0/nios2eds/bin/gnu/H-x86_64-pc-linux-gnu/bin/../lib/gcc/nios2-elf/5.3.0/../../../../../H-x86_64-pc-linux-gnu/nios2-elf/lib/mno-hw-mul/libc.a(lib_a-strcmp.o)
 .text.strcmp   0x0000000000087bb4       0xdc /home/sabrina/intelFPGA_lite/18.0/nios2eds/bin/gnu/H-x86_64-pc-linux-gnu/bin/../lib/gcc/nios2-elf/5.3.0/../../../../../H-x86_64-pc-linux-gnu/nios2-elf/lib/mno-hw-mul/libc.a(lib_a-strcmp.o)
                0x0000000000087bb4                strcmp
 .text          0x0000000000087c90        0x0 /home/sabrina/intelFPGA_lite/18.0/nios2eds/bin/gnu/H-x86_64-pc-linux-gnu/bin/../lib/gcc/nios2-elf/5.3.0/../../../../../H-x86_64-pc-linux-gnu/nios2-elf/lib/mno-hw-mul/libc.a(lib_a-vfiprintf.o)
 .text.__sprint_r.part.0
                0x0000000000087c90       0xfc /home/sabrina/intelFPGA_lite/18.0/nios2eds/bin/gnu/H-x86_64-pc-linux-gnu/bin/../lib/gcc/nios2-elf/5.3.0/../../../../../H-x86_64-pc-linux-gnu/nios2-elf/lib/mno-hw-mul/libc.a(lib_a-vfiprintf.o)
 .text.__sprint_r
                0x0000000000087d8c       0x18 /home/sabrina/intelFPGA_lite/18.0/nios2eds/bin/gnu/H-x86_64-pc-linux-gnu/bin/../lib/gcc/nios2-elf/5.3.0/../../../../../H-x86_64-pc-linux-gnu/nios2-elf/lib/mno-hw-mul/libc.a(lib_a-vfiprintf.o)
                0x0000000000087d8c                __sprint_r
 .text.___vfiprintf_internal_r
                0x0000000000087da4     0x150c /home/sabrina/intelFPGA_lite/18.0/nios2eds/bin/gnu/H-x86_64-pc-linux-gnu/bin/../lib/gcc/nios2-elf/5.3.0/../../../../../H-x86_64-pc-linux-gnu/nios2-elf/lib/mno-hw-mul/libc.a(lib_a-vfiprintf.o)
                0x0000000000087da4                ___vfiprintf_internal_r
 .text.__vfiprintf_internal
                0x00000000000892b0       0x1c /home/sabrina/intelFPGA_lite/18.0/nios2eds/bin/gnu/H-x86_64-pc-linux-gnu/bin/../lib/gcc/nios2-elf/5.3.0/../../../../../H-x86_64-pc-linux-gnu/nios2-elf/lib/mno-hw-mul/libc.a(lib_a-vfiprintf.o)
                0x00000000000892b0                __vfiprintf_internal
 .text.__sbprintf
                0x00000000000892cc       0xbc /home/sabrina/intelFPGA_lite/18.0/nios2eds/bin/gnu/H-x86_64-pc-linux-gnu/bin/../lib/gcc/nios2-elf/5.3.0/../../../../../H-x86_64-pc-linux-gnu/nios2-elf/lib/mno-hw-mul/libc.a(lib_a-vfiprintf.o)
 .text          0x0000000000089388        0x0 /home/sabrina/intelFPGA_lite/18.0/nios2eds/bin/gnu/H-x86_64-pc-linux-gnu/bin/../lib/gcc/nios2-elf/5.3.0/../../../../../H-x86_64-pc-linux-gnu/nios2-elf/lib/mno-hw-mul/libc.a(lib_a-writer.o)
 .text._write_r
                0x0000000000089388       0x60 /home/sabrina/intelFPGA_lite/18.0/nios2eds/bin/gnu/H-x86_64-pc-linux-gnu/bin/../lib/gcc/nios2-elf/5.3.0/../../../../../H-x86_64-pc-linux-gnu/nios2-elf/lib/mno-hw-mul/libc.a(lib_a-writer.o)
                0x0000000000089388                _write_r
 .text          0x00000000000893e8        0x0 /home/sabrina/intelFPGA_lite/18.0/nios2eds/bin/gnu/H-x86_64-pc-linux-gnu/bin/../lib/gcc/nios2-elf/5.3.0/../../../../../H-x86_64-pc-linux-gnu/nios2-elf/lib/mno-hw-mul/libc.a(closer.o)
 .text._close_r
                0x00000000000893e8       0x54 /home/sabrina/intelFPGA_lite/18.0/nios2eds/bin/gnu/H-x86_64-pc-linux-gnu/bin/../lib/gcc/nios2-elf/5.3.0/../../../../../H-x86_64-pc-linux-gnu/nios2-elf/lib/mno-hw-mul/libc.a(closer.o)
                0x00000000000893e8                _close_r
 .text          0x000000000008943c        0x0 /home/sabrina/intelFPGA_lite/18.0/nios2eds/bin/gnu/H-x86_64-pc-linux-gnu/bin/../lib/gcc/nios2-elf/5.3.0/../../../../../H-x86_64-pc-linux-gnu/nios2-elf/lib/mno-hw-mul/libc.a(lib_a-callocr.o)
 .text._calloc_r
                0x000000000008943c       0xdc /home/sabrina/intelFPGA_lite/18.0/nios2eds/bin/gnu/H-x86_64-pc-linux-gnu/bin/../lib/gcc/nios2-elf/5.3.0/../../../../../H-x86_64-pc-linux-gnu/nios2-elf/lib/mno-hw-mul/libc.a(lib_a-callocr.o)
                0x000000000008943c                _calloc_r
 .text          0x0000000000089518        0x0 /home/sabrina/intelFPGA_lite/18.0/nios2eds/bin/gnu/H-x86_64-pc-linux-gnu/bin/../lib/gcc/nios2-elf/5.3.0/../../../../../H-x86_64-pc-linux-gnu/nios2-elf/lib/mno-hw-mul/libc.a(lib_a-fclose.o)
 .text._fclose_r
                0x0000000000089518       0xf0 /home/sabrina/intelFPGA_lite/18.0/nios2eds/bin/gnu/H-x86_64-pc-linux-gnu/bin/../lib/gcc/nios2-elf/5.3.0/../../../../../H-x86_64-pc-linux-gnu/nios2-elf/lib/mno-hw-mul/libc.a(lib_a-fclose.o)
                0x0000000000089518                _fclose_r
 .text.fclose   0x0000000000089608       0x14 /home/sabrina/intelFPGA_lite/18.0/nios2eds/bin/gnu/H-x86_64-pc-linux-gnu/bin/../lib/gcc/nios2-elf/5.3.0/../../../../../H-x86_64-pc-linux-gnu/nios2-elf/lib/mno-hw-mul/libc.a(lib_a-fclose.o)
                0x0000000000089608                fclose
 .text          0x000000000008961c        0x0 /home/sabrina/intelFPGA_lite/18.0/nios2eds/bin/gnu/H-x86_64-pc-linux-gnu/bin/../lib/gcc/nios2-elf/5.3.0/../../../../../H-x86_64-pc-linux-gnu/nios2-elf/lib/mno-hw-mul/libc.a(lib_a-fputwc.o)
 .text.__fputwc
                0x000000000008961c      0x164 /home/sabrina/intelFPGA_lite/18.0/nios2eds/bin/gnu/H-x86_64-pc-linux-gnu/bin/../lib/gcc/nios2-elf/5.3.0/../../../../../H-x86_64-pc-linux-gnu/nios2-elf/lib/mno-hw-mul/libc.a(lib_a-fputwc.o)
                0x000000000008961c                __fputwc
 .text._fputwc_r
                0x0000000000089780       0x24 /home/sabrina/intelFPGA_lite/18.0/nios2eds/bin/gnu/H-x86_64-pc-linux-gnu/bin/../lib/gcc/nios2-elf/5.3.0/../../../../../H-x86_64-pc-linux-gnu/nios2-elf/lib/mno-hw-mul/libc.a(lib_a-fputwc.o)
                0x0000000000089780                _fputwc_r
 .text.fputwc   0x00000000000897a4       0x80 /home/sabrina/intelFPGA_lite/18.0/nios2eds/bin/gnu/H-x86_64-pc-linux-gnu/bin/../lib/gcc/nios2-elf/5.3.0/../../../../../H-x86_64-pc-linux-gnu/nios2-elf/lib/mno-hw-mul/libc.a(lib_a-fputwc.o)
                0x00000000000897a4                fputwc
 .text          0x0000000000089824        0x0 /home/sabrina/intelFPGA_lite/18.0/nios2eds/bin/gnu/H-x86_64-pc-linux-gnu/bin/../lib/gcc/nios2-elf/5.3.0/../../../../../H-x86_64-pc-linux-gnu/nios2-elf/lib/mno-hw-mul/libc.a(lib_a-fstatr.o)
 .text._fstat_r
                0x0000000000089824       0x5c /home/sabrina/intelFPGA_lite/18.0/nios2eds/bin/gnu/H-x86_64-pc-linux-gnu/bin/../lib/gcc/nios2-elf/5.3.0/../../../../../H-x86_64-pc-linux-gnu/nios2-elf/lib/mno-hw-mul/libc.a(lib_a-fstatr.o)
                0x0000000000089824                _fstat_r
 .text          0x0000000000089880        0x0 /home/sabrina/intelFPGA_lite/18.0/nios2eds/bin/gnu/H-x86_64-pc-linux-gnu/bin/../lib/gcc/nios2-elf/5.3.0/../../../../../H-x86_64-pc-linux-gnu/nios2-elf/lib/mno-hw-mul/libc.a(lib_a-int_errno.o)
 .text          0x0000000000089880        0x0 /home/sabrina/intelFPGA_lite/18.0/nios2eds/bin/gnu/H-x86_64-pc-linux-gnu/bin/../lib/gcc/nios2-elf/5.3.0/../../../../../H-x86_64-pc-linux-gnu/nios2-elf/lib/mno-hw-mul/libc.a(lib_a-isattyr.o)
 .text._isatty_r
                0x0000000000089880       0x54 /home/sabrina/intelFPGA_lite/18.0/nios2eds/bin/gnu/H-x86_64-pc-linux-gnu/bin/../lib/gcc/nios2-elf/5.3.0/../../../../../H-x86_64-pc-linux-gnu/nios2-elf/lib/mno-hw-mul/libc.a(lib_a-isattyr.o)
                0x0000000000089880                _isatty_r
 .text          0x00000000000898d4        0x0 /home/sabrina/intelFPGA_lite/18.0/nios2eds/bin/gnu/H-x86_64-pc-linux-gnu/bin/../lib/gcc/nios2-elf/5.3.0/../../../../../H-x86_64-pc-linux-gnu/nios2-elf/lib/mno-hw-mul/libc.a(lib_a-lseekr.o)
 .text._lseek_r
                0x00000000000898d4       0x60 /home/sabrina/intelFPGA_lite/18.0/nios2eds/bin/gnu/H-x86_64-pc-linux-gnu/bin/../lib/gcc/nios2-elf/5.3.0/../../../../../H-x86_64-pc-linux-gnu/nios2-elf/lib/mno-hw-mul/libc.a(lib_a-lseekr.o)
                0x00000000000898d4                _lseek_r
 .text          0x0000000000089934        0x0 /home/sabrina/intelFPGA_lite/18.0/nios2eds/bin/gnu/H-x86_64-pc-linux-gnu/bin/../lib/gcc/nios2-elf/5.3.0/../../../../../H-x86_64-pc-linux-gnu/nios2-elf/lib/mno-hw-mul/libc.a(lib_a-readr.o)
 .text._read_r  0x0000000000089934       0x60 /home/sabrina/intelFPGA_lite/18.0/nios2eds/bin/gnu/H-x86_64-pc-linux-gnu/bin/../lib/gcc/nios2-elf/5.3.0/../../../../../H-x86_64-pc-linux-gnu/nios2-elf/lib/mno-hw-mul/libc.a(lib_a-readr.o)
                0x0000000000089934                _read_r
 .text          0x0000000000089994        0x0 /home/sabrina/intelFPGA_lite/18.0/nios2eds/bin/gnu/H-x86_64-pc-linux-gnu/bin/../lib/gcc/nios2-elf/5.3.0/../../../../../H-x86_64-pc-linux-gnu/nios2-elf/lib/mno-hw-mul/libc.a(lib_a-wbuf.o)
 .text.__swbuf_r
                0x0000000000089994      0x140 /home/sabrina/intelFPGA_lite/18.0/nios2eds/bin/gnu/H-x86_64-pc-linux-gnu/bin/../lib/gcc/nios2-elf/5.3.0/../../../../../H-x86_64-pc-linux-gnu/nios2-elf/lib/mno-hw-mul/libc.a(lib_a-wbuf.o)
                0x0000000000089994                __swbuf_r
 .text.__swbuf  0x0000000000089ad4       0x18 /home/sabrina/intelFPGA_lite/18.0/nios2eds/bin/gnu/H-x86_64-pc-linux-gnu/bin/../lib/gcc/nios2-elf/5.3.0/../../../../../H-x86_64-pc-linux-gnu/nios2-elf/lib/mno-hw-mul/libc.a(lib_a-wbuf.o)
                0x0000000000089ad4                __swbuf
 .text          0x0000000000089aec        0x0 /home/sabrina/intelFPGA_lite/18.0/nios2eds/bin/gnu/H-x86_64-pc-linux-gnu/bin/../lib/gcc/nios2-elf/5.3.0/../../../../../H-x86_64-pc-linux-gnu/nios2-elf/lib/mno-hw-mul/libc.a(lib_a-wcrtomb.o)
 .text._wcrtomb_r
                0x0000000000089aec       0x9c /home/sabrina/intelFPGA_lite/18.0/nios2eds/bin/gnu/H-x86_64-pc-linux-gnu/bin/../lib/gcc/nios2-elf/5.3.0/../../../../../H-x86_64-pc-linux-gnu/nios2-elf/lib/mno-hw-mul/libc.a(lib_a-wcrtomb.o)
                0x0000000000089aec                _wcrtomb_r
 .text.wcrtomb  0x0000000000089b88       0xc0 /home/sabrina/intelFPGA_lite/18.0/nios2eds/bin/gnu/H-x86_64-pc-linux-gnu/bin/../lib/gcc/nios2-elf/5.3.0/../../../../../H-x86_64-pc-linux-gnu/nios2-elf/lib/mno-hw-mul/libc.a(lib_a-wcrtomb.o)
                0x0000000000089b88                wcrtomb
 .text          0x0000000000089c48        0x0 /home/sabrina/intelFPGA_lite/18.0/nios2eds/bin/gnu/H-x86_64-pc-linux-gnu/bin/../lib/gcc/nios2-elf/5.3.0/../../../../../H-x86_64-pc-linux-gnu/nios2-elf/lib/mno-hw-mul/libc.a(lib_a-wctomb_r.o)
 .text.__ascii_wctomb
                0x0000000000089c48       0x30 /home/sabrina/intelFPGA_lite/18.0/nios2eds/bin/gnu/H-x86_64-pc-linux-gnu/bin/../lib/gcc/nios2-elf/5.3.0/../../../../../H-x86_64-pc-linux-gnu/nios2-elf/lib/mno-hw-mul/libc.a(lib_a-wctomb_r.o)
                0x0000000000089c48                __ascii_wctomb
 .text._wctomb_r
                0x0000000000089c78       0x5c /home/sabrina/intelFPGA_lite/18.0/nios2eds/bin/gnu/H-x86_64-pc-linux-gnu/bin/../lib/gcc/nios2-elf/5.3.0/../../../../../H-x86_64-pc-linux-gnu/nios2-elf/lib/mno-hw-mul/libc.a(lib_a-wctomb_r.o)
                0x0000000000089c78                _wctomb_r
 .text          0x0000000000089cd4      0x5fc /home/sabrina/intelFPGA_lite/18.0/nios2eds/bin/gnu/H-x86_64-pc-linux-gnu/bin/../lib/gcc/nios2-elf/5.3.0/mno-hw-mul/libgcc.a(_udivdi3.o)
                0x0000000000089cd4                __udivdi3
 .text          0x000000000008a2d0      0x5c4 /home/sabrina/intelFPGA_lite/18.0/nios2eds/bin/gnu/H-x86_64-pc-linux-gnu/bin/../lib/gcc/nios2-elf/5.3.0/mno-hw-mul/libgcc.a(_umoddi3.o)
                0x000000000008a2d0                __umoddi3
 .text          0x000000000008a894      0x1b4 /home/sabrina/intelFPGA_lite/18.0/nios2eds/bin/gnu/H-x86_64-pc-linux-gnu/bin/../lib/gcc/nios2-elf/5.3.0/mno-hw-mul/libgcc.a(lib2-divmod.o)
                0x000000000008a894                __divsi3
                0x000000000008a918                __modsi3
                0x000000000008a98c                __udivsi3
                0x000000000008a9f0                __umodsi3
 .text          0x000000000008aa48       0x28 /home/sabrina/intelFPGA_lite/18.0/nios2eds/bin/gnu/H-x86_64-pc-linux-gnu/bin/../lib/gcc/nios2-elf/5.3.0/mno-hw-mul/libgcc.a(lib2-mul.o)
                0x000000000008aa48                __mulsi3
 .text          0x000000000008aa70      0x8ac /home/sabrina/intelFPGA_lite/18.0/nios2eds/bin/gnu/H-x86_64-pc-linux-gnu/bin/../lib/gcc/nios2-elf/5.3.0/mno-hw-mul/libgcc.a(adddf3.o)
                0x000000000008aa70                __adddf3
 .text          0x000000000008b31c      0x9d0 /home/sabrina/intelFPGA_lite/18.0/nios2eds/bin/gnu/H-x86_64-pc-linux-gnu/bin/../lib/gcc/nios2-elf/5.3.0/mno-hw-mul/libgcc.a(divdf3.o)
                0x000000000008b31c                __divdf3
 .text          0x000000000008bcec       0x88 /home/sabrina/intelFPGA_lite/18.0/nios2eds/bin/gnu/H-x86_64-pc-linux-gnu/bin/../lib/gcc/nios2-elf/5.3.0/mno-hw-mul/libgcc.a(eqdf2.o)
                0x000000000008bcec                __eqdf2
                0x000000000008bcec                __nedf2
 .text          0x000000000008bd74       0xdc /home/sabrina/intelFPGA_lite/18.0/nios2eds/bin/gnu/H-x86_64-pc-linux-gnu/bin/../lib/gcc/nios2-elf/5.3.0/mno-hw-mul/libgcc.a(gedf2.o)
                0x000000000008bd74                __gtdf2
                0x000000000008bd74                __gedf2
 .text          0x000000000008be50       0xf4 /home/sabrina/intelFPGA_lite/18.0/nios2eds/bin/gnu/H-x86_64-pc-linux-gnu/bin/../lib/gcc/nios2-elf/5.3.0/mno-hw-mul/libgcc.a(ledf2.o)
                0x000000000008be50                __ltdf2
                0x000000000008be50                __ledf2
 .text          0x000000000008bf44      0x86c /home/sabrina/intelFPGA_lite/18.0/nios2eds/bin/gnu/H-x86_64-pc-linux-gnu/bin/../lib/gcc/nios2-elf/5.3.0/mno-hw-mul/libgcc.a(muldf3.o)
                0x000000000008bf44                __muldf3
 .text          0x000000000008c7b0      0x8fc /home/sabrina/intelFPGA_lite/18.0/nios2eds/bin/gnu/H-x86_64-pc-linux-gnu/bin/../lib/gcc/nios2-elf/5.3.0/mno-hw-mul/libgcc.a(subdf3.o)
                0x000000000008c7b0                __subdf3
 .text          0x000000000008d0ac       0x80 /home/sabrina/intelFPGA_lite/18.0/nios2eds/bin/gnu/H-x86_64-pc-linux-gnu/bin/../lib/gcc/nios2-elf/5.3.0/mno-hw-mul/libgcc.a(fixdfsi.o)
                0x000000000008d0ac                __fixdfsi
 .text          0x000000000008d12c       0xdc /home/sabrina/intelFPGA_lite/18.0/nios2eds/bin/gnu/H-x86_64-pc-linux-gnu/bin/../lib/gcc/nios2-elf/5.3.0/mno-hw-mul/libgcc.a(floatsidf.o)
                0x000000000008d12c                __floatsidf
 .text          0x000000000008d208       0xa8 /home/sabrina/intelFPGA_lite/18.0/nios2eds/bin/gnu/H-x86_64-pc-linux-gnu/bin/../lib/gcc/nios2-elf/5.3.0/mno-hw-mul/libgcc.a(floatunsidf.o)
                0x000000000008d208                __floatunsidf
 .text          0x000000000008d2b0        0x0 /home/sabrina/intelFPGA_lite/18.0/nios2eds/bin/gnu/H-x86_64-pc-linux-gnu/bin/../lib/gcc/nios2-elf/5.3.0/mno-hw-mul/libgcc.a(_clz.o)
 .text          0x000000000008d2b0       0x64 /home/sabrina/intelFPGA_lite/18.0/nios2eds/bin/gnu/H-x86_64-pc-linux-gnu/bin/../lib/gcc/nios2-elf/5.3.0/mno-hw-mul/libgcc.a(_clzsi2.o)
                0x000000000008d2b0                __clzsi2
 .text          0x000000000008d314      0x114 ../Hello2_bsp//libhal_bsp.a(alt_close.o)
                0x000000000008d350                close
 .text          0x000000000008d428       0x2c ../Hello2_bsp//libhal_bsp.a(alt_dev.o)
 .text          0x000000000008d454        0x0 ../Hello2_bsp//libhal_bsp.a(alt_errno.o)
 .text          0x000000000008d454       0xf4 ../Hello2_bsp//libhal_bsp.a(alt_fstat.o)
                0x000000000008d490                fstat
 .text          0x000000000008d548      0x180 ../Hello2_bsp//libhal_bsp.a(alt_irq_register.o)
                0x000000000008d548                alt_irq_register
 .text          0x000000000008d6c8        0x0 ../Hello2_bsp//libhal_bsp.a(alt_irq_vars.o)
 .text          0x000000000008d6c8       0xe8 ../Hello2_bsp//libhal_bsp.a(alt_isatty.o)
                0x000000000008d704                isatty
 .text          0x000000000008d7b0       0xec ../Hello2_bsp//libhal_bsp.a(alt_load.o)
                0x000000000008d818                alt_load
 .text          0x000000000008d89c      0x118 ../Hello2_bsp//libhal_bsp.a(alt_lseek.o)
                0x000000000008d8d8                lseek
 .text          0x000000000008d9b4       0x7c ../Hello2_bsp//libhal_bsp.a(alt_main.o)
                0x000000000008d9b4                alt_main
 .text          0x000000000008da30       0x48 ../Hello2_bsp//libhal_bsp.a(alt_malloc_lock.o)
                0x000000000008da30                __malloc_lock
                0x000000000008da54                __malloc_unlock
 .text          0x000000000008da78      0x140 ../Hello2_bsp//libhal_bsp.a(alt_read.o)
                0x000000000008dab4                read
 .text          0x000000000008dbb8       0x84 ../Hello2_bsp//libhal_bsp.a(alt_release_fd.o)
                0x000000000008dbb8                alt_release_fd
 .text          0x000000000008dc3c       0xb0 ../Hello2_bsp//libhal_bsp.a(alt_sbrk.o)
                0x000000000008dc3c                sbrk
 .text          0x000000000008dcec       0x30 ../Hello2_bsp//libhal_bsp.a(alt_usleep.o)
                0x000000000008dcec                usleep
 .text          0x000000000008dd1c      0x13c ../Hello2_bsp//libhal_bsp.a(alt_write.o)
                0x000000000008dd58                write
 .text          0x000000000008de58       0xb4 ../Hello2_bsp//libhal_bsp.a(alt_sys_init.o)
                0x000000000008de8c                alt_irq_init
                0x000000000008dec4                alt_sys_init
 .text          0x000000000008df0c      0x164 ../Hello2_bsp//libhal_bsp.a(altera_avalon_jtag_uart_fd.o)
                0x000000000008df0c                altera_avalon_jtag_uart_read_fd
                0x000000000008df6c                altera_avalon_jtag_uart_write_fd
                0x000000000008dfcc                altera_avalon_jtag_uart_close_fd
                0x000000000008e01c                altera_avalon_jtag_uart_ioctl_fd
 .text          0x000000000008e070      0x3d4 ../Hello2_bsp//libhal_bsp.a(altera_avalon_jtag_uart_init.o)
                0x000000000008e070                altera_avalon_jtag_uart_init
                0x000000000008e3dc                altera_avalon_jtag_uart_close
 .text          0x000000000008e444       0xf0 ../Hello2_bsp//libhal_bsp.a(altera_avalon_jtag_uart_ioctl.o)
                0x000000000008e444                altera_avalon_jtag_uart_ioctl
 .text          0x000000000008e534      0x21c ../Hello2_bsp//libhal_bsp.a(altera_avalon_jtag_uart_read.o)
                0x000000000008e534                altera_avalon_jtag_uart_read
 .text          0x000000000008e750      0x224 ../Hello2_bsp//libhal_bsp.a(altera_avalon_jtag_uart_write.o)
                0x000000000008e750                altera_avalon_jtag_uart_write
 .text          0x000000000008e974      0x12c ../Hello2_bsp//libhal_bsp.a(alt_alarm_start.o)
                0x000000000008e974                alt_alarm_start
 .text          0x000000000008eaa0      0x158 ../Hello2_bsp//libhal_bsp.a(alt_busy_sleep.o)
                0x000000000008eaa0                alt_busy_sleep
 .text          0x000000000008ebf8       0x20 ../Hello2_bsp//libhal_bsp.a(alt_dcache_flush_all.o)
                0x000000000008ebf8                alt_dcache_flush_all
 .text          0x000000000008ec18       0xe0 ../Hello2_bsp//libhal_bsp.a(alt_dev_llist_insert.o)
                0x000000000008ec54                alt_dev_llist_insert
 .text          0x000000000008ecf8       0x60 ../Hello2_bsp//libhal_bsp.a(alt_do_ctors.o)
                0x000000000008ecf8                _do_ctors
 .text          0x000000000008ed58       0x60 ../Hello2_bsp//libhal_bsp.a(alt_do_dtors.o)
                0x000000000008ed58                _do_dtors
 .text          0x000000000008edb8       0x20 ../Hello2_bsp//libhal_bsp.a(alt_icache_flush_all.o)
                0x000000000008edb8                alt_icache_flush_all
 .text          0x000000000008edd8      0x1b0 ../Hello2_bsp//libhal_bsp.a(alt_iic.o)
                0x000000000008edd8                alt_ic_isr_register
                0x000000000008ee28                alt_ic_irq_enable
                0x000000000008eeb0                alt_ic_irq_disable
                0x000000000008ef3c                alt_ic_irq_enabled
 .text          0x000000000008ef88       0xf0 ../Hello2_bsp//libhal_bsp.a(alt_iic_isr_register.o)
                0x000000000008ef88                alt_iic_isr_register
 .text          0x000000000008f078      0x160 ../Hello2_bsp//libhal_bsp.a(alt_io_redirect.o)
                0x000000000008f15c                alt_io_redirect
 .text          0x000000000008f1d8        0x0 ../Hello2_bsp//libhal_bsp.a(alt_irq_entry.o)
 .text          0x000000000008f1d8        0x0 ../Hello2_bsp//libhal_bsp.a(alt_irq_handler.o)
 .text          0x000000000008f1d8      0x284 ../Hello2_bsp//libhal_bsp.a(alt_open.o)
                0x000000000008f300                open
 .text          0x000000000008f45c      0x1a4 ../Hello2_bsp//libhal_bsp.a(alt_tick.o)
                0x000000000008f45c                alt_alarm_stop
                0x000000000008f4f8                alt_tick
 .text          0x000000000008f600       0x24 ../Hello2_bsp//libhal_bsp.a(altera_nios2_gen2_irq.o)
                0x000000000008f600                altera_nios2_gen2_irq_init
 .text          0x000000000008f624        0x0 ../Hello2_bsp//libhal_bsp.a(alt_exception_entry.o)
 .text          0x000000000008f624       0x90 ../Hello2_bsp//libhal_bsp.a(alt_find_dev.o)
                0x000000000008f624                alt_find_dev
 .text          0x000000000008f6b4      0x108 ../Hello2_bsp//libhal_bsp.a(alt_find_file.o)
                0x000000000008f6b4                alt_find_file
 .text          0x000000000008f7bc       0xc4 ../Hello2_bsp//libhal_bsp.a(alt_get_fd.o)
                0x000000000008f7bc                alt_get_fd
 .text          0x000000000008f880       0x9c ../Hello2_bsp//libhal_bsp.a(alt_instruction_exception_entry.o)
                0x000000000008f880                alt_exception_cause_generated_bad_addr
 .text          0x000000000008f91c        0x0 /home/sabrina/intelFPGA_lite/18.0/nios2eds/bin/gnu/H-x86_64-pc-linux-gnu/bin/../lib/gcc/nios2-elf/5.3.0/../../../../../H-x86_64-pc-linux-gnu/nios2-elf/lib/mno-hw-mul/libc.a(lib_a-atexit.o)
 .text.atexit   0x000000000008f91c       0x14 /home/sabrina/intelFPGA_lite/18.0/nios2eds/bin/gnu/H-x86_64-pc-linux-gnu/bin/../lib/gcc/nios2-elf/5.3.0/../../../../../H-x86_64-pc-linux-gnu/nios2-elf/lib/mno-hw-mul/libc.a(lib_a-atexit.o)
                0x000000000008f91c                atexit
 .text          0x000000000008f930        0x0 /home/sabrina/intelFPGA_lite/18.0/nios2eds/bin/gnu/H-x86_64-pc-linux-gnu/bin/../lib/gcc/nios2-elf/5.3.0/../../../../../H-x86_64-pc-linux-gnu/nios2-elf/lib/mno-hw-mul/libc.a(lib_a-exit.o)
 .text.exit     0x000000000008f930       0x38 /home/sabrina/intelFPGA_lite/18.0/nios2eds/bin/gnu/H-x86_64-pc-linux-gnu/bin/../lib/gcc/nios2-elf/5.3.0/../../../../../H-x86_64-pc-linux-gnu/nios2-elf/lib/mno-hw-mul/libc.a(lib_a-exit.o)
                0x000000000008f930                exit
 .text          0x000000000008f968        0x0 /home/sabrina/intelFPGA_lite/18.0/nios2eds/bin/gnu/H-x86_64-pc-linux-gnu/bin/../lib/gcc/nios2-elf/5.3.0/../../../../../H-x86_64-pc-linux-gnu/nios2-elf/lib/mno-hw-mul/libc.a(lib_a-memcmp.o)
 .text.memcmp   0x000000000008f968       0x7c /home/sabrina/intelFPGA_lite/18.0/nios2eds/bin/gnu/H-x86_64-pc-linux-gnu/bin/../lib/gcc/nios2-elf/5.3.0/../../../../../H-x86_64-pc-linux-gnu/nios2-elf/lib/mno-hw-mul/libc.a(lib_a-memcmp.o)
                0x000000000008f968                memcmp
 .text          0x000000000008f9e4        0x0 /home/sabrina/intelFPGA_lite/18.0/nios2eds/bin/gnu/H-x86_64-pc-linux-gnu/bin/../lib/gcc/nios2-elf/5.3.0/../../../../../H-x86_64-pc-linux-gnu/nios2-elf/lib/mno-hw-mul/libc.a(lib_a-__atexit.o)
 .text.__register_exitproc
                0x000000000008f9e4      0x118 /home/sabrina/intelFPGA_lite/18.0/nios2eds/bin/gnu/H-x86_64-pc-linux-gnu/bin/../lib/gcc/nios2-elf/5.3.0/../../../../../H-x86_64-pc-linux-gnu/nios2-elf/lib/mno-hw-mul/libc.a(lib_a-__atexit.o)
                0x000000000008f9e4                __register_exitproc
 .text          0x000000000008fafc        0x0 /home/sabrina/intelFPGA_lite/18.0/nios2eds/bin/gnu/H-x86_64-pc-linux-gnu/bin/../lib/gcc/nios2-elf/5.3.0/../../../../../H-x86_64-pc-linux-gnu/nios2-elf/lib/mno-hw-mul/libc.a(lib_a-__call_atexit.o)
 .text.__call_exitprocs
                0x000000000008fafc      0x180 /home/sabrina/intelFPGA_lite/18.0/nios2eds/bin/gnu/H-x86_64-pc-linux-gnu/bin/../lib/gcc/nios2-elf/5.3.0/../../../../../H-x86_64-pc-linux-gnu/nios2-elf/lib/mno-hw-mul/libc.a(lib_a-__call_atexit.o)
                0x000000000008fafc                __call_exitprocs
 .text          0x000000000008fc7c       0x34 ../Hello2_bsp//libhal_bsp.a(alt_exit.o)
                0x000000000008fc7c                _exit
 *(.gnu.warning.*)
 *(.fini)
                [!provide]                        PROVIDE (__etext, ABSOLUTE (.))
                [!provide]                        PROVIDE (_etext, ABSOLUTE (.))
                [!provide]                        PROVIDE (etext, ABSOLUTE (.))
 *(.eh_frame_hdr)
                0x000000000008fcb0                . = ALIGN (0x4)
                [!provide]                        PROVIDE (__preinit_array_start, ABSOLUTE (.))
 *(.preinit_array)
                [!provide]                        PROVIDE (__preinit_array_end, ABSOLUTE (.))
                [!provide]                        PROVIDE (__init_array_start, ABSOLUTE (.))
 *(.init_array)
                [!provide]                        PROVIDE (__init_array_end, ABSOLUTE (.))
                [!provide]                        PROVIDE (__fini_array_start, ABSOLUTE (.))
 *(.fini_array)
                [!provide]                        PROVIDE (__fini_array_end, ABSOLUTE (.))
 *(.eh_frame)
 *(.gcc_except_table .gcc_except_table.*)
 *(.dynamic)
                0x000000000008fcb0                PROVIDE (__CTOR_LIST__, ABSOLUTE (.))
 *(.ctors)
 *(SORT(.ctors.*))
                0x000000000008fcb0                PROVIDE (__CTOR_END__, ABSOLUTE (.))
                0x000000000008fcb0                PROVIDE (__DTOR_LIST__, ABSOLUTE (.))
 *(.dtors)
 *(SORT(.dtors.*))
                0x000000000008fcb0                PROVIDE (__DTOR_END__, ABSOLUTE (.))
 *(.jcr)
                0x000000000008fcb0                . = ALIGN (0x4)

.rodata         0x000000000008fcb0      0x324
                0x000000000008fcb0                PROVIDE (__ram_rodata_start, ABSOLUTE (.))
                0x000000000008fcb0                . = ALIGN (0x4)
 *(.rodata .rodata.* .gnu.linkonce.r.*)
 .rodata        0x000000000008fcb0       0x23 obj/default/hello_world.o
 *fill*         0x000000000008fcd3        0x1 
 .rodata.str1.4
                0x000000000008fcd4        0x2 /home/sabrina/intelFPGA_lite/18.0/nios2eds/bin/gnu/H-x86_64-pc-linux-gnu/bin/../lib/gcc/nios2-elf/5.3.0/../../../../../H-x86_64-pc-linux-gnu/nios2-elf/lib/mno-hw-mul/libc.a(lib_a-puts.o)
 *fill*         0x000000000008fcd6        0x2 
 .rodata.str1.4
                0x000000000008fcd8       0x42 /home/sabrina/intelFPGA_lite/18.0/nios2eds/bin/gnu/H-x86_64-pc-linux-gnu/bin/../lib/gcc/nios2-elf/5.3.0/../../../../../H-x86_64-pc-linux-gnu/nios2-elf/lib/mno-hw-mul/libc.a(lib_a-vfprintf.o)
 .rodata.zeroes.4404
                0x000000000008fd1a       0x10 /home/sabrina/intelFPGA_lite/18.0/nios2eds/bin/gnu/H-x86_64-pc-linux-gnu/bin/../lib/gcc/nios2-elf/5.3.0/../../../../../H-x86_64-pc-linux-gnu/nios2-elf/lib/mno-hw-mul/libc.a(lib_a-vfprintf.o)
 .rodata.blanks.4403
                0x000000000008fd2a       0x10 /home/sabrina/intelFPGA_lite/18.0/nios2eds/bin/gnu/H-x86_64-pc-linux-gnu/bin/../lib/gcc/nios2-elf/5.3.0/../../../../../H-x86_64-pc-linux-gnu/nios2-elf/lib/mno-hw-mul/libc.a(lib_a-vfprintf.o)
 *fill*         0x000000000008fd3a        0x2 
 .rodata.str1.4
                0x000000000008fd3c       0x10 /home/sabrina/intelFPGA_lite/18.0/nios2eds/bin/gnu/H-x86_64-pc-linux-gnu/bin/../lib/gcc/nios2-elf/5.3.0/../../../../../H-x86_64-pc-linux-gnu/nios2-elf/lib/mno-hw-mul/libc.a(lib_a-dtoa.o)
                                         0x12 (size before relaxing)
 .rodata.str1.4
                0x000000000008fd4c        0x2 /home/sabrina/intelFPGA_lite/18.0/nios2eds/bin/gnu/H-x86_64-pc-linux-gnu/bin/../lib/gcc/nios2-elf/5.3.0/../../../../../H-x86_64-pc-linux-gnu/nios2-elf/lib/mno-hw-mul/libc.a(lib_a-impure.o)
 *fill*         0x000000000008fd4e        0x2 
 .rodata.str1.4
                0x000000000008fd50        0xc /home/sabrina/intelFPGA_lite/18.0/nios2eds/bin/gnu/H-x86_64-pc-linux-gnu/bin/../lib/gcc/nios2-elf/5.3.0/../../../../../H-x86_64-pc-linux-gnu/nios2-elf/lib/mno-hw-mul/libc.a(lib_a-locale.o)
                                         0x12 (size before relaxing)
 .rodata.p05.2768
                0x000000000008fd5c        0xc /home/sabrina/intelFPGA_lite/18.0/nios2eds/bin/gnu/H-x86_64-pc-linux-gnu/bin/../lib/gcc/nios2-elf/5.3.0/../../../../../H-x86_64-pc-linux-gnu/nios2-elf/lib/mno-hw-mul/libc.a(lib_a-mprec.o)
 .rodata.__mprec_tinytens
                0x000000000008fd68       0x28 /home/sabrina/intelFPGA_lite/18.0/nios2eds/bin/gnu/H-x86_64-pc-linux-gnu/bin/../lib/gcc/nios2-elf/5.3.0/../../../../../H-x86_64-pc-linux-gnu/nios2-elf/lib/mno-hw-mul/libc.a(lib_a-mprec.o)
                0x000000000008fd68                __mprec_tinytens
 .rodata.__mprec_bigtens
                0x000000000008fd90       0x28 /home/sabrina/intelFPGA_lite/18.0/nios2eds/bin/gnu/H-x86_64-pc-linux-gnu/bin/../lib/gcc/nios2-elf/5.3.0/../../../../../H-x86_64-pc-linux-gnu/nios2-elf/lib/mno-hw-mul/libc.a(lib_a-mprec.o)
                0x000000000008fd90                __mprec_bigtens
 .rodata.__mprec_tens
                0x000000000008fdb8       0xc8 /home/sabrina/intelFPGA_lite/18.0/nios2eds/bin/gnu/H-x86_64-pc-linux-gnu/bin/../lib/gcc/nios2-elf/5.3.0/../../../../../H-x86_64-pc-linux-gnu/nios2-elf/lib/mno-hw-mul/libc.a(lib_a-mprec.o)
                0x000000000008fdb8                __mprec_tens
 .rodata.str1.4
                0x000000000008fe80       0x2f /home/sabrina/intelFPGA_lite/18.0/nios2eds/bin/gnu/H-x86_64-pc-linux-gnu/bin/../lib/gcc/nios2-elf/5.3.0/../../../../../H-x86_64-pc-linux-gnu/nios2-elf/lib/mno-hw-mul/libc.a(lib_a-vfiprintf.o)
 .rodata.zeroes.4349
                0x000000000008fe80       0x10 /home/sabrina/intelFPGA_lite/18.0/nios2eds/bin/gnu/H-x86_64-pc-linux-gnu/bin/../lib/gcc/nios2-elf/5.3.0/../../../../../H-x86_64-pc-linux-gnu/nios2-elf/lib/mno-hw-mul/libc.a(lib_a-vfiprintf.o)
 .rodata.blanks.4348
                0x000000000008fe90       0x10 /home/sabrina/intelFPGA_lite/18.0/nios2eds/bin/gnu/H-x86_64-pc-linux-gnu/bin/../lib/gcc/nios2-elf/5.3.0/../../../../../H-x86_64-pc-linux-gnu/nios2-elf/lib/mno-hw-mul/libc.a(lib_a-vfiprintf.o)
 .rodata        0x000000000008fea0      0x100 /home/sabrina/intelFPGA_lite/18.0/nios2eds/bin/gnu/H-x86_64-pc-linux-gnu/bin/../lib/gcc/nios2-elf/5.3.0/mno-hw-mul/libgcc.a(_clz.o)
                0x000000000008fea0                __clz_tab
 .rodata        0x000000000008ffa0        0xa ../Hello2_bsp//libhal_bsp.a(alt_dev.o)
 *fill*         0x000000000008ffaa        0x2 
 .rodata        0x000000000008ffac       0x11 ../Hello2_bsp//libhal_bsp.a(alt_main.o)
 *fill*         0x000000000008ffbd        0x3 
 .rodata        0x000000000008ffc0       0x11 ../Hello2_bsp//libhal_bsp.a(alt_sys_init.o)
 *(.rodata1)
                0x000000000008ffd4                . = ALIGN (0x4)
 *fill*         0x000000000008ffd1        0x3 
                0x000000000008ffd4                PROVIDE (__ram_rodata_end, ABSOLUTE (.))
                0x000000000008fcb0                PROVIDE (__flash_rodata_start, LOADADDR (.rodata))

.rwdata         0x000000000008ffd4     0x1af0 load address 0x0000000000091ac4
                0x000000000008ffd4                PROVIDE (__ram_rwdata_start, ABSOLUTE (.))
                0x000000000008ffd4                . = ALIGN (0x4)
 *(.got.plt)
 *(.got)
 *(.data1)
 *(.data .data.* .gnu.linkonce.d.*)
 .data          0x000000000008ffd4        0x0 ../Hello2_bsp//obj/HAL/src/crt0.o
 .data          0x000000000008ffd4        0x0 obj/default/hello_world.o
 .data          0x000000000008ffd4        0x0 /home/sabrina/intelFPGA_lite/18.0/nios2eds/bin/gnu/H-x86_64-pc-linux-gnu/bin/../lib/gcc/nios2-elf/5.3.0/../../../../../H-x86_64-pc-linux-gnu/nios2-elf/lib/mno-hw-mul/libc.a(lib_a-printf.o)
 .data          0x000000000008ffd4        0x0 /home/sabrina/intelFPGA_lite/18.0/nios2eds/bin/gnu/H-x86_64-pc-linux-gnu/bin/../lib/gcc/nios2-elf/5.3.0/../../../../../H-x86_64-pc-linux-gnu/nios2-elf/lib/mno-hw-mul/libc.a(lib_a-puts.o)
 .data          0x000000000008ffd4        0x0 /home/sabrina/intelFPGA_lite/18.0/nios2eds/bin/gnu/H-x86_64-pc-linux-gnu/bin/../lib/gcc/nios2-elf/5.3.0/../../../../../H-x86_64-pc-linux-gnu/nios2-elf/lib/mno-hw-mul/libc.a(lib_a-strlen.o)
 .data          0x000000000008ffd4        0x0 /home/sabrina/intelFPGA_lite/18.0/nios2eds/bin/gnu/H-x86_64-pc-linux-gnu/bin/../lib/gcc/nios2-elf/5.3.0/../../../../../H-x86_64-pc-linux-gnu/nios2-elf/lib/mno-hw-mul/libc.a(lib_a-vfprintf.o)
 .data          0x000000000008ffd4        0x0 /home/sabrina/intelFPGA_lite/18.0/nios2eds/bin/gnu/H-x86_64-pc-linux-gnu/bin/../lib/gcc/nios2-elf/5.3.0/../../../../../H-x86_64-pc-linux-gnu/nios2-elf/lib/mno-hw-mul/libc.a(lib_a-wsetup.o)
 .data          0x000000000008ffd4        0x0 /home/sabrina/intelFPGA_lite/18.0/nios2eds/bin/gnu/H-x86_64-pc-linux-gnu/bin/../lib/gcc/nios2-elf/5.3.0/../../../../../H-x86_64-pc-linux-gnu/nios2-elf/lib/mno-hw-mul/libc.a(lib_a-dtoa.o)
 .data          0x000000000008ffd4        0x0 /home/sabrina/intelFPGA_lite/18.0/nios2eds/bin/gnu/H-x86_64-pc-linux-gnu/bin/../lib/gcc/nios2-elf/5.3.0/../../../../../H-x86_64-pc-linux-gnu/nios2-elf/lib/mno-hw-mul/libc.a(lib_a-fflush.o)
 .data          0x000000000008ffd4        0x0 /home/sabrina/intelFPGA_lite/18.0/nios2eds/bin/gnu/H-x86_64-pc-linux-gnu/bin/../lib/gcc/nios2-elf/5.3.0/../../../../../H-x86_64-pc-linux-gnu/nios2-elf/lib/mno-hw-mul/libc.a(lib_a-findfp.o)
 .data          0x000000000008ffd4        0x0 /home/sabrina/intelFPGA_lite/18.0/nios2eds/bin/gnu/H-x86_64-pc-linux-gnu/bin/../lib/gcc/nios2-elf/5.3.0/../../../../../H-x86_64-pc-linux-gnu/nios2-elf/lib/mno-hw-mul/libc.a(lib_a-freer.o)
 .data          0x000000000008ffd4        0x0 /home/sabrina/intelFPGA_lite/18.0/nios2eds/bin/gnu/H-x86_64-pc-linux-gnu/bin/../lib/gcc/nios2-elf/5.3.0/../../../../../H-x86_64-pc-linux-gnu/nios2-elf/lib/mno-hw-mul/libc.a(lib_a-fvwrite.o)
 .data          0x000000000008ffd4        0x0 /home/sabrina/intelFPGA_lite/18.0/nios2eds/bin/gnu/H-x86_64-pc-linux-gnu/bin/../lib/gcc/nios2-elf/5.3.0/../../../../../H-x86_64-pc-linux-gnu/nios2-elf/lib/mno-hw-mul/libc.a(lib_a-fwalk.o)
 .data          0x000000000008ffd4        0x0 /home/sabrina/intelFPGA_lite/18.0/nios2eds/bin/gnu/H-x86_64-pc-linux-gnu/bin/../lib/gcc/nios2-elf/5.3.0/../../../../../H-x86_64-pc-linux-gnu/nios2-elf/lib/mno-hw-mul/libc.a(lib_a-impure.o)
 .data.impure_data
                0x000000000008ffd4      0x424 /home/sabrina/intelFPGA_lite/18.0/nios2eds/bin/gnu/H-x86_64-pc-linux-gnu/bin/../lib/gcc/nios2-elf/5.3.0/../../../../../H-x86_64-pc-linux-gnu/nios2-elf/lib/mno-hw-mul/libc.a(lib_a-impure.o)
 .data          0x00000000000903f8        0x0 /home/sabrina/intelFPGA_lite/18.0/nios2eds/bin/gnu/H-x86_64-pc-linux-gnu/bin/../lib/gcc/nios2-elf/5.3.0/../../../../../H-x86_64-pc-linux-gnu/nios2-elf/lib/mno-hw-mul/libc.a(lib_a-locale.o)
 .data.lc_message_charset
                0x00000000000903f8       0x20 /home/sabrina/intelFPGA_lite/18.0/nios2eds/bin/gnu/H-x86_64-pc-linux-gnu/bin/../lib/gcc/nios2-elf/5.3.0/../../../../../H-x86_64-pc-linux-gnu/nios2-elf/lib/mno-hw-mul/libc.a(lib_a-locale.o)
 .data.lc_ctype_charset
                0x0000000000090418       0x20 /home/sabrina/intelFPGA_lite/18.0/nios2eds/bin/gnu/H-x86_64-pc-linux-gnu/bin/../lib/gcc/nios2-elf/5.3.0/../../../../../H-x86_64-pc-linux-gnu/nios2-elf/lib/mno-hw-mul/libc.a(lib_a-locale.o)
 .data.lconv    0x0000000000090438       0x38 /home/sabrina/intelFPGA_lite/18.0/nios2eds/bin/gnu/H-x86_64-pc-linux-gnu/bin/../lib/gcc/nios2-elf/5.3.0/../../../../../H-x86_64-pc-linux-gnu/nios2-elf/lib/mno-hw-mul/libc.a(lib_a-locale.o)
 .data          0x0000000000090470        0x0 /home/sabrina/intelFPGA_lite/18.0/nios2eds/bin/gnu/H-x86_64-pc-linux-gnu/bin/../lib/gcc/nios2-elf/5.3.0/../../../../../H-x86_64-pc-linux-gnu/nios2-elf/lib/mno-hw-mul/libc.a(lib_a-makebuf.o)
 .data          0x0000000000090470        0x0 /home/sabrina/intelFPGA_lite/18.0/nios2eds/bin/gnu/H-x86_64-pc-linux-gnu/bin/../lib/gcc/nios2-elf/5.3.0/../../../../../H-x86_64-pc-linux-gnu/nios2-elf/lib/mno-hw-mul/libc.a(lib_a-mallocr.o)
 .data.__malloc_av_
                0x0000000000090470      0x408 /home/sabrina/intelFPGA_lite/18.0/nios2eds/bin/gnu/H-x86_64-pc-linux-gnu/bin/../lib/gcc/nios2-elf/5.3.0/../../../../../H-x86_64-pc-linux-gnu/nios2-elf/lib/mno-hw-mul/libc.a(lib_a-mallocr.o)
                0x0000000000090470                __malloc_av_
 .data          0x0000000000090878        0x0 /home/sabrina/intelFPGA_lite/18.0/nios2eds/bin/gnu/H-x86_64-pc-linux-gnu/bin/../lib/gcc/nios2-elf/5.3.0/../../../../../H-x86_64-pc-linux-gnu/nios2-elf/lib/mno-hw-mul/libc.a(lib_a-memchr.o)
 .data          0x0000000000090878        0x0 /home/sabrina/intelFPGA_lite/18.0/nios2eds/bin/gnu/H-x86_64-pc-linux-gnu/bin/../lib/gcc/nios2-elf/5.3.0/../../../../../H-x86_64-pc-linux-gnu/nios2-elf/lib/mno-hw-mul/libc.a(lib_a-memcpy.o)
 .data          0x0000000000090878        0x0 /home/sabrina/intelFPGA_lite/18.0/nios2eds/bin/gnu/H-x86_64-pc-linux-gnu/bin/../lib/gcc/nios2-elf/5.3.0/../../../../../H-x86_64-pc-linux-gnu/nios2-elf/lib/mno-hw-mul/libc.a(lib_a-memmove.o)
 .data          0x0000000000090878        0x0 /home/sabrina/intelFPGA_lite/18.0/nios2eds/bin/gnu/H-x86_64-pc-linux-gnu/bin/../lib/gcc/nios2-elf/5.3.0/../../../../../H-x86_64-pc-linux-gnu/nios2-elf/lib/mno-hw-mul/libc.a(lib_a-memset.o)
 .data          0x0000000000090878        0x0 /home/sabrina/intelFPGA_lite/18.0/nios2eds/bin/gnu/H-x86_64-pc-linux-gnu/bin/../lib/gcc/nios2-elf/5.3.0/../../../../../H-x86_64-pc-linux-gnu/nios2-elf/lib/mno-hw-mul/libc.a(lib_a-mprec.o)
 .data          0x0000000000090878        0x0 /home/sabrina/intelFPGA_lite/18.0/nios2eds/bin/gnu/H-x86_64-pc-linux-gnu/bin/../lib/gcc/nios2-elf/5.3.0/../../../../../H-x86_64-pc-linux-gnu/nios2-elf/lib/mno-hw-mul/libc.a(lib_a-reallocr.o)
 .data          0x0000000000090878        0x0 /home/sabrina/intelFPGA_lite/18.0/nios2eds/bin/gnu/H-x86_64-pc-linux-gnu/bin/../lib/gcc/nios2-elf/5.3.0/../../../../../H-x86_64-pc-linux-gnu/nios2-elf/lib/mno-hw-mul/libc.a(lib_a-s_fpclassify.o)
 .data          0x0000000000090878        0x0 /home/sabrina/intelFPGA_lite/18.0/nios2eds/bin/gnu/H-x86_64-pc-linux-gnu/bin/../lib/gcc/nios2-elf/5.3.0/../../../../../H-x86_64-pc-linux-gnu/nios2-elf/lib/mno-hw-mul/libc.a(lib_a-sbrkr.o)
 .data          0x0000000000090878        0x0 /home/sabrina/intelFPGA_lite/18.0/nios2eds/bin/gnu/H-x86_64-pc-linux-gnu/bin/../lib/gcc/nios2-elf/5.3.0/../../../../../H-x86_64-pc-linux-gnu/nios2-elf/lib/mno-hw-mul/libc.a(lib_a-stdio.o)
 .data          0x0000000000090878        0x0 /home/sabrina/intelFPGA_lite/18.0/nios2eds/bin/gnu/H-x86_64-pc-linux-gnu/bin/../lib/gcc/nios2-elf/5.3.0/../../../../../H-x86_64-pc-linux-gnu/nios2-elf/lib/mno-hw-mul/libc.a(lib_a-strcmp.o)
 .data          0x0000000000090878        0x0 /home/sabrina/intelFPGA_lite/18.0/nios2eds/bin/gnu/H-x86_64-pc-linux-gnu/bin/../lib/gcc/nios2-elf/5.3.0/../../../../../H-x86_64-pc-linux-gnu/nios2-elf/lib/mno-hw-mul/libc.a(lib_a-vfiprintf.o)
 .data          0x0000000000090878        0x0 /home/sabrina/intelFPGA_lite/18.0/nios2eds/bin/gnu/H-x86_64-pc-linux-gnu/bin/../lib/gcc/nios2-elf/5.3.0/../../../../../H-x86_64-pc-linux-gnu/nios2-elf/lib/mno-hw-mul/libc.a(lib_a-writer.o)
 .data          0x0000000000090878        0x0 /home/sabrina/intelFPGA_lite/18.0/nios2eds/bin/gnu/H-x86_64-pc-linux-gnu/bin/../lib/gcc/nios2-elf/5.3.0/../../../../../H-x86_64-pc-linux-gnu/nios2-elf/lib/mno-hw-mul/libc.a(closer.o)
 .data          0x0000000000090878        0x0 /home/sabrina/intelFPGA_lite/18.0/nios2eds/bin/gnu/H-x86_64-pc-linux-gnu/bin/../lib/gcc/nios2-elf/5.3.0/../../../../../H-x86_64-pc-linux-gnu/nios2-elf/lib/mno-hw-mul/libc.a(lib_a-callocr.o)
 .data          0x0000000000090878        0x0 /home/sabrina/intelFPGA_lite/18.0/nios2eds/bin/gnu/H-x86_64-pc-linux-gnu/bin/../lib/gcc/nios2-elf/5.3.0/../../../../../H-x86_64-pc-linux-gnu/nios2-elf/lib/mno-hw-mul/libc.a(lib_a-fclose.o)
 .data          0x0000000000090878        0x0 /home/sabrina/intelFPGA_lite/18.0/nios2eds/bin/gnu/H-x86_64-pc-linux-gnu/bin/../lib/gcc/nios2-elf/5.3.0/../../../../../H-x86_64-pc-linux-gnu/nios2-elf/lib/mno-hw-mul/libc.a(lib_a-fputwc.o)
 .data          0x0000000000090878        0x0 /home/sabrina/intelFPGA_lite/18.0/nios2eds/bin/gnu/H-x86_64-pc-linux-gnu/bin/../lib/gcc/nios2-elf/5.3.0/../../../../../H-x86_64-pc-linux-gnu/nios2-elf/lib/mno-hw-mul/libc.a(lib_a-fstatr.o)
 .data          0x0000000000090878        0x0 /home/sabrina/intelFPGA_lite/18.0/nios2eds/bin/gnu/H-x86_64-pc-linux-gnu/bin/../lib/gcc/nios2-elf/5.3.0/../../../../../H-x86_64-pc-linux-gnu/nios2-elf/lib/mno-hw-mul/libc.a(lib_a-int_errno.o)
 .data          0x0000000000090878        0x0 /home/sabrina/intelFPGA_lite/18.0/nios2eds/bin/gnu/H-x86_64-pc-linux-gnu/bin/../lib/gcc/nios2-elf/5.3.0/../../../../../H-x86_64-pc-linux-gnu/nios2-elf/lib/mno-hw-mul/libc.a(lib_a-isattyr.o)
 .data          0x0000000000090878        0x0 /home/sabrina/intelFPGA_lite/18.0/nios2eds/bin/gnu/H-x86_64-pc-linux-gnu/bin/../lib/gcc/nios2-elf/5.3.0/../../../../../H-x86_64-pc-linux-gnu/nios2-elf/lib/mno-hw-mul/libc.a(lib_a-lseekr.o)
 .data          0x0000000000090878        0x0 /home/sabrina/intelFPGA_lite/18.0/nios2eds/bin/gnu/H-x86_64-pc-linux-gnu/bin/../lib/gcc/nios2-elf/5.3.0/../../../../../H-x86_64-pc-linux-gnu/nios2-elf/lib/mno-hw-mul/libc.a(lib_a-readr.o)
 .data          0x0000000000090878        0x0 /home/sabrina/intelFPGA_lite/18.0/nios2eds/bin/gnu/H-x86_64-pc-linux-gnu/bin/../lib/gcc/nios2-elf/5.3.0/../../../../../H-x86_64-pc-linux-gnu/nios2-elf/lib/mno-hw-mul/libc.a(lib_a-wbuf.o)
 .data          0x0000000000090878        0x0 /home/sabrina/intelFPGA_lite/18.0/nios2eds/bin/gnu/H-x86_64-pc-linux-gnu/bin/../lib/gcc/nios2-elf/5.3.0/../../../../../H-x86_64-pc-linux-gnu/nios2-elf/lib/mno-hw-mul/libc.a(lib_a-wcrtomb.o)
 .data          0x0000000000090878        0x0 /home/sabrina/intelFPGA_lite/18.0/nios2eds/bin/gnu/H-x86_64-pc-linux-gnu/bin/../lib/gcc/nios2-elf/5.3.0/../../../../../H-x86_64-pc-linux-gnu/nios2-elf/lib/mno-hw-mul/libc.a(lib_a-wctomb_r.o)
 .data          0x0000000000090878        0x0 /home/sabrina/intelFPGA_lite/18.0/nios2eds/bin/gnu/H-x86_64-pc-linux-gnu/bin/../lib/gcc/nios2-elf/5.3.0/mno-hw-mul/libgcc.a(_udivdi3.o)
 .data          0x0000000000090878        0x0 /home/sabrina/intelFPGA_lite/18.0/nios2eds/bin/gnu/H-x86_64-pc-linux-gnu/bin/../lib/gcc/nios2-elf/5.3.0/mno-hw-mul/libgcc.a(_umoddi3.o)
 .data          0x0000000000090878        0x0 /home/sabrina/intelFPGA_lite/18.0/nios2eds/bin/gnu/H-x86_64-pc-linux-gnu/bin/../lib/gcc/nios2-elf/5.3.0/mno-hw-mul/libgcc.a(lib2-divmod.o)
 .data          0x0000000000090878        0x0 /home/sabrina/intelFPGA_lite/18.0/nios2eds/bin/gnu/H-x86_64-pc-linux-gnu/bin/../lib/gcc/nios2-elf/5.3.0/mno-hw-mul/libgcc.a(lib2-mul.o)
 .data          0x0000000000090878        0x0 /home/sabrina/intelFPGA_lite/18.0/nios2eds/bin/gnu/H-x86_64-pc-linux-gnu/bin/../lib/gcc/nios2-elf/5.3.0/mno-hw-mul/libgcc.a(adddf3.o)
 .data          0x0000000000090878        0x0 /home/sabrina/intelFPGA_lite/18.0/nios2eds/bin/gnu/H-x86_64-pc-linux-gnu/bin/../lib/gcc/nios2-elf/5.3.0/mno-hw-mul/libgcc.a(divdf3.o)
 .data          0x0000000000090878        0x0 /home/sabrina/intelFPGA_lite/18.0/nios2eds/bin/gnu/H-x86_64-pc-linux-gnu/bin/../lib/gcc/nios2-elf/5.3.0/mno-hw-mul/libgcc.a(eqdf2.o)
 .data          0x0000000000090878        0x0 /home/sabrina/intelFPGA_lite/18.0/nios2eds/bin/gnu/H-x86_64-pc-linux-gnu/bin/../lib/gcc/nios2-elf/5.3.0/mno-hw-mul/libgcc.a(gedf2.o)
 .data          0x0000000000090878        0x0 /home/sabrina/intelFPGA_lite/18.0/nios2eds/bin/gnu/H-x86_64-pc-linux-gnu/bin/../lib/gcc/nios2-elf/5.3.0/mno-hw-mul/libgcc.a(ledf2.o)
 .data          0x0000000000090878        0x0 /home/sabrina/intelFPGA_lite/18.0/nios2eds/bin/gnu/H-x86_64-pc-linux-gnu/bin/../lib/gcc/nios2-elf/5.3.0/mno-hw-mul/libgcc.a(muldf3.o)
 .data          0x0000000000090878        0x0 /home/sabrina/intelFPGA_lite/18.0/nios2eds/bin/gnu/H-x86_64-pc-linux-gnu/bin/../lib/gcc/nios2-elf/5.3.0/mno-hw-mul/libgcc.a(subdf3.o)
 .data          0x0000000000090878        0x0 /home/sabrina/intelFPGA_lite/18.0/nios2eds/bin/gnu/H-x86_64-pc-linux-gnu/bin/../lib/gcc/nios2-elf/5.3.0/mno-hw-mul/libgcc.a(fixdfsi.o)
 .data          0x0000000000090878        0x0 /home/sabrina/intelFPGA_lite/18.0/nios2eds/bin/gnu/H-x86_64-pc-linux-gnu/bin/../lib/gcc/nios2-elf/5.3.0/mno-hw-mul/libgcc.a(floatsidf.o)
 .data          0x0000000000090878        0x0 /home/sabrina/intelFPGA_lite/18.0/nios2eds/bin/gnu/H-x86_64-pc-linux-gnu/bin/../lib/gcc/nios2-elf/5.3.0/mno-hw-mul/libgcc.a(floatunsidf.o)
 .data          0x0000000000090878        0x0 /home/sabrina/intelFPGA_lite/18.0/nios2eds/bin/gnu/H-x86_64-pc-linux-gnu/bin/../lib/gcc/nios2-elf/5.3.0/mno-hw-mul/libgcc.a(_clz.o)
 .data          0x0000000000090878        0x0 /home/sabrina/intelFPGA_lite/18.0/nios2eds/bin/gnu/H-x86_64-pc-linux-gnu/bin/../lib/gcc/nios2-elf/5.3.0/mno-hw-mul/libgcc.a(_clzsi2.o)
 .data          0x0000000000090878        0x0 ../Hello2_bsp//libhal_bsp.a(alt_close.o)
 .data          0x0000000000090878      0x1a8 ../Hello2_bsp//libhal_bsp.a(alt_dev.o)
                0x0000000000090878                alt_dev_null
                0x00000000000908a0                alt_fd_list
 .data          0x0000000000090a20        0x0 ../Hello2_bsp//libhal_bsp.a(alt_errno.o)
 .data          0x0000000000090a20        0x0 ../Hello2_bsp//libhal_bsp.a(alt_fstat.o)
 .data          0x0000000000090a20        0x0 ../Hello2_bsp//libhal_bsp.a(alt_irq_register.o)
 .data          0x0000000000090a20        0x0 ../Hello2_bsp//libhal_bsp.a(alt_irq_vars.o)
 .data          0x0000000000090a20        0x0 ../Hello2_bsp//libhal_bsp.a(alt_isatty.o)
 .data          0x0000000000090a20        0x0 ../Hello2_bsp//libhal_bsp.a(alt_load.o)
 .data          0x0000000000090a20        0x0 ../Hello2_bsp//libhal_bsp.a(alt_lseek.o)
 .data          0x0000000000090a20        0x0 ../Hello2_bsp//libhal_bsp.a(alt_main.o)
 .data          0x0000000000090a20        0x0 ../Hello2_bsp//libhal_bsp.a(alt_malloc_lock.o)
 .data          0x0000000000090a20        0x0 ../Hello2_bsp//libhal_bsp.a(alt_read.o)
 .data          0x0000000000090a20        0x0 ../Hello2_bsp//libhal_bsp.a(alt_release_fd.o)
 .data          0x0000000000090a20        0x0 ../Hello2_bsp//libhal_bsp.a(alt_sbrk.o)
 .data          0x0000000000090a20        0x0 ../Hello2_bsp//libhal_bsp.a(alt_usleep.o)
 .data          0x0000000000090a20        0x0 ../Hello2_bsp//libhal_bsp.a(alt_write.o)
 .data          0x0000000000090a20     0x1060 ../Hello2_bsp//libhal_bsp.a(alt_sys_init.o)
 .data          0x0000000000091a80        0x0 ../Hello2_bsp//libhal_bsp.a(altera_avalon_jtag_uart_fd.o)
 .data          0x0000000000091a80        0x0 ../Hello2_bsp//libhal_bsp.a(altera_avalon_jtag_uart_init.o)
 .data          0x0000000000091a80        0x0 ../Hello2_bsp//libhal_bsp.a(altera_avalon_jtag_uart_ioctl.o)
 .data          0x0000000000091a80        0x0 ../Hello2_bsp//libhal_bsp.a(altera_avalon_jtag_uart_read.o)
 .data          0x0000000000091a80        0x0 ../Hello2_bsp//libhal_bsp.a(altera_avalon_jtag_uart_write.o)
 .data          0x0000000000091a80        0x0 ../Hello2_bsp//libhal_bsp.a(alt_alarm_start.o)
 .data          0x0000000000091a80        0x0 ../Hello2_bsp//libhal_bsp.a(alt_busy_sleep.o)
 .data          0x0000000000091a80        0x0 ../Hello2_bsp//libhal_bsp.a(alt_dcache_flush_all.o)
 .data          0x0000000000091a80        0x0 ../Hello2_bsp//libhal_bsp.a(alt_dev_llist_insert.o)
 .data          0x0000000000091a80        0x0 ../Hello2_bsp//libhal_bsp.a(alt_do_ctors.o)
 .data          0x0000000000091a80        0x0 ../Hello2_bsp//libhal_bsp.a(alt_do_dtors.o)
 .data          0x0000000000091a80        0x0 ../Hello2_bsp//libhal_bsp.a(alt_icache_flush_all.o)
 .data          0x0000000000091a80        0x0 ../Hello2_bsp//libhal_bsp.a(alt_iic.o)
 .data          0x0000000000091a80        0x0 ../Hello2_bsp//libhal_bsp.a(alt_iic_isr_register.o)
 .data          0x0000000000091a80        0x0 ../Hello2_bsp//libhal_bsp.a(alt_io_redirect.o)
 .data          0x0000000000091a80        0x0 ../Hello2_bsp//libhal_bsp.a(alt_irq_entry.o)
 .data          0x0000000000091a80        0x0 ../Hello2_bsp//libhal_bsp.a(alt_irq_handler.o)
 .data          0x0000000000091a80        0x0 ../Hello2_bsp//libhal_bsp.a(alt_open.o)
 .data          0x0000000000091a80        0x0 ../Hello2_bsp//libhal_bsp.a(alt_tick.o)
 .data          0x0000000000091a80        0x0 ../Hello2_bsp//libhal_bsp.a(altera_nios2_gen2_irq.o)
 .data          0x0000000000091a80        0x0 ../Hello2_bsp//libhal_bsp.a(alt_exception_entry.o)
 .data          0x0000000000091a80        0x0 ../Hello2_bsp//libhal_bsp.a(alt_find_dev.o)
 .data          0x0000000000091a80        0x0 ../Hello2_bsp//libhal_bsp.a(alt_find_file.o)
 .data          0x0000000000091a80        0x0 ../Hello2_bsp//libhal_bsp.a(alt_get_fd.o)
 .data          0x0000000000091a80        0x0 ../Hello2_bsp//libhal_bsp.a(alt_instruction_exception_entry.o)
 .data          0x0000000000091a80        0x0 /home/sabrina/intelFPGA_lite/18.0/nios2eds/bin/gnu/H-x86_64-pc-linux-gnu/bin/../lib/gcc/nios2-elf/5.3.0/../../../../../H-x86_64-pc-linux-gnu/nios2-elf/lib/mno-hw-mul/libc.a(lib_a-atexit.o)
 .data          0x0000000000091a80        0x0 /home/sabrina/intelFPGA_lite/18.0/nios2eds/bin/gnu/H-x86_64-pc-linux-gnu/bin/../lib/gcc/nios2-elf/5.3.0/../../../../../H-x86_64-pc-linux-gnu/nios2-elf/lib/mno-hw-mul/libc.a(lib_a-exit.o)
 .data          0x0000000000091a80        0x0 /home/sabrina/intelFPGA_lite/18.0/nios2eds/bin/gnu/H-x86_64-pc-linux-gnu/bin/../lib/gcc/nios2-elf/5.3.0/../../../../../H-x86_64-pc-linux-gnu/nios2-elf/lib/mno-hw-mul/libc.a(lib_a-memcmp.o)
 .data          0x0000000000091a80        0x0 /home/sabrina/intelFPGA_lite/18.0/nios2eds/bin/gnu/H-x86_64-pc-linux-gnu/bin/../lib/gcc/nios2-elf/5.3.0/../../../../../H-x86_64-pc-linux-gnu/nios2-elf/lib/mno-hw-mul/libc.a(lib_a-__atexit.o)
 .data          0x0000000000091a80        0x0 /home/sabrina/intelFPGA_lite/18.0/nios2eds/bin/gnu/H-x86_64-pc-linux-gnu/bin/../lib/gcc/nios2-elf/5.3.0/../../../../../H-x86_64-pc-linux-gnu/nios2-elf/lib/mno-hw-mul/libc.a(lib_a-__call_atexit.o)
 .data          0x0000000000091a80        0x0 ../Hello2_bsp//libhal_bsp.a(alt_exit.o)
                0x0000000000099a80                _gp = ABSOLUTE ((. + 0x8000))
                [!provide]                        PROVIDE (gp, _gp)
 *(.rwdata .rwdata.*)
 *(.sdata .sdata.* .gnu.linkonce.s.*)
 .sdata         0x0000000000091a80        0x4 obj/default/hello_world.o
                0x0000000000091a80                flag
 .sdata._global_impure_ptr
                0x0000000000091a84        0x4 /home/sabrina/intelFPGA_lite/18.0/nios2eds/bin/gnu/H-x86_64-pc-linux-gnu/bin/../lib/gcc/nios2-elf/5.3.0/../../../../../H-x86_64-pc-linux-gnu/nios2-elf/lib/mno-hw-mul/libc.a(lib_a-impure.o)
                0x0000000000091a84                _global_impure_ptr
 .sdata._impure_ptr
                0x0000000000091a88        0x4 /home/sabrina/intelFPGA_lite/18.0/nios2eds/bin/gnu/H-x86_64-pc-linux-gnu/bin/../lib/gcc/nios2-elf/5.3.0/../../../../../H-x86_64-pc-linux-gnu/nios2-elf/lib/mno-hw-mul/libc.a(lib_a-impure.o)
                0x0000000000091a88                _impure_ptr
 .sdata.__mb_cur_max
                0x0000000000091a8c        0x4 /home/sabrina/intelFPGA_lite/18.0/nios2eds/bin/gnu/H-x86_64-pc-linux-gnu/bin/../lib/gcc/nios2-elf/5.3.0/../../../../../H-x86_64-pc-linux-gnu/nios2-elf/lib/mno-hw-mul/libc.a(lib_a-locale.o)
                0x0000000000091a8c                __mb_cur_max
 .sdata.__malloc_sbrk_base
                0x0000000000091a90        0x4 /home/sabrina/intelFPGA_lite/18.0/nios2eds/bin/gnu/H-x86_64-pc-linux-gnu/bin/../lib/gcc/nios2-elf/5.3.0/../../../../../H-x86_64-pc-linux-gnu/nios2-elf/lib/mno-hw-mul/libc.a(lib_a-mallocr.o)
                0x0000000000091a90                __malloc_sbrk_base
 .sdata.__malloc_trim_threshold
                0x0000000000091a94        0x4 /home/sabrina/intelFPGA_lite/18.0/nios2eds/bin/gnu/H-x86_64-pc-linux-gnu/bin/../lib/gcc/nios2-elf/5.3.0/../../../../../H-x86_64-pc-linux-gnu/nios2-elf/lib/mno-hw-mul/libc.a(lib_a-mallocr.o)
                0x0000000000091a94                __malloc_trim_threshold
 .sdata.__wctomb
                0x0000000000091a98        0x4 /home/sabrina/intelFPGA_lite/18.0/nios2eds/bin/gnu/H-x86_64-pc-linux-gnu/bin/../lib/gcc/nios2-elf/5.3.0/../../../../../H-x86_64-pc-linux-gnu/nios2-elf/lib/mno-hw-mul/libc.a(lib_a-wctomb_r.o)
                0x0000000000091a98                __wctomb
 .sdata         0x0000000000091a9c       0x14 ../Hello2_bsp//libhal_bsp.a(alt_dev.o)
                0x0000000000091a9c                alt_fs_list
                0x0000000000091aa4                alt_dev_list
                0x0000000000091aac                alt_max_fd
 .sdata         0x0000000000091ab0        0x4 ../Hello2_bsp//libhal_bsp.a(alt_errno.o)
                0x0000000000091ab0                alt_errno
 .sdata         0x0000000000091ab4        0x4 ../Hello2_bsp//libhal_bsp.a(alt_irq_vars.o)
                0x0000000000091ab4                alt_priority_mask
 .sdata         0x0000000000091ab8        0x4 ../Hello2_bsp//libhal_bsp.a(alt_sbrk.o)
 .sdata         0x0000000000091abc        0x8 ../Hello2_bsp//libhal_bsp.a(alt_tick.o)
                0x0000000000091abc                alt_alarm_list
 *(.sdata2 .sdata2.* .gnu.linkonce.s2.*)
                0x0000000000091ac4                . = ALIGN (0x4)
                0x0000000000091ac4                _edata = ABSOLUTE (.)
                [!provide]                        PROVIDE (edata, ABSOLUTE (.))
                0x0000000000091ac4                PROVIDE (__ram_rwdata_end, ABSOLUTE (.))
                0x0000000000091ac4                PROVIDE (__flash_rwdata_start, LOADADDR (.rwdata))

.bss            0x00000000000935b4      0x164
                0x00000000000935b4                __bss_start = ABSOLUTE (.)
                [!provide]                        PROVIDE (__sbss_start, ABSOLUTE (.))
                [!provide]                        PROVIDE (___sbss_start, ABSOLUTE (.))
 *(.dynsbss)
 *(.sbss .sbss.* .gnu.linkonce.sb.*)
 .sbss          0x00000000000935b4        0x4 obj/default/hello_world.o
                0x00000000000935b4                edge_capture
 .sbss._PathLocale
                0x00000000000935b8        0x4 /home/sabrina/intelFPGA_lite/18.0/nios2eds/bin/gnu/H-x86_64-pc-linux-gnu/bin/../lib/gcc/nios2-elf/5.3.0/../../../../../H-x86_64-pc-linux-gnu/nios2-elf/lib/mno-hw-mul/libc.a(lib_a-locale.o)
                0x00000000000935b8                _PathLocale
 .sbss.__mlocale_changed
                0x00000000000935bc        0x4 /home/sabrina/intelFPGA_lite/18.0/nios2eds/bin/gnu/H-x86_64-pc-linux-gnu/bin/../lib/gcc/nios2-elf/5.3.0/../../../../../H-x86_64-pc-linux-gnu/nios2-elf/lib/mno-hw-mul/libc.a(lib_a-locale.o)
                0x00000000000935bc                __mlocale_changed
 .sbss.__nlocale_changed
                0x00000000000935c0        0x4 /home/sabrina/intelFPGA_lite/18.0/nios2eds/bin/gnu/H-x86_64-pc-linux-gnu/bin/../lib/gcc/nios2-elf/5.3.0/../../../../../H-x86_64-pc-linux-gnu/nios2-elf/lib/mno-hw-mul/libc.a(lib_a-locale.o)
                0x00000000000935c0                __nlocale_changed
 .sbss.__malloc_max_total_mem
                0x00000000000935c4        0x4 /home/sabrina/intelFPGA_lite/18.0/nios2eds/bin/gnu/H-x86_64-pc-linux-gnu/bin/../lib/gcc/nios2-elf/5.3.0/../../../../../H-x86_64-pc-linux-gnu/nios2-elf/lib/mno-hw-mul/libc.a(lib_a-mallocr.o)
                0x00000000000935c4                __malloc_max_total_mem
 .sbss.__malloc_max_sbrked_mem
                0x00000000000935c8        0x4 /home/sabrina/intelFPGA_lite/18.0/nios2eds/bin/gnu/H-x86_64-pc-linux-gnu/bin/../lib/gcc/nios2-elf/5.3.0/../../../../../H-x86_64-pc-linux-gnu/nios2-elf/lib/mno-hw-mul/libc.a(lib_a-mallocr.o)
                0x00000000000935c8                __malloc_max_sbrked_mem
 .sbss.__malloc_top_pad
                0x00000000000935cc        0x4 /home/sabrina/intelFPGA_lite/18.0/nios2eds/bin/gnu/H-x86_64-pc-linux-gnu/bin/../lib/gcc/nios2-elf/5.3.0/../../../../../H-x86_64-pc-linux-gnu/nios2-elf/lib/mno-hw-mul/libc.a(lib_a-mallocr.o)
                0x00000000000935cc                __malloc_top_pad
 .sbss          0x00000000000935d0        0x4 /home/sabrina/intelFPGA_lite/18.0/nios2eds/bin/gnu/H-x86_64-pc-linux-gnu/bin/../lib/gcc/nios2-elf/5.3.0/../../../../../H-x86_64-pc-linux-gnu/nios2-elf/lib/mno-hw-mul/libc.a(lib_a-int_errno.o)
                0x00000000000935d0                errno
 .sbss          0x00000000000935d4        0x4 ../Hello2_bsp//libhal_bsp.a(alt_irq_vars.o)
                0x00000000000935d4                alt_irq_active
 .sbss          0x00000000000935d8        0xc ../Hello2_bsp//libhal_bsp.a(alt_main.o)
                0x00000000000935d8                alt_argc
                0x00000000000935dc                alt_argv
                0x00000000000935e0                alt_envp
 .sbss          0x00000000000935e4        0x8 ../Hello2_bsp//libhal_bsp.a(alt_tick.o)
                0x00000000000935e4                _alt_tick_rate
                0x00000000000935e8                _alt_nticks
 .sbss          0x00000000000935ec        0x4 ../Hello2_bsp//libhal_bsp.a(alt_instruction_exception_entry.o)
                0x00000000000935ec                alt_instruction_exception_handler
 *(.sbss2 .sbss2.* .gnu.linkonce.sb2.*)
 *(.scommon)
                [!provide]                        PROVIDE (__sbss_end, ABSOLUTE (.))
                [!provide]                        PROVIDE (___sbss_end, ABSOLUTE (.))
 *(.dynbss)
 *(.bss .bss.* .gnu.linkonce.b.*)
 .bss           0x00000000000935f0        0x0 ../Hello2_bsp//obj/HAL/src/crt0.o
 .bss           0x00000000000935f0        0x0 obj/default/hello_world.o
 .bss           0x00000000000935f0        0x0 /home/sabrina/intelFPGA_lite/18.0/nios2eds/bin/gnu/H-x86_64-pc-linux-gnu/bin/../lib/gcc/nios2-elf/5.3.0/../../../../../H-x86_64-pc-linux-gnu/nios2-elf/lib/mno-hw-mul/libc.a(lib_a-printf.o)
 .bss           0x00000000000935f0        0x0 /home/sabrina/intelFPGA_lite/18.0/nios2eds/bin/gnu/H-x86_64-pc-linux-gnu/bin/../lib/gcc/nios2-elf/5.3.0/../../../../../H-x86_64-pc-linux-gnu/nios2-elf/lib/mno-hw-mul/libc.a(lib_a-puts.o)
 .bss           0x00000000000935f0        0x0 /home/sabrina/intelFPGA_lite/18.0/nios2eds/bin/gnu/H-x86_64-pc-linux-gnu/bin/../lib/gcc/nios2-elf/5.3.0/../../../../../H-x86_64-pc-linux-gnu/nios2-elf/lib/mno-hw-mul/libc.a(lib_a-strlen.o)
 .bss           0x00000000000935f0        0x0 /home/sabrina/intelFPGA_lite/18.0/nios2eds/bin/gnu/H-x86_64-pc-linux-gnu/bin/../lib/gcc/nios2-elf/5.3.0/../../../../../H-x86_64-pc-linux-gnu/nios2-elf/lib/mno-hw-mul/libc.a(lib_a-vfprintf.o)
 .bss           0x00000000000935f0        0x0 /home/sabrina/intelFPGA_lite/18.0/nios2eds/bin/gnu/H-x86_64-pc-linux-gnu/bin/../lib/gcc/nios2-elf/5.3.0/../../../../../H-x86_64-pc-linux-gnu/nios2-elf/lib/mno-hw-mul/libc.a(lib_a-wsetup.o)
 .bss           0x00000000000935f0        0x0 /home/sabrina/intelFPGA_lite/18.0/nios2eds/bin/gnu/H-x86_64-pc-linux-gnu/bin/../lib/gcc/nios2-elf/5.3.0/../../../../../H-x86_64-pc-linux-gnu/nios2-elf/lib/mno-hw-mul/libc.a(lib_a-dtoa.o)
 .bss           0x00000000000935f0        0x0 /home/sabrina/intelFPGA_lite/18.0/nios2eds/bin/gnu/H-x86_64-pc-linux-gnu/bin/../lib/gcc/nios2-elf/5.3.0/../../../../../H-x86_64-pc-linux-gnu/nios2-elf/lib/mno-hw-mul/libc.a(lib_a-fflush.o)
 .bss           0x00000000000935f0        0x0 /home/sabrina/intelFPGA_lite/18.0/nios2eds/bin/gnu/H-x86_64-pc-linux-gnu/bin/../lib/gcc/nios2-elf/5.3.0/../../../../../H-x86_64-pc-linux-gnu/nios2-elf/lib/mno-hw-mul/libc.a(lib_a-findfp.o)