------------------------------------------------------------
Timing Analyzer Summary
------------------------------------------------------------

Type  : Slow 1100mV 100C Model Setup 'fpga_clk_50'
Slack : 14.105
TNS   : 0.000

Type  : Slow 1100mV 100C Model Hold 'fpga_clk_50'
Slack : 0.437
TNS   : 0.000

Type  : Slow 1100mV 100C Model Minimum Pulse Width 'fpga_clk_50'
Slack : 9.202
TNS   : 0.000

Type  : Slow 1100mV -40C Model Setup 'fpga_clk_50'
Slack : 14.170
TNS   : 0.000

Type  : Slow 1100mV -40C Model Hold 'fpga_clk_50'
Slack : 0.456
TNS   : 0.000

Type  : Slow 1100mV -40C Model Minimum Pulse Width 'fpga_clk_50'
Slack : 9.314
TNS   : 0.000

Type  : Fast 1100mV 100C Model Setup 'fpga_clk_50'
Slack : 17.011
TNS   : 0.000

Type  : Fast 1100mV 100C Model Hold 'fpga_clk_50'
Slack : 0.184
TNS   : 0.000

Type  : Fast 1100mV 100C Model Minimum Pulse Width 'fpga_clk_50'
Slack : 9.111
TNS   : 0.000

Type  : Fast 1100mV -40C Model Setup 'fpga_clk_50'
Slack : 17.386
TNS   : 0.000

Type  : Fast 1100mV -40C Model Hold 'fpga_clk_50'
Slack : 0.173
TNS   : 0.000

Type  : Fast 1100mV -40C Model Minimum Pulse Width 'fpga_clk_50'
Slack : 9.051
TNS   : 0.000

------------------------------------------------------------
